Archive member included to satisfy reference by file (symbol)

E:/Michael/ITI/CppES/msys64/mingw64/bin/../lib/gcc/x86_64-w64-mingw32/11.2.0/libstdc++.dll.a(d006693.o)
                              C:\Users\ALLEWA~1\AppData\Local\Temp\ccyU40s1.o (__gxx_personality_seh0)
E:/Michael/ITI/CppES/msys64/mingw64/bin/../lib/gcc/x86_64-w64-mingw32/11.2.0/libstdc++.dll.a(d005982.o)
                              C:\Users\ALLEWA~1\AppData\Local\Temp\ccyU40s1.o (typeinfo for float)
E:/Michael/ITI/CppES/msys64/mingw64/bin/../lib/gcc/x86_64-w64-mingw32/11.2.0/libstdc++.dll.a(d005637.o)
                              C:\Users\ALLEWA~1\AppData\Local\Temp\ccyU40s1.o (std::basic_istream<char, std::char_traits<char> >& std::operator>><char, std::char_traits<char>, std::allocator<char> >(std::basic_istream<char, std::char_traits<char> >&, std::__cxx11::basic_string<char, std::char_traits<char>, std::allocator<char> >&))
E:/Michael/ITI/CppES/msys64/mingw64/bin/../lib/gcc/x86_64-w64-mingw32/11.2.0/libstdc++.dll.a(d005593.o)
                              C:\Users\ALLEWA~1\AppData\Local\Temp\ccyU40s1.o (std::basic_ostream<char, std::char_traits<char> >& std::operator<< <char, std::char_traits<char>, std::allocator<char> >(std::basic_ostream<char, std::char_traits<char> >&, std::__cxx11::basic_string<char, std::char_traits<char>, std::allocator<char> > const&))
E:/Michael/ITI/CppES/msys64/mingw64/bin/../lib/gcc/x86_64-w64-mingw32/11.2.0/libstdc++.dll.a(d005582.o)
                              C:\Users\ALLEWA~1\AppData\Local\Temp\ccyU40s1.o (std::basic_ostream<char, std::char_traits<char> >& std::operator<< <std::char_traits<char> >(std::basic_ostream<char, std::char_traits<char> >&, char const*))
E:/Michael/ITI/CppES/msys64/mingw64/bin/../lib/gcc/x86_64-w64-mingw32/11.2.0/libstdc++.dll.a(d005463.o)
                              C:\Users\ALLEWA~1\AppData\Local\Temp\ccyU40s1.o (std::basic_ostream<char, std::char_traits<char> >& std::endl<char, std::char_traits<char> >(std::basic_ostream<char, std::char_traits<char> >&))
E:/Michael/ITI/CppES/msys64/mingw64/bin/../lib/gcc/x86_64-w64-mingw32/11.2.0/libstdc++.dll.a(d005462.o)
                              C:\Users\ALLEWA~1\AppData\Local\Temp\ccyU40s1.o (std::cout)
E:/Michael/ITI/CppES/msys64/mingw64/bin/../lib/gcc/x86_64-w64-mingw32/11.2.0/libstdc++.dll.a(d005301.o)
                              C:\Users\ALLEWA~1\AppData\Local\Temp\ccyU40s1.o (std::basic_ios<char, std::char_traits<char> >::clear(std::_Ios_Iostate))
E:/Michael/ITI/CppES/msys64/mingw64/bin/../lib/gcc/x86_64-w64-mingw32/11.2.0/libstdc++.dll.a(d005165.o)
                              C:\Users\ALLEWA~1\AppData\Local\Temp\ccjNtnA0.o (std::ios_base::Init::~Init())
E:/Michael/ITI/CppES/msys64/mingw64/bin/../lib/gcc/x86_64-w64-mingw32/11.2.0/libstdc++.dll.a(d005163.o)
                              C:\Users\ALLEWA~1\AppData\Local\Temp\ccjNtnA0.o (std::ios_base::Init::Init())
E:/Michael/ITI/CppES/msys64/mingw64/bin/../lib/gcc/x86_64-w64-mingw32/11.2.0/libstdc++.dll.a(d004874.o)
                              C:\Users\ALLEWA~1\AppData\Local\Temp\ccyU40s1.o (std::__cxx11::basic_stringstream<char, std::char_traits<char>, std::allocator<char> >::~basic_stringstream())
E:/Michael/ITI/CppES/msys64/mingw64/bin/../lib/gcc/x86_64-w64-mingw32/11.2.0/libstdc++.dll.a(d004866.o)
                              C:\Users\ALLEWA~1\AppData\Local\Temp\ccyU40s1.o (std::__cxx11::basic_stringstream<char, std::char_traits<char>, std::allocator<char> >::basic_stringstream())
E:/Michael/ITI/CppES/msys64/mingw64/bin/../lib/gcc/x86_64-w64-mingw32/11.2.0/libstdc++.dll.a(d004533.o)
                              C:\Users\ALLEWA~1\AppData\Local\Temp\ccyU40s1.o (std::__cxx11::basic_string<char, std::char_traits<char>, std::allocator<char> >::operator+=(std::__cxx11::basic_string<char, std::char_traits<char>, std::allocator<char> > const&))
E:/Michael/ITI/CppES/msys64/mingw64/bin/../lib/gcc/x86_64-w64-mingw32/11.2.0/libstdc++.dll.a(d004532.o)
                              C:\Users\ALLEWA~1\AppData\Local\Temp\ccyU40s1.o (std::__cxx11::basic_string<char, std::char_traits<char>, std::allocator<char> >::operator+=(char const*))
E:/Michael/ITI/CppES/msys64/mingw64/bin/../lib/gcc/x86_64-w64-mingw32/11.2.0/libstdc++.dll.a(d004527.o)
                              C:\Users\ALLEWA~1\AppData\Local\Temp\ccjNtnA0.o (std::__cxx11::basic_string<char, std::char_traits<char>, std::allocator<char> >::operator=(char const*))
E:/Michael/ITI/CppES/msys64/mingw64/bin/../lib/gcc/x86_64-w64-mingw32/11.2.0/libstdc++.dll.a(d004526.o)
                              C:\Users\ALLEWA~1\AppData\Local\Temp\ccyU40s1.o (std::__cxx11::basic_string<char, std::char_traits<char>, std::allocator<char> >::operator=(std::__cxx11::basic_string<char, std::char_traits<char>, std::allocator<char> >&&))
E:/Michael/ITI/CppES/msys64/mingw64/bin/../lib/gcc/x86_64-w64-mingw32/11.2.0/libstdc++.dll.a(d004524.o)
[...]
Memory Configuration

Name             Origin             Length             Attributes
*default*        0x0000000000000000 0xffffffffffffffff

Linker script and memory map

                0x0000000140000000                __image_base__ = 0x140000000
                0x0000000000000000                __dll__ = 0x0
                0x0000000140000000                __ImageBase = 0x140000000
                0x0000000000001000                __section_alignment__ = 0x1000
                0x0000000000000200                __file_alignment__ = 0x200
                0x0000000000000004                __major_os_version__ = 0x4
                0x0000000000000000                __minor_os_version__ = 0x0
                0x0000000000000000                __major_image_version__ = 0x0
                0x0000000000000000                __minor_image_version__ = 0x0
                0x0000000000000005                __major_subsystem_version__ = 0x5
                0x0000000000000002                __minor_subsystem_version__ = 0x2
                0x0000000000000003                __subsystem__ = 0x3
                0x0000000000200000                __size_of_stack_reserve__ = 0x200000
                0x0000000000001000                __size_of_stack_commit__ = 0x1000
                0x0000000000100000                __size_of_heap_reserve__ = 0x100000
                0x0000000000001000                __size_of_heap_commit__ = 0x1000
                0x0000000000000000                __loader_flags__ = 0x0
                0x0000000000000160                __dll_characteristics__ = 0x160
LOAD E:/Michael/ITI/CppES/msys64/mingw64/bin/../lib/gcc/x86_64-w64-mingw32/11.2.0/../../../../x86_64-w64-mingw32/lib/../lib/crt2.o
LOAD E:/Michael/ITI/CppES/msys64/mingw64/bin/../lib/gcc/x86_64-w64-mingw32/11.2.0/crtbegin.o
LOAD C:\Users\ALLEWA~1\AppData\Local\Temp\ccjNtnA0.o
LOAD C:\Users\ALLEWA~1\AppData\Local\Temp\ccyU40s1.o
LOAD E:/Michael/ITI/CppES/msys64/mingw64/bin/../lib/gcc/x86_64-w64-mingw32/11.2.0/libstdc++.dll.a
LOAD E:/Michael/ITI/CppES/msys64/mingw64/bin/../lib/gcc/x86_64-w64-mingw32/11.2.0/../../../../x86_64-w64-mingw32/lib/../lib/libmingw32.a
LOAD E:/Michael/ITI/CppES/msys64/mingw64/bin/../lib/gcc/x86_64-w64-mingw32/11.2.0/libgcc_s.a
LOAD E:/Michael/ITI/CppES/msys64/mingw64/bin/../lib/gcc/x86_64-w64-mingw32/11.2.0/libgcc.a
LOAD E:/Michael/ITI/CppES/msys64/mingw64/bin/../lib/gcc/x86_64-w64-mingw32/11.2.0/../../../../x86_64-w64-mingw32/lib/../lib/libmoldname.a
LOAD E:/Michael/ITI/CppES/msys64/mingw64/bin/../lib/gcc/x86_64-w64-mingw32/11.2.0/../../../../x86_64-w64-mingw32/lib/../lib/libmingwex.a
LOAD E:/Michael/ITI/CppES/msys64/mingw64/bin/../lib/gcc/x86_64-w64-mingw32/11.2.0/../../../../x86_64-w64-mingw32/lib/../lib/libmsvcrt.a
LOAD E:/Michael/ITI/CppES/msys64/mingw64/bin/../lib/gcc/x86_64-w64-mingw32/11.2.0/../../../../x86_64-w64-mingw32/lib/../lib/libkernel32.a
LOAD E:/Michael/ITI/CppES/msys64/mingw64/bin/../lib/gcc/x86_64-w64-mingw32/11.2.0/../../../../x86_64-w64-mingw32/lib/../lib/libpthread.dll.a
LOAD E:/Michael/ITI/CppES/msys64/mingw64/bin/../lib/gcc/x86_64-w64-mingw32/11.2.0/../../../../x86_64-w64-mingw32/lib/../lib/libadvapi32.a
LOAD E:/Michael/ITI/CppES/msys64/mingw64/bin/../lib/gcc/x86_64-w64-mingw32/11.2.0/../../../../x86_64-w64-mingw32/lib/../lib/libshell32.a
LOAD E:/Michael/ITI/CppES/msys64/mingw64/bin/../lib/gcc/x86_64-w64-mingw32/11.2.0/../../../../x86_64-w64-mingw32/lib/../lib/libuser32.a
LOAD E:/Michael/ITI/CppES/msys64/mingw64/bin/../lib/gcc/x86_64-w64-mingw32/11.2.0/../../../../x86_64-w64-mingw32/lib/../lib/libkernel32.a
LOAD E:/Michael/ITI/CppES/msys64/mingw64/bin/../lib/gcc/x86_64-w64-mingw32/11.2.0/../../../../x86_64-w64-mingw32/lib/../lib/libmingw32.a
LOAD E:/Michael/ITI/CppES/msys64/mingw64/bin/../lib/gcc/x86_64-w64-mingw32/11.2.0/libgcc_s.a
LOAD E:/Michael/ITI/CppES/msys64/mingw64/bin/../lib/gcc/x86_64-w64-mingw32/11.2.0/libgcc.a
LOAD E:/Michael/ITI/CppES/msys64/mingw64/bin/../lib/gcc/x86_64-w64-mingw32/11.2.0/../../../../x86_64-w64-mingw32/lib/../lib/libmoldname.a
LOAD E:/Michael/ITI/CppES/msys64/mingw64/bin/../lib/gcc/x86_64-w64-mingw32/11.2.0/../../../../x86_64-w64-mingw32/lib/../lib/libmingwex.a
LOAD E:/Michael/ITI/CppES/msys64/mingw64/bin/../lib/gcc/x86_64-w64-mingw32/11.2.0/../../../../x86_64-w64-mingw32/lib/../lib/libmsvcrt.a
LOAD E:/Michael/ITI/CppES/msys64/mingw64/bin/../lib/gcc/x86_64-w64-mingw32/11.2.0/../../../../x86_64-w64-mingw32/lib/../lib/libkernel32.a
LOAD E:/Michael/ITI/CppES/msys64/mingw64/bin/../lib/gcc/x86_64-w64-mingw32/11.2.0/../../../../x86_64-w64-mingw32/lib/../lib/default-manifest.o
LOAD E:/Michael/ITI/CppES/msys64/mingw64/bin/../lib/gcc/x86_64-w64-mingw32/11.2.0/crtend.o
                0x00000000000004a8                . = SIZEOF_HEADERS
                0x0000000000001000                . = ALIGN (__section_alignment__)

.text           0x0000000140001000     0x4600
 *(SORT_NONE(.init))
 *(.text)
 .text          0x0000000140001000      0x510 E:/Michael/ITI/CppES/msys64/mingw64/bin/../lib/gcc/x86_64-w64-mingw32/11.2.0/../../../../x86_64-w64-mingw32/lib/../lib/crt2.o
                0x00000001400014b0                WinMainCRTStartup
                0x00000001400014d0                mainCRTStartup
                0x00000001400014f0                atexit
 .text          0x0000000140001510       0x20 E:/Michael/ITI/CppES/msys64/mingw64/bin/../lib/gcc/x86_64-w64-mingw32/11.2.0/crtbegin.o
                0x0000000140001510                __gcc_register_frame
                0x0000000140001520                __gcc_deregister_frame
 .text          0x0000000140001530      0x130 C:\Users\ALLEWA~1\AppData\Local\Temp\ccjNtnA0.o
                0x0000000140001530                error_Type(err_status, std::__cxx11::basic_string<char, std::char_traits<char>, std::allocator<char> >&)
 .text          0x0000000140001660      0x140 C:\Users\ALLEWA~1\AppData\Local\Temp\ccyU40s1.o
                0x0000000140001660                main
 .text          0x00000001400017a0        0x8 E:/Michael/ITI/CppES/msys64/mingw64/bin/../lib/gcc/x86_64-w64-mingw32/11.2.0/libstdc++.dll.a(d006693.o)
                0x00000001400017a0                __gxx_personality_seh0
 .text          0x00000001400017a8        0x0 E:/Michael/ITI/CppES/msys64/mingw64/bin/../lib/gcc/x86_64-w64-mingw32/11.2.0/libstdc++.dll.a(d005982.o)
 .text          0x00000001400017a8        0x8 E:/Michael/ITI/CppES/msys64/mingw64/bin/../lib/gcc/x86_64-w64-mingw32/11.2.0/libstdc++.dll.a(d005637.o)
                0x00000001400017a8                std::basic_istream<char, std::char_traits<char> >& std::operator>><char, std::char_traits<char>, std::allocator<char> >(std::basic_istream<char, std::char_traits<char> >&, std::__cxx11::basic_string<char, std::char_traits<char>, std::allocator<char> >&)
 .text          0x00000001400017b0        0x8 E:/Michael/ITI/CppES/msys64/mingw64/bin/../lib/gcc/x86_64-w64-mingw32/11.2.0/libstdc++.dll.a(d005593.o)
                0x00000001400017b0                std::basic_ostream<char, std::char_traits<char> >& std::operator<< <char, std::char_traits<char>, std::allocator<char> >(std::basic_ostream<char, std::char_traits<char> >&, std::__cxx11::basic_string<char, std::char_traits<char>, std::allocator<char> > const&)
 .text          0x00000001400017b8        0x8 E:/Michael/ITI/CppES/msys64/mingw64/bin/../lib/gcc/x86_64-w64-mingw32/11.2.0/libstdc++.dll.a(d005582.o)
                0x00000001400017b8                std::basic_ostream<char, std::char_traits<char> >& std::operator<< <std::char_traits<char> >(std::basic_ostream<char, std::char_traits<char> >&, char const*)
 .text          0x00000001400017c0        0x8 E:/Michael/ITI/CppES/msys64/mingw64/bin/../lib/gcc/x86_64-w64-mingw32/11.2.0/libstdc++.dll.a(d005463.o)
                0x00000001400017c0                std::basic_ostream<char, std::char_traits<char> >& std::endl<char, std::char_traits<char> >(std::basic_ostream<char, std::char_traits<char> >&)
 .text          0x00000001400017c8        0x0 E:/Michael/ITI/CppES/msys64/mingw64/bin/../lib/gcc/x86_64-w64-mingw32/11.2.0/libstdc++.dll.a(d005462.o)
 .text          0x00000001400017c8        0x8 E:/Michael/ITI/CppES/msys64/mingw64/bin/../lib/gcc/x86_64-w64-mingw32/11.2.0/libstdc++.dll.a(d005301.o)
                0x00000001400017c8                std::basic_ios<char, std::char_traits<char> >::clear(std::_Ios_Iostate)
 .text          0x00000001400017d0        0x8 E:/Michael/ITI/CppES/msys64/mingw64/bin/../lib/gcc/x86_64-w64-mingw32/11.2.0/libstdc++.dll.a(d005165.o)
                0x00000001400017d0                std::ios_base::Init::~Init()
 .text          0x00000001400017d8        0x8 E:/Michael/ITI/CppES/msys64/mingw64/bin/../lib/gcc/x86_64-w64-mingw32/11.2.0/libstdc++.dll.a(d005163.o)
                0x00000001400017d8                std::ios_base::Init::Init()
 .text          0x00000001400017e0        0x8 E:/Michael/ITI/CppES/msys64/mingw64/bin/../lib/gcc/x86_64-w64-mingw32/11.2.0/libstdc++.dll.a(d004874.o)
                0x00000001400017e0                std::__cxx11::basic_stringstream<char, std::char_traits<char>, std::allocator<char> >::~basic_stringstream()
 .text          0x00000001400017e8        0x8 E:/Michael/ITI/CppES/msys64/mingw64/bin/../lib/gcc/x86_64-w64-mingw32/11.2.0/libstdc++.dll.a(d004866.o)
                0x00000001400017e8                std::__cxx11::basic_stringstream<char, std::char_traits<char>, std::allocator<char> >::basic_stringstream()
 .text          0x00000001400017f0        0x8 E:/Michael/ITI/CppES/msys64/mingw64/bin/../lib/gcc/x86_64-w64-mingw32/11.2.0/libstdc++.dll.a(d004533.o)
                0x00000001400017f0                std::__cxx11::basic_string<char, std::char_traits<char>, std::allocator<char> >::operator+=(std::__cxx11::basic_string<char, std::char_traits<char>, std::allocator<char> > const&)
 .text          0x00000001400017f8        0x8 E:/Michael/ITI/CppES/msys64/mingw64/bin/../lib/gcc/x86_64-w64-mingw32/11.2.0/libstdc++.dll.a(d004532.o)
                0x00000001400017f8                std::__cxx11::basic_string<char, std::char_traits<char>, std::allocator<char> >::operator+=(char const*)
 .text          0x0000000140001800        0x8 E:/Michael/ITI/CppES/msys64/mingw64/bin/../lib/gcc/x86_64-w64-mingw32/11.2.0/libstdc++.dll.a(d004527.o)
                0x0000000140001800                std::__cxx11::basic_string<char, std::char_traits<char>, std::allocator<char> >::operator=(char const*)
 .text          0x0000000140001808        0x8 E:/Michael/ITI/CppES/msys64/mingw64/bin/../lib/gcc/x86_64-w64-mingw32/11.2.0/libstdc++.dll.a(d004526.o)
                0x0000000140001808                std::__cxx11::basic_string<char, std::char_traits<char>, std::allocator<char> >::operator=(std::__cxx11::basic_string<char, std::char_traits<char>, std::allocator<char> >&&)
 .text          0x0000000140001810        0x8 E:/Michael/ITI/CppES/msys64/mingw64/bin/../lib/gcc/x86_64-w64-mingw32/11.2.0/libstdc++.dll.a(d004524.o)
                0x0000000140001810                std::__cxx11::basic_string<char, std::char_traits<char>, std::allocator<char> >::~basic_string()
 .text          0x0000000140001818        0x8 E:/Michael/ITI/CppES/msys64/mingw64/bin/../lib/gcc/x86_64-w64-mingw32/11.2.0/libstdc++.dll.a(d004502.o)
                0x0000000140001818                std::__cxx11::basic_string<char, std::char_traits<char>, std::allocator<char> >::basic_string()
 .text          0x0000000140001820        0x8 E:/Michael/ITI/CppES/msys64/mingw64/bin/../lib/gcc/x86_64-w64-mingw32/11.2.0/libstdc++.dll.a(d004495.o)
                0x0000000140001820                std::__cxx11::basic_string<char, std::char_traits<char>, std::allocator<char> >::basic_string(std::allocator<char> const&)
 .text          0x0000000140001828        0x8 E:/Michael/ITI/CppES/msys64/mingw64/bin/../lib/gcc/x86_64-w64-mingw32/11.2.0/libstdc++.dll.a(d004491.o)
                0x0000000140001828                std::__cxx11::basic_string<char, std::char_traits<char>, std::allocator<char> >::basic_string(std::__cxx11::basic_string<char, std::char_traits<char>, std::allocator<char> >&&)
 .text          0x0000000140001830        0x8 E:/Michael/ITI/CppES/msys64/mingw64/bin/../lib/gcc/x86_64-w64-mingw32/11.2.0/libstdc++.dll.a(d004480.o)
                0x0000000140001830                std::__cxx11::basic_string<char, std::char_traits<char>, std::allocator<char> >::reserve(unsigned long long)
 .text          0x0000000140001838        0x8 E:/Michael/ITI/CppES/msys64/mingw64/bin/../lib/gcc/x86_64-w64-mingw32/11.2.0/libstdc++.dll.a(d004428.o)
                0x0000000140001838                std::__cxx11::basic_string<char, std::char_traits<char>, std::allocator<char> >::append(std::__cxx11::basic_string<char, std::char_traits<char>, std::allocator<char> > const&)
 .text          0x0000000140001840        0x8 E:/Michael/ITI/CppES/msys64/mingw64/bin/../lib/gcc/x86_64-w64-mingw32/11.2.0/libstdc++.dll.a(d004427.o)
                0x0000000140001840                std::__cxx11::basic_string<char, std::char_traits<char>, std::allocator<char> >::append(char const*, unsigned long long)
 .text          0x0000000140001848        0x8 E:/Michael/ITI/CppES/msys64/mingw64/bin/../lib/gcc/x86_64-w64-mingw32/11.2.0/libstdc++.dll.a(d004426.o)
                0x0000000140001848                std::__cxx11::basic_string<char, std::char_traits<char>, std::allocator<char> >::append(char const*)
 .text          0x0000000140001850        0x8 E:/Michael/ITI/CppES/msys64/mingw64/bin/../lib/gcc/x86_64-w64-mingw32/11.2.0/libstdc++.dll.a(d003071.o)
                0x0000000140001850                std::basic_ofstream<char, std::char_traits<char> >::~basic_ofstream()
 .text          0x0000000140001858        0x8 E:/Michael/ITI/CppES/msys64/mingw64/bin/../lib/gcc/x86_64-w64-mingw32/11.2.0/libstdc++.dll.a(d003059.o)
                0x0000000140001858                std::basic_ofstream<char, std::char_traits<char> >::basic_ofstream(char const*, std::_Ios_Openmode)
 .text          0x0000000140001860        0x8 E:/Michael/ITI/CppES/msys64/mingw64/bin/../lib/gcc/x86_64-w64-mingw32/11.2.0/libstdc++.dll.a(d003056.o)
                0x0000000140001860                std::basic_ofstream<char, std::char_traits<char> >::close()
 .text          0x0000000140001868        0x8 E:/Michael/ITI/CppES/msys64/mingw64/bin/../lib/gcc/x86_64-w64-mingw32/11.2.0/libstdc++.dll.a(d001906.o)
                0x0000000140001868                std::ostream::operator<<(unsigned int)
 .text          0x0000000140001870        0x8 E:/Michael/ITI/CppES/msys64/mingw64/bin/../lib/gcc/x86_64-w64-mingw32/11.2.0/libstdc++.dll.a(d001896.o)
                0x0000000140001870                std::ostream::operator<<(std::ostream& (*)(std::ostream&))
 .text          0x0000000140001878        0x8 E:/Michael/ITI/CppES/msys64/mingw64/bin/../lib/gcc/x86_64-w64-mingw32/11.2.0/libstdc++.dll.a(d001642.o)
                0x0000000140001878                std::allocator<char>::~allocator()
 .text          0x0000000140001880        0x8 E:/Michael/ITI/CppES/msys64/mingw64/bin/../lib/gcc/x86_64-w64-mingw32/11.2.0/libstdc++.dll.a(d001638.o)
                0x0000000140001880                std::allocator<char>::allocator(std::allocator<char> const&)
 .text          0x0000000140001888        0x8 E:/Michael/ITI/CppES/msys64/mingw64/bin/../lib/gcc/x86_64-w64-mingw32/11.2.0/libstdc++.dll.a(d001071.o)
                0x0000000140001888                std::__cxx11::basic_string<char, std::char_traits<char>, std::allocator<char> >::size() const
 .text          0x0000000140001890        0x8 E:/Michael/ITI/CppES/msys64/mingw64/bin/../lib/gcc/x86_64-w64-mingw32/11.2.0/libstdc++.dll.a(d001049.o)
                0x0000000140001890                std::__cxx11::basic_string<char, std::char_traits<char>, std::allocator<char> >::get_allocator() const
 *fill*         0x0000000140001898        0x8 
 .text          0x00000001400018a0       0xd0 E:/Michael/ITI/CppES/msys64/mingw64/bin/../lib/gcc/x86_64-w64-mingw32/11.2.0/../../../../x86_64-w64-mingw32/lib/../lib/libmingw32.a(lib64_libmingw32_a-gccmain.o)
                0x00000001400018a0                __do_global_dtors
                0x00000001400018e0                __do_global_ctors
                0x0000000140001950                __main
 .text          0x0000000140001970        0x0 E:/Michael/ITI/CppES/msys64/mingw64/bin/../lib/gcc/x86_64-w64-mingw32/11.2.0/../../../../x86_64-w64-mingw32/lib/../lib/libmingw32.a(lib64_libmingw32_a-natstart.o)
 .text          0x0000000140001970        0x0 E:/Michael/ITI/CppES/msys64/mingw64/bin/../lib/gcc/x86_64-w64-mingw32/11.2.0/../../../../x86_64-w64-mingw32/lib/../lib/libmingw32.a(lib64_libmingw32_a-wildcard.o)
 .text          0x0000000140001970       0x10 E:/Michael/ITI/CppES/msys64/mingw64/bin/../lib/gcc/x86_64-w64-mingw32/11.2.0/../../../../x86_64-w64-mingw32/lib/../lib/libmingw32.a(lib64_libmingw32_a-dllargv.o)
                0x0000000140001970                _setargv
 .text          0x0000000140001980        0x0 E:/Michael/ITI/CppES/msys64/mingw64/bin/../lib/gcc/x86_64-w64-mingw32/11.2.0/../../../../x86_64-w64-mingw32/lib/../lib/libmingw32.a(lib64_libmingw32_a-_newmode.o)
 .text          0x0000000140001980       0xd0 E:/Michael/ITI/CppES/msys64/mingw64/bin/../lib/gcc/x86_64-w64-mingw32/11.2.0/../../../../x86_64-w64-mingw32/lib/../lib/libmingw32.a(lib64_libmingw32_a-tlssup.o)
                0x00000001400019b0                __dyn_tls_init
                0x0000000140001a40                __tlregdtor
 .text          0x0000000140001a50        0x0 E:/Michael/ITI/CppES/msys64/mingw64/bin/../lib/gcc/x86_64-w64-mingw32/11.2.0/../../../../x86_64-w64-mingw32/lib/../lib/libmingw32.a(lib64_libmingw32_a-xncommod.o)
 .text          0x0000000140001a50        0x0 E:/Michael/ITI/CppES/msys64/mingw64/bin/../lib/gcc/x86_64-w64-mingw32/11.2.0/../../../../x86_64-w64-mingw32/lib/../lib/libmingw32.a(lib64_libmingw32_a-cinitexe.o)
 .text          0x0000000140001a50      0x100 E:/Michael/ITI/CppES/msys64/mingw64/bin/../lib/gcc/x86_64-w64-mingw32/11.2.0/../../../../x86_64-w64-mingw32/lib/../lib/libmingw32.a(lib64_libmingw32_a-merr.o)
                0x0000000140001a50                _matherr
 .text          0x0000000140001b50       0x10 E:/Michael/ITI/CppES/msys64/mingw64/bin/../lib/gcc/x86_64-w64-mingw32/11.2.0/../../../../x86_64-w64-mingw32/lib/../lib/libmingw32.a(lib64_libmingw32_a-CRT_fp10.o)
                0x0000000140001b50                fpreset
                0x0000000140001b50                _fpreset
 .text          0x0000000140001b60        0x0 E:/Michael/ITI/CppES/msys64/mingw64/bin/../lib/gcc/x86_64-w64-mingw32/11.2.0/../../../../x86_64-w64-mingw32/lib/../lib/libmingw32.a(lib64_libmingw32_a-mingw_helpers.o)
 .text          0x0000000140001b60      0x520 E:/Michael/ITI/CppES/msys64/mingw64/bin/../lib/gcc/x86_64-w64-mingw32/11.2.0/../../../../x86_64-w64-mingw32/lib/../lib/libmingw32.a(lib64_libmingw32_a-pseudo-reloc.o)
                0x0000000140001d40                _pei386_runtime_relocator
 .text          0x0000000140002080       0x60 E:/Michael/ITI/CppES/msys64/mingw64/bin/../lib/gcc/x86_64-w64-mingw32/11.2.0/../../../../x86_64-w64-mingw32/lib/../lib/libmingw32.a(lib64_libmingw32_a-usermatherr.o)
                0x0000000140002080                __mingw_raise_matherr
                0x00000001400020d0                __mingw_setusermatherr
 .text          0x00000001400020e0        0x0 E:/Michael/ITI/CppES/msys64/mingw64/bin/../lib/gcc/x86_64-w64-mingw32/11.2.0/../../../../x86_64-w64-mingw32/lib/../lib/libmingw32.a(lib64_libmingw32_a-xtxtmode.o)
 .text          0x00000001400020e0      0x1c0 E:/Michael/ITI/CppES/msys64/mingw64/bin/../lib/gcc/x86_64-w64-mingw32/11.2.0/../../../../x86_64-w64-mingw32/lib/../lib/libmingw32.a(lib64_libmingw32_a-crt_handler.o)
                0x00000001400020e0                _gnu_exception_handler
 .text          0x00000001400022a0      0x290 E:/Michael/ITI/CppES/msys64/mingw64/bin/../lib/gcc/x86_64-w64-mingw32/11.2.0/../../../../x86_64-w64-mingw32/lib/../lib/libmingw32.a(lib64_libmingw32_a-tlsthrd.o)
                0x0000000140002320                ___w64_mingwthr_add_key_dtor
                0x00000001400023b0                ___w64_mingwthr_remove_key_dtor
                0x0000000140002440                __mingw_TLScallback
 .text          0x0000000140002530        0x0 E:/Michael/ITI/CppES/msys64/mingw64/bin/../lib/gcc/x86_64-w64-mingw32/11.2.0/../../../../x86_64-w64-mingw32/lib/../lib/libmingw32.a(lib64_libmingw32_a-tlsmcrt.o)
 .text          0x0000000140002530        0x0 E:/Michael/ITI/CppES/msys64/mingw64/bin/../lib/gcc/x86_64-w64-mingw32/11.2.0/../../../../x86_64-w64-mingw32/lib/../lib/libmingw32.a(lib64_libmingw32_a-pseudo-reloc-list.o)
 .text          0x0000000140002530      0x3e0 E:/Michael/ITI/CppES/msys64/mingw64/bin/../lib/gcc/x86_64-w64-mingw32/11.2.0/../../../../x86_64-w64-mingw32/lib/../lib/libmingw32.a(lib64_libmingw32_a-pesect.o)
                0x0000000140002530                _ValidateImageBase
                0x0000000140002560                _FindPESection
                0x00000001400025b0                _FindPESectionByName
                0x0000000140002650                __mingw_GetSectionForAddress
                0x00000001400026d0                __mingw_GetSectionCount
                0x0000000140002710                _FindPESectionExec
                0x0000000140002780                _GetPEImageBase
                0x00000001400027c0                _IsNonwritableInCurrentImage
                0x0000000140002850                __mingw_enum_import_library_names
 .text          0x0000000140002910        0x8 E:/Michael/ITI/CppES/msys64/mingw64/bin/../lib/gcc/x86_64-w64-mingw32/11.2.0/libgcc_s.a(d000015.o)
                0x0000000140002910                _Unwind_Resume
 *fill*         0x0000000140002918        0x8 
 .text          0x0000000140002920       0x40 E:/Michael/ITI/CppES/msys64/mingw64/bin/../lib/gcc/x86_64-w64-mingw32/11.2.0/libgcc.a(_chkstk_ms.o)
                0x0000000140002920                ___chkstk_ms
 .text          0x0000000140002960        0x0 E:/Michael/ITI/CppES/msys64/mingw64/bin/../lib/gcc/x86_64-w64-mingw32/11.2.0/libgcc.a(_ctors.o)
 .text          0x0000000140002960        0x0 E:/Michael/ITI/CppES/msys64/mingw64/bin/../lib/gcc/x86_64-w64-mingw32/11.2.0/../../../../x86_64-w64-mingw32/lib/../lib/libmingwex.a(lib64_libmingwex_a-mingw_matherr.o)
 .text          0x0000000140002960       0x10 E:/Michael/ITI/CppES/msys64/mingw64/bin/../lib/gcc/x86_64-w64-mingw32/11.2.0/../../../../x86_64-w64-mingw32/lib/../lib/libmsvcrt.a(lib64_libmsvcrt_extra_a-__p__fmode.o)
                0x0000000140002960                __p__fmode
 .text          0x0000000140002970       0x10 E:/Michael/ITI/CppES/msys64/mingw64/bin/../lib/gcc/x86_64-w64-mingw32/11.2.0/../../../../x86_64-w64-mingw32/lib/../lib/libmsvcrt.a(lib64_libmsvcrt_extra_a-__p__commode.o)
                0x0000000140002970                __p__commode
 .text          0x0000000140002980       0x10 E:/Michael/ITI/CppES/msys64/mingw64/bin/../lib/gcc/x86_64-w64-mingw32/11.2.0/../../../../x86_64-w64-mingw32/lib/../lib/libmsvcrt.a(lib64_libmsvcrt_extra_a-__p__acmdln.o)
                0x0000000140002980                __p__acmdln
 .text          0x0000000140002990       0x20 E:/Michael/ITI/CppES/msys64/mingw64/bin/../lib/gcc/x86_64-w64-mingw32/11.2.0/../../../../x86_64-w64-mingw32/lib/../lib/libmsvcrt.a(lib64_libmsvcrt_extra_a-invalid_parameter_handler.o)
                0x0000000140002990                _get_invalid_parameter_handler
                0x00000001400029a0                _set_invalid_parameter_handler
 .text          0x00000001400029b0       0x20 E:/Michael/ITI/CppES/msys64/mingw64/bin/../lib/gcc/x86_64-w64-mingw32/11.2.0/../../../../x86_64-w64-mingw32/lib/../lib/libmsvcrt.a(lib64_libmsvcrt_common_a-acrt_iob_func.o)
                0x00000001400029b0                __acrt_iob_func
 .text          0x00000001400029d0        0x8 E:/Michael/ITI/CppES/msys64/mingw64/bin/../lib/gcc/x86_64-w64-mingw32/11.2.0/../../../../x86_64-w64-mingw32/lib/../lib/libmsvcrt.a(libmsvcrt_defs00055.o)
                0x00000001400029d0                __C_specific_handler
 .text          0x00000001400029d8        0x8 E:/Michael/ITI/CppES/msys64/mingw64/bin/../lib/gcc/x86_64-w64-mingw32/11.2.0/../../../../x86_64-w64-mingw32/lib/../lib/libmsvcrt.a(libmsvcrt_defs00081.o)
                0x00000001400029d8                __getmainargs
 .text          0x00000001400029e0        0x0 E:/Michael/ITI/CppES/msys64/mingw64/bin/../lib/gcc/x86_64-w64-mingw32/11.2.0/../../../../x86_64-w64-mingw32/lib/../lib/libmsvcrt.a(libmsvcrt_defs00082.o)
 .text          0x00000001400029e0        0x8 E:/Michael/ITI/CppES/msys64/mingw64/bin/../lib/gcc/x86_64-w64-mingw32/11.2.0/../../../../x86_64-w64-mingw32/lib/../lib/libmsvcrt.a(libmsvcrt_defs00083.o)
                0x00000001400029e0                __iob_func
 .text          0x00000001400029e8        0x8 E:/Michael/ITI/CppES/msys64/mingw64/bin/../lib/gcc/x86_64-w64-mingw32/11.2.0/../../../../x86_64-w64-mingw32/lib/../lib/libmsvcrt.a(libmsvcrt_defs00097.o)
                0x00000001400029e8                __set_app_type
 .text          0x00000001400029f0        0x8 E:/Michael/ITI/CppES/msys64/mingw64/bin/../lib/gcc/x86_64-w64-mingw32/11.2.0/../../../../x86_64-w64-mingw32/lib/../lib/libmsvcrt.a(libmsvcrt_defs00099.o)
                0x00000001400029f0                __setusermatherr
 .text          0x00000001400029f8        0x0 E:/Michael/ITI/CppES/msys64/mingw64/bin/../lib/gcc/x86_64-w64-mingw32/11.2.0/../../../../x86_64-w64-mingw32/lib/../lib/libmsvcrt.a(libmsvcrt_defs00116.o)
 .text          0x00000001400029f8        0x8 E:/Michael/ITI/CppES/msys64/mingw64/bin/../lib/gcc/x86_64-w64-mingw32/11.2.0/../../../../x86_64-w64-mingw32/lib/../lib/libmsvcrt.a(libmsvcrt_defs00123.o)
                0x00000001400029f8                _amsg_exit
 .text          0x0000000140002a00        0x8 E:/Michael/ITI/CppES/msys64/mingw64/bin/../lib/gcc/x86_64-w64-mingw32/11.2.0/../../../../x86_64-w64-mingw32/lib/../lib/libmsvcrt.a(libmsvcrt_defs00141.o)
                0x0000000140002a00                _cexit
 .text          0x0000000140002a08        0x0 E:/Michael/ITI/CppES/msys64/mingw64/bin/../lib/gcc/x86_64-w64-mingw32/11.2.0/../../../../x86_64-w64-mingw32/lib/../lib/libmsvcrt.a(libmsvcrt_defs00157.o)
 .text          0x0000000140002a08        0x0 E:/Michael/ITI/CppES/msys64/mingw64/bin/../lib/gcc/x86_64-w64-mingw32/11.2.0/../../../../x86_64-w64-mingw32/lib/../lib/libmsvcrt.a(libmsvcrt_defs00254.o)
 .text          0x0000000140002a08        0x8 E:/Michael/ITI/CppES/msys64/mingw64/bin/../lib/gcc/x86_64-w64-mingw32/11.2.0/../../../../x86_64-w64-mingw32/lib/../lib/libmsvcrt.a(libmsvcrt_defs00332.o)
                0x0000000140002a08                _initterm
 .text          0x0000000140002a10        0x8 E:/Michael/ITI/CppES/msys64/mingw64/bin/../lib/gcc/x86_64-w64-mingw32/11.2.0/../../../../x86_64-w64-mingw32/lib/../lib/libmsvcrt.a(libmsvcrt_defs00614.o)
                0x0000000140002a10                _onexit
 .text          0x0000000140002a18        0x8 E:/Michael/ITI/CppES/msys64/mingw64/bin/../lib/gcc/x86_64-w64-mingw32/11.2.0/../../../../x86_64-w64-mingw32/lib/../lib/libmsvcrt.a(libmsvcrt_defs01038.o)
                0x0000000140002a18                abort
 .text          0x0000000140002a20        0x8 E:/Michael/ITI/CppES/msys64/mingw64/bin/../lib/gcc/x86_64-w64-mingw32/11.2.0/../../../../x86_64-w64-mingw32/lib/../lib/libmsvcrt.a(libmsvcrt_defs01056.o)
                0x0000000140002a20                calloc
 .text          0x0000000140002a28        0x8 E:/Michael/ITI/CppES/msys64/mingw64/bin/../lib/gcc/x86_64-w64-mingw32/11.2.0/../../../../x86_64-w64-mingw32/lib/../lib/libmsvcrt.a(libmsvcrt_defs01069.o)
                0x0000000140002a28                exit
 .text          0x0000000140002a30        0x8 E:/Michael/ITI/CppES/msys64/mingw64/bin/../lib/gcc/x86_64-w64-mingw32/11.2.0/../../../../x86_64-w64-mingw32/lib/../lib/libmsvcrt.a(libmsvcrt_defs01090.o)
                0x0000000140002a30                fprintf
 .text          0x0000000140002a38        0x8 E:/Michael/ITI/CppES/msys64/mingw64/bin/../lib/gcc/x86_64-w64-mingw32/11.2.0/../../../../x86_64-w64-mingw32/lib/../lib/libmsvcrt.a(libmsvcrt_defs01097.o)
                0x0000000140002a38                free
 .text          0x0000000140002a40        0x8 E:/Michael/ITI/CppES/msys64/mingw64/bin/../lib/gcc/x86_64-w64-mingw32/11.2.0/../../../../x86_64-w64-mingw32/lib/../lib/libmsvcrt.a(libmsvcrt_defs01110.o)
                0x0000000140002a40                fwrite
 .text          0x0000000140002a48        0x8 E:/Michael/ITI/CppES/msys64/mingw64/bin/../lib/gcc/x86_64-w64-mingw32/11.2.0/../../../../x86_64-w64-mingw32/lib/../lib/libmsvcrt.a(libmsvcrt_defs01158.o)
                0x0000000140002a48                malloc
 .text          0x0000000140002a50        0x8 E:/Michael/ITI/CppES/msys64/mingw64/bin/../lib/gcc/x86_64-w64-mingw32/11.2.0/../../../../x86_64-w64-mingw32/lib/../lib/libmsvcrt.a(libmsvcrt_defs01166.o)
                0x0000000140002a50                memcpy
 .text          0x0000000140002a58        0x8 E:/Michael/ITI/CppES/msys64/mingw64/bin/../lib/gcc/x86_64-w64-mingw32/11.2.0/../../../../x86_64-w64-mingw32/lib/../lib/libmsvcrt.a(libmsvcrt_defs01198.o)
                0x0000000140002a58                signal
 .text          0x0000000140002a60        0x8 E:/Michael/ITI/CppES/msys64/mingw64/bin/../lib/gcc/x86_64-w64-mingw32/11.2.0/../../../../x86_64-w64-mingw32/lib/../lib/libmsvcrt.a(libmsvcrt_defs01221.o)
                0x0000000140002a60                strlen
 .text          0x0000000140002a68        0x8 E:/Michael/ITI/CppES/msys64/mingw64/bin/../lib/gcc/x86_64-w64-mingw32/11.2.0/../../../../x86_64-w64-mingw32/lib/../lib/libmsvcrt.a(libmsvcrt_defs01224.o)
                0x0000000140002a68                strncmp
 .text          0x0000000140002a70        0x8 E:/Michael/ITI/CppES/msys64/mingw64/bin/../lib/gcc/x86_64-w64-mingw32/11.2.0/../../../../x86_64-w64-mingw32/lib/../lib/libmsvcrt.a(libmsvcrt_defs01259.o)
                0x0000000140002a70                vfprintf
 *fill*         0x0000000140002a78        0x8 
 .text          0x0000000140002a80        0x0 E:/Michael/ITI/CppES/msys64/mingw64/bin/../lib/gcc/x86_64-w64-mingw32/11.2.0/../../../../x86_64-w64-mingw32/lib/../lib/libmsvcrt.a(libmsvcrt_defh.o)
 .text          0x0000000140002a80        0x0 E:/Michael/ITI/CppES/msys64/mingw64/bin/../lib/gcc/x86_64-w64-mingw32/11.2.0/../../../../x86_64-w64-mingw32/lib/../lib/libmsvcrt.a(libmsvcrt_deft.o)
 .text          0x0000000140002a80        0x8 E:/Michael/ITI/CppES/msys64/mingw64/bin/../lib/gcc/x86_64-w64-mingw32/11.2.0/../../../../x86_64-w64-mingw32/lib/../lib/libkernel32.a(libkernel32s01493.o)
                0x0000000140002a80                VirtualQuery
 .text          0x0000000140002a88        0x8 E:/Michael/ITI/CppES/msys64/mingw64/bin/../lib/gcc/x86_64-w64-mingw32/11.2.0/../../../../x86_64-w64-mingw32/lib/../lib/libkernel32.a(libkernel32s01491.o)
                0x0000000140002a88                VirtualProtect
 .text          0x0000000140002a90        0x8 E:/Michael/ITI/CppES/msys64/mingw64/bin/../lib/gcc/x86_64-w64-mingw32/11.2.0/../../../../x86_64-w64-mingw32/lib/../lib/libkernel32.a(libkernel32s01444.o)
                0x0000000140002a90                TlsGetValue
 .text          0x0000000140002a98        0x8 E:/Michael/ITI/CppES/msys64/mingw64/bin/../lib/gcc/x86_64-w64-mingw32/11.2.0/../../../../x86_64-w64-mingw32/lib/../lib/libkernel32.a(libkernel32s01409.o)
                0x0000000140002a98                Sleep
 .text          0x0000000140002aa0        0x8 E:/Michael/ITI/CppES/msys64/mingw64/bin/../lib/gcc/x86_64-w64-mingw32/11.2.0/../../../../x86_64-w64-mingw32/lib/../lib/libkernel32.a(libkernel32s01393.o)
                0x0000000140002aa0                SetUnhandledExceptionFilter
 .text          0x0000000140002aa8        0x8 E:/Michael/ITI/CppES/msys64/mingw64/bin/../lib/gcc/x86_64-w64-mingw32/11.2.0/../../../../x86_64-w64-mingw32/lib/../lib/libkernel32.a(libkernel32s00983.o)
                0x0000000140002aa8                LeaveCriticalSection
 .text          0x0000000140002ab0        0x8 E:/Michael/ITI/CppES/msys64/mingw64/bin/../lib/gcc/x86_64-w64-mingw32/11.2.0/../../../../x86_64-w64-mingw32/lib/../lib/libkernel32.a(libkernel32s00891.o)
                0x0000000140002ab0                InitializeCriticalSection
 .text          0x0000000140002ab8        0x8 E:/Michael/ITI/CppES/msys64/mingw64/bin/../lib/gcc/x86_64-w64-mingw32/11.2.0/../../../../x86_64-w64-mingw32/lib/../lib/libkernel32.a(libkernel32s00742.o)
                0x0000000140002ab8                GetStartupInfoA
 .text          0x0000000140002ac0        0x8 E:/Michael/ITI/CppES/msys64/mingw64/bin/../lib/gcc/x86_64-w64-mingw32/11.2.0/../../../../x86_64-w64-mingw32/lib/../lib/libkernel32.a(libkernel32s00629.o)
                0x0000000140002ac0                GetLastError
 .text          0x0000000140002ac8        0x8 E:/Michael/ITI/CppES/msys64/mingw64/bin/../lib/gcc/x86_64-w64-mingw32/11.2.0/../../../../x86_64-w64-mingw32/lib/../lib/libkernel32.a(libkernel32s00318.o)
                0x0000000140002ac8                EnterCriticalSection
 .text          0x0000000140002ad0        0x8 E:/Michael/ITI/CppES/msys64/mingw64/bin/../lib/gcc/x86_64-w64-mingw32/11.2.0/../../../../x86_64-w64-mingw32/lib/../lib/libkernel32.a(libkernel32s00282.o)
                0x0000000140002ad0                DeleteCriticalSection
 *fill*         0x0000000140002ad8        0x8 
 .text          0x0000000140002ae0        0x0 E:/Michael/ITI/CppES/msys64/mingw64/bin/../lib/gcc/x86_64-w64-mingw32/11.2.0/../../../../x86_64-w64-mingw32/lib/../lib/libkernel32.a(libkernel32h.o)
 .text          0x0000000140002ae0        0x0 E:/Michael/ITI/CppES/msys64/mingw64/bin/../lib/gcc/x86_64-w64-mingw32/11.2.0/../../../../x86_64-w64-mingw32/lib/../lib/libkernel32.a(libkernel32t.o)
 .text          0x0000000140002ae0        0x0 E:/Michael/ITI/CppES/msys64/mingw64/bin/../lib/gcc/x86_64-w64-mingw32/11.2.0/crtend.o
 *(SORT_BY_NAME(.text$*))
 .text$_Z4testItEb10permissionh
                0x0000000140002ae0     0x2250 C:\Users\ALLEWA~1\AppData\Local\Temp\ccyU40s1.o
                0x0000000140002ae0                bool test<unsigned short>(permission, unsigned char)
 .text$_ZN15register_DriverItE13setPermissionE10permissionbh
                0x0000000140004d30      0x1e0 C:\Users\ALLEWA~1\AppData\Local\Temp\ccyU40s1.o
                0x0000000140004d30                register_Driver<unsigned short>::setPermission(permission, bool, unsigned char)
 .text$_ZN15register_DriverItE16getRegisterValueERt
                0x0000000140004f10       0x50 C:\Users\ALLEWA~1\AppData\Local\Temp\ccyU40s1.o
                0x0000000140004f10                register_Driver<unsigned short>::getRegisterValue(unsigned short&)
 .text$_ZN15register_DriverItE16setRegisterValueEt
                0x0000000140004f60       0x50 C:\Users\ALLEWA~1\AppData\Local\Temp\ccyU40s1.o
                0x0000000140004f60                register_Driver<unsigned short>::setRegisterValue(unsigned short)
 .text$_ZN15register_DriverItE6getBitEtRh
                0x0000000140004fb0      0x100 C:\Users\ALLEWA~1\AppData\Local\Temp\ccyU40s1.o
                0x0000000140004fb0                register_Driver<unsigned short>::getBit(unsigned short, unsigned char&)
 .text$_ZN15register_DriverItE6setBitEt
                0x00000001400050b0       0xa0 C:\Users\ALLEWA~1\AppData\Local\Temp\ccyU40s1.o
                0x00000001400050b0                register_Driver<unsigned short>::setBit(unsigned short)
 .text$_ZN15register_DriverItE8clearBitEt
                0x0000000140005150       0xa0 C:\Users\ALLEWA~1\AppData\Local\Temp\ccyU40s1.o
                0x0000000140005150                register_Driver<unsigned short>::clearBit(unsigned short)
 .text$_ZN15register_DriverItEC1Et10permission
                0x00000001400051f0       0xc0 C:\Users\ALLEWA~1\AppData\Local\Temp\ccyU40s1.o
                0x00000001400051f0                register_Driver<unsigned short>::register_Driver(unsigned short, permission)
 .text$_ZN15register_DriverItED1Ev
                0x00000001400052b0       0x10 C:\Users\ALLEWA~1\AppData\Local\Temp\ccyU40s1.o
                0x00000001400052b0                register_Driver<unsigned short>::~register_Driver()
 .text$_ZN9__gnu_cxx11char_traitsIcE2eqERKcS3_
                0x00000001400052c0       0x30 C:\Users\ALLEWA~1\AppData\Local\Temp\ccyU40s1.o
                0x00000001400052c0                __gnu_cxx::char_traits<char>::eq(char const&, char const&)
 .text$_ZN9__gnu_cxx11char_traitsIcE6lengthEPKc
                0x00000001400052f0       0x50 C:\Users\ALLEWA~1\AppData\Local\Temp\ccyU40s1.o
                0x00000001400052f0                __gnu_cxx::char_traits<char>::length(char const*)
 .text$_ZN9__gnu_cxx14__alloc_traitsISaIcEcE17_S_select_on_copyERKS1_
                0x0000000140005340       0x30 C:\Users\ALLEWA~1\AppData\Local\Temp\ccyU40s1.o
                0x0000000140005340                __gnu_cxx::__alloc_traits<std::allocator<char>, char>::_S_select_on_copy(std::allocator<char> const&)
 .text$_ZNKSt9type_info4nameEv
                0x0000000140005370       0x30 C:\Users\ALLEWA~1\AppData\Local\Temp\ccyU40s1.o
                0x0000000140005370                std::type_info::name() const
 .text$_ZNSt11char_traitsIcE6lengthEPKc
                0x00000001400053a0       0x40 C:\Users\ALLEWA~1\AppData\Local\Temp\ccyU40s1.o
                0x00000001400053a0                std::char_traits<char>::length(char const*)
 .text$_ZNSt16allocator_traitsISaIcEE37select_on_container_copy_constructionERKS0_
                0x00000001400053e0       0x30 C:\Users\ALLEWA~1\AppData\Local\Temp\ccyU40s1.o
                0x00000001400053e0                std::allocator_traits<std::allocator<char> >::select_on_container_copy_construction(std::allocator<char> const&)
 .text$_ZSt4moveIRNSt7__cxx1112basic_stringIcSt11char_traitsIcESaIcEEEEONSt16remove_referenceIT_E4typeEOS8_
                0x0000000140005410       0x10 C:\Users\ALLEWA~1\AppData\Local\Temp\ccyU40s1.o
                0x0000000140005410                std::remove_reference<std::__cxx11::basic_string<char, std::char_traits<char>, std::allocator<char> >&>::type&& std::move<std::__cxx11::basic_string<char, std::char_traits<char>, std::allocator<char> >&>(std::__cxx11::basic_string<char, std::char_traits<char>, std::allocator<char> >&)
 .text$_ZStplIcSt11char_traitsIcESaIcEENSt7__cxx1112basic_stringIT_T0_T1_EEOS8_PKS5_
                0x0000000140005420       0x50 C:\Users\ALLEWA~1\AppData\Local\Temp\ccyU40s1.o
                0x0000000140005420                std::__cxx11::basic_string<char, std::char_traits<char>, std::allocator<char> > std::operator+<char, std::char_traits<char>, std::allocator<char> >(std::__cxx11::basic_string<char, std::char_traits<char>, std::allocator<char> >&&, char const*)
 .text$_ZStplIcSt11char_traitsIcESaIcEENSt7__cxx1112basic_stringIT_T0_T1_EEPKS5_RKS8_
                0x0000000140005470      0x100 C:\Users\ALLEWA~1\AppData\Local\Temp\ccyU40s1.o
                0x0000000140005470                std::__cxx11::basic_string<char, std::char_traits<char>, std::allocator<char> > std::operator+<char, std::char_traits<char>, std::allocator<char> >(char const*, std::__cxx11::basic_string<char, std::char_traits<char>, std::allocator<char> > const&)
 *(.text.*)
 .text.startup  0x0000000140005570       0x10 E:/Michael/ITI/CppES/msys64/mingw64/bin/../lib/gcc/x86_64-w64-mingw32/11.2.0/crtend.o
 *(.gnu.linkonce.t.*)
 *(.glue_7t)
 *(.glue_7)
                0x0000000140005580                . = ALIGN (0x8)
                0x0000000140005580                ___CTOR_LIST__ = .
                0x0000000140005580                __CTOR_LIST__ = .
                0x0000000140005580        0x4 LONG 0xffffffffffffffff
                0x0000000140005584        0x4 LONG 0xffffffffffffffff
 *(.ctors)
 .ctors         0x0000000140005588        0x8 C:\Users\ALLEWA~1\AppData\Local\Temp\ccjNtnA0.o
 .ctors         0x0000000140005590        0x8 C:\Users\ALLEWA~1\AppData\Local\Temp\ccyU40s1.o
 *(.ctor)
 *(SORT_BY_NAME(.ctors.*))
 .ctors.65535   0x0000000140005598        0x8 E:/Michael/ITI/CppES/msys64/mingw64/bin/../lib/gcc/x86_64-w64-mingw32/11.2.0/crtend.o
                0x00000001400055a0        0x4 LONG 0x0
                0x00000001400055a4        0x4 LONG 0x0
                0x00000001400055a8                ___DTOR_LIST__ = .
                0x00000001400055a8                __DTOR_LIST__ = .
                0x00000001400055a8        0x4 LONG 0xffffffffffffffff
                0x00000001400055ac        0x4 LONG 0xffffffffffffffff
 *(.dtors)
 *(.dtor)
 *(SORT_BY_NAME(.dtors.*))
                0x00000001400055b0        0x4 LONG 0x0
                0x00000001400055b4        0x4 LONG 0x0
 *(SORT_NONE(.fini))
 *(.gcc_exc)
                [!provide]                        PROVIDE (etext = .)
 *(.gcc_except_table)

.data           0x0000000140006000      0x200
                0x0000000140006000                __data_start__ = .
 *(.data)
 .data          0x0000000140006000       0x10 E:/Michael/ITI/CppES/msys64/mingw64/bin/../lib/gcc/x86_64-w64-mingw32/11.2.0/../../../../x86_64-w64-mingw32/lib/../lib/crt2.o
                0x0000000140006000                __mingw_winmain_nShowCmd
 .data          0x0000000140006010        0x0 E:/Michael/ITI/CppES/msys64/mingw64/bin/../lib/gcc/x86_64-w64-mingw32/11.2.0/crtbegin.o
 .data          0x0000000140006010        0x0 C:\Users\ALLEWA~1\AppData\Local\Temp\ccjNtnA0.o
 .data          0x0000000140006010        0x0 C:\Users\ALLEWA~1\AppData\Local\Temp\ccyU40s1.o
 .data          0x0000000140006010       0x10 E:/Michael/ITI/CppES/msys64/mingw64/bin/../lib/gcc/x86_64-w64-mingw32/11.2.0/../../../../x86_64-w64-mingw32/lib/../lib/libmingw32.a(lib64_libmingw32_a-gccmain.o)
 .data          0x0000000140006020       0x10 E:/Michael/ITI/CppES/msys64/mingw64/bin/../lib/gcc/x86_64-w64-mingw32/11.2.0/../../../../x86_64-w64-mingw32/lib/../lib/libmingw32.a(lib64_libmingw32_a-natstart.o)
                0x0000000140006020                __native_vcclrit_reason
                0x0000000140006024                __native_dllmain_reason
 .data          0x0000000140006030       0x10 E:/Michael/ITI/CppES/msys64/mingw64/bin/../lib/gcc/x86_64-w64-mingw32/11.2.0/../../../../x86_64-w64-mingw32/lib/../lib/libmingw32.a(lib64_libmingw32_a-wildcard.o)
                0x0000000140006030                _dowildcard
 .data          0x0000000140006040        0x0 E:/Michael/ITI/CppES/msys64/mingw64/bin/../lib/gcc/x86_64-w64-mingw32/11.2.0/../../../../x86_64-w64-mingw32/lib/../lib/libmingw32.a(lib64_libmingw32_a-dllargv.o)
 .data          0x0000000140006040        0x0 E:/Michael/ITI/CppES/msys64/mingw64/bin/../lib/gcc/x86_64-w64-mingw32/11.2.0/../../../../x86_64-w64-mingw32/lib/../lib/libmingw32.a(lib64_libmingw32_a-_newmode.o)
 .data          0x0000000140006040        0x0 E:/Michael/ITI/CppES/msys64/mingw64/bin/../lib/gcc/x86_64-w64-mingw32/11.2.0/../../../../x86_64-w64-mingw32/lib/../lib/libmingw32.a(lib64_libmingw32_a-tlssup.o)
 .data          0x0000000140006040        0x0 E:/Michael/ITI/CppES/msys64/mingw64/bin/../lib/gcc/x86_64-w64-mingw32/11.2.0/../../../../x86_64-w64-mingw32/lib/../lib/libmingw32.a(lib64_libmingw32_a-xncommod.o)
 .data          0x0000000140006040        0x0 E:/Michael/ITI/CppES/msys64/mingw64/bin/../lib/gcc/x86_64-w64-mingw32/11.2.0/../../../../x86_64-w64-mingw32/lib/../lib/libmingw32.a(lib64_libmingw32_a-cinitexe.o)
 .data          0x0000000140006040        0x0 E:/Michael/ITI/CppES/msys64/mingw64/bin/../lib/gcc/x86_64-w64-mingw32/11.2.0/../../../../x86_64-w64-mingw32/lib/../lib/libmingw32.a(lib64_libmingw32_a-merr.o)
 .data          0x0000000140006040        0x0 E:/Michael/ITI/CppES/msys64/mingw64/bin/../lib/gcc/x86_64-w64-mingw32/11.2.0/../../../../x86_64-w64-mingw32/lib/../lib/libmingw32.a(lib64_libmingw32_a-CRT_fp10.o)
 .data          0x0000000140006040        0x0 E:/Michael/ITI/CppES/msys64/mingw64/bin/../lib/gcc/x86_64-w64-mingw32/11.2.0/../../../../x86_64-w64-mingw32/lib/../lib/libmingw32.a(lib64_libmingw32_a-mingw_helpers.o)
 .data          0x0000000140006040        0x0 E:/Michael/ITI/CppES/msys64/mingw64/bin/../lib/gcc/x86_64-w64-mingw32/11.2.0/../../../../x86_64-w64-mingw32/lib/../lib/libmingw32.a(lib64_libmingw32_a-pseudo-reloc.o)
 .data          0x0000000140006040        0x0 E:/Michael/ITI/CppES/msys64/mingw64/bin/../lib/gcc/x86_64-w64-mingw32/11.2.0/../../../../x86_64-w64-mingw32/lib/../lib/libmingw32.a(lib64_libmingw32_a-usermatherr.o)
 .data          0x0000000140006040        0x0 E:/Michael/ITI/CppES/msys64/mingw64/bin/../lib/gcc/x86_64-w64-mingw32/11.2.0/../../../../x86_64-w64-mingw32/lib/../lib/libmingw32.a(lib64_libmingw32_a-xtxtmode.o)
 .data          0x0000000140006040        0x0 E:/Michael/ITI/CppES/msys64/mingw64/bin/../lib/gcc/x86_64-w64-mingw32/11.2.0/../../../../x86_64-w64-mingw32/lib/../lib/libmingw32.a(lib64_libmingw32_a-crt_handler.o)
 .data          0x0000000140006040        0x0 E:/Michael/ITI/CppES/msys64/mingw64/bin/../lib/gcc/x86_64-w64-mingw32/11.2.0/../../../../x86_64-w64-mingw32/lib/../lib/libmingw32.a(lib64_libmingw32_a-tlsthrd.o)
 .data          0x0000000140006040       0x10 E:/Michael/ITI/CppES/msys64/mingw64/bin/../lib/gcc/x86_64-w64-mingw32/11.2.0/../../../../x86_64-w64-mingw32/lib/../lib/libmingw32.a(lib64_libmingw32_a-tlsmcrt.o)
                0x0000000140006040                _CRT_MT
 .data          0x0000000140006050        0x0 E:/Michael/ITI/CppES/msys64/mingw64/bin/../lib/gcc/x86_64-w64-mingw32/11.2.0/../../../../x86_64-w64-mingw32/lib/../lib/libmingw32.a(lib64_libmingw32_a-pseudo-reloc-list.o)
 .data          0x0000000140006050        0x0 E:/Michael/ITI/CppES/msys64/mingw64/bin/../lib/gcc/x86_64-w64-mingw32/11.2.0/../../../../x86_64-w64-mingw32/lib/../lib/libmingw32.a(lib64_libmingw32_a-pesect.o)
 .data          0x0000000140006050        0x0 E:/Michael/ITI/CppES/msys64/mingw64/bin/../lib/gcc/x86_64-w64-mingw32/11.2.0/libgcc.a(_chkstk_ms.o)
 .data          0x0000000140006050        0x0 E:/Michael/ITI/CppES/msys64/mingw64/bin/../lib/gcc/x86_64-w64-mingw32/11.2.0/libgcc.a(_ctors.o)
 .data          0x0000000140006050       0x10 E:/Michael/ITI/CppES/msys64/mingw64/bin/../lib/gcc/x86_64-w64-mingw32/11.2.0/../../../../x86_64-w64-mingw32/lib/../lib/libmingwex.a(lib64_libmingwex_a-mingw_matherr.o)
                0x0000000140006050                _MINGW_INSTALL_DEBUG_MATHERR
 .data          0x0000000140006060       0x10 E:/Michael/ITI/CppES/msys64/mingw64/bin/../lib/gcc/x86_64-w64-mingw32/11.2.0/../../../../x86_64-w64-mingw32/lib/../lib/libmsvcrt.a(lib64_libmsvcrt_extra_a-__p__fmode.o)
                0x0000000140006060                __imp___p__fmode
 .data          0x0000000140006070       0x10 E:/Michael/ITI/CppES/msys64/mingw64/bin/../lib/gcc/x86_64-w64-mingw32/11.2.0/../../../../x86_64-w64-mingw32/lib/../lib/libmsvcrt.a(lib64_libmsvcrt_extra_a-__p__commode.o)
                0x0000000140006070                __imp___p__commode
 .data          0x0000000140006080       0x10 E:/Michael/ITI/CppES/msys64/mingw64/bin/../lib/gcc/x86_64-w64-mingw32/11.2.0/../../../../x86_64-w64-mingw32/lib/../lib/libmsvcrt.a(lib64_libmsvcrt_extra_a-__p__acmdln.o)
                0x0000000140006080                __imp___p__acmdln
 .data          0x0000000140006090       0x10 E:/Michael/ITI/CppES/msys64/mingw64/bin/../lib/gcc/x86_64-w64-mingw32/11.2.0/../../../../x86_64-w64-mingw32/lib/../lib/libmsvcrt.a(lib64_libmsvcrt_extra_a-invalid_parameter_handler.o)
                0x0000000140006090                __imp__get_invalid_parameter_handler
                0x0000000140006098                __imp__set_invalid_parameter_handler
 .data          0x00000001400060a0       0x10 E:/Michael/ITI/CppES/msys64/mingw64/bin/../lib/gcc/x86_64-w64-mingw32/11.2.0/../../../../x86_64-w64-mingw32/lib/../lib/libmsvcrt.a(lib64_libmsvcrt_common_a-acrt_iob_func.o)
                0x00000001400060a0                __imp___acrt_iob_func
 .data          0x00000001400060b0        0x0 E:/Michael/ITI/CppES/msys64/mingw64/bin/../lib/gcc/x86_64-w64-mingw32/11.2.0/../../../../x86_64-w64-mingw32/lib/../lib/libmsvcrt.a(libmsvcrt_defs00055.o)
 .data          0x00000001400060b0        0x0 E:/Michael/ITI/CppES/msys64/mingw64/bin/../lib/gcc/x86_64-w64-mingw32/11.2.0/../../../../x86_64-w64-mingw32/lib/../lib/libmsvcrt.a(libmsvcrt_defs00081.o)
 .data          0x00000001400060b0        0x0 E:/Michael/ITI/CppES/msys64/mingw64/bin/../lib/gcc/x86_64-w64-mingw32/11.2.0/../../../../x86_64-w64-mingw32/lib/../lib/libmsvcrt.a(libmsvcrt_defs00082.o)
 .data          0x00000001400060b0        0x0 E:/Michael/ITI/CppES/msys64/mingw64/bin/../lib/gcc/x86_64-w64-mingw32/11.2.0/../../../../x86_64-w64-mingw32/lib/../lib/libmsvcrt.a(libmsvcrt_defs00083.o)
 .data          0x00000001400060b0        0x0 E:/Michael/ITI/CppES/msys64/mingw64/bin/../lib/gcc/x86_64-w64-mingw32/11.2.0/../../../../x86_64-w64-mingw32/lib/../lib/libmsvcrt.a(libmsvcrt_defs00097.o)
 .data          0x00000001400060b0        0x0 E:/Michael/ITI/CppES/msys64/mingw64/bin/../lib/gcc/x86_64-w64-mingw32/11.2.0/../../../../x86_64-w64-mingw32/lib/../lib/libmsvcrt.a(libmsvcrt_defs00099.o)
 .data          0x00000001400060b0        0x0 E:/Michael/ITI/CppES/msys64/mingw64/bin/../lib/gcc/x86_64-w64-mingw32/11.2.0/../../../../x86_64-w64-mingw32/lib/../lib/libmsvcrt.a(libmsvcrt_defs00116.o)
 .data          0x00000001400060b0        0x0 E:/Michael/ITI/CppES/msys64/mingw64/bin/../lib/gcc/x86_64-w64-mingw32/11.2.0/../../../../x86_64-w64-mingw32/lib/../lib/libmsvcrt.a(libmsvcrt_defs00123.o)
 .data          0x00000001400060b0        0x0 E:/Michael/ITI/CppES/msys64/mingw64/bin/../lib/gcc/x86_64-w64-mingw32/11.2.0/../../../../x86_64-w64-mingw32/lib/../lib/libmsvcrt.a(libmsvcrt_defs00141.o)
 .data          0x00000001400060b0        0x0 E:/Michael/ITI/CppES/msys64/mingw64/bin/../lib/gcc/x86_64-w64-mingw32/11.2.0/../../../../x86_64-w64-mingw32/lib/../lib/libmsvcrt.a(libmsvcrt_defs00157.o)
 .data          0x00000001400060b0        0x0 E:/Michael/ITI/CppES/msys64/mingw64/bin/../lib/gcc/x86_64-w64-mingw32/11.2.0/../../../../x86_64-w64-mingw32/lib/../lib/libmsvcrt.a(libmsvcrt_defs00254.o)
 .data          0x00000001400060b0        0x0 E:/Michael/ITI/CppES/msys64/mingw64/bin/../lib/gcc/x86_64-w64-mingw32/11.2.0/../../../../x86_64-w64-mingw32/lib/../lib/libmsvcrt.a(libmsvcrt_defs00332.o)
 .data          0x00000001400060b0        0x0 E:/Michael/ITI/CppES/msys64/mingw64/bin/../lib/gcc/x86_64-w64-mingw32/11.2.0/../../../../x86_64-w64-mingw32/lib/../lib/libmsvcrt.a(libmsvcrt_defs00614.o)
 .data          0x00000001400060b0        0x0 E:/Michael/ITI/CppES/msys64/mingw64/bin/../lib/gcc/x86_64-w64-mingw32/11.2.0/../../../../x86_64-w64-mingw32/lib/../lib/libmsvcrt.a(libmsvcrt_defs01038.o)
 .data          0x00000001400060b0        0x0 E:/Michael/ITI/CppES/msys64/mingw64/bin/../lib/gcc/x86_64-w64-mingw32/11.2.0/../../../../x86_64-w64-mingw32/lib/../lib/libmsvcrt.a(libmsvcrt_defs01056.o)
 .data          0x00000001400060b0        0x0 E:/Michael/ITI/CppES/msys64/mingw64/bin/../lib/gcc/x86_64-w64-mingw32/11.2.0/../../../../x86_64-w64-mingw32/lib/../lib/libmsvcrt.a(libmsvcrt_defs01069.o)
 .data          0x00000001400060b0        0x0 E:/Michael/ITI/CppES/msys64/mingw64/bin/../lib/gcc/x86_64-w64-mingw32/11.2.0/../../../../x86_64-w64-mingw32/lib/../lib/libmsvcrt.a(libmsvcrt_defs01090.o)
 .data          0x00000001400060b0        0x0 E:/Michael/ITI/CppES/msys64/mingw64/bin/../lib/gcc/x86_64-w64-mingw32/11.2.0/../../../../x86_64-w64-mingw32/lib/../lib/libmsvcrt.a(libmsvcrt_defs01097.o)
 .data          0x00000001400060b0        0x0 E:/Michael/ITI/CppES/msys64/mingw64/bin/../lib/gcc/x86_64-w64-mingw32/11.2.0/../../../../x86_64-w64-mingw32/lib/../lib/libmsvcrt.a(libmsvcrt_defs01110.o)
 .data          0x00000001400060b0        0x0 E:/Michael/ITI/CppES/msys64/mingw64/bin/../lib/gcc/x86_64-w64-mingw32/11.2.0/../../../../x86_64-w64-mingw32/lib/../lib/libmsvcrt.a(libmsvcrt_defs01158.o)
 .data          0x00000001400060b0        0x0 E:/Michael/ITI/CppES/msys64/mingw64/bin/../lib/gcc/x86_64-w64-mingw32/11.2.0/../../../../x86_64-w64-mingw32/lib/../lib/libmsvcrt.a(libmsvcrt_defs01166.o)
 .data          0x00000001400060b0        0x0 E:/Michael/ITI/CppES/msys64/mingw64/bin/../lib/gcc/x86_64-w64-mingw32/11.2.0/../../../../x86_64-w64-mingw32/lib/../lib/libmsvcrt.a(libmsvcrt_defs01198.o)
 .data          0x00000001400060b0        0x0 E:/Michael/ITI/CppES/msys64/mingw64/bin/../lib/gcc/x86_64-w64-mingw32/11.2.0/../../../../x86_64-w64-mingw32/lib/../lib/libmsvcrt.a(libmsvcrt_defs01221.o)
 .data          0x00000001400060b0        0x0 E:/Michael/ITI/CppES/msys64/mingw64/bin/../lib/gcc/x86_64-w64-mingw32/11.2.0/../../../../x86_64-w64-mingw32/lib/../lib/libmsvcrt.a(libmsvcrt_defs01224.o)
 .data          0x00000001400060b0        0x0 E:/Michael/ITI/CppES/msys64/mingw64/bin/../lib/gcc/x86_64-w64-mingw32/11.2.0/../../../../x86_64-w64-mingw32/lib/../lib/libmsvcrt.a(libmsvcrt_defs01259.o)
 .data          0x00000001400060b0        0x0 E:/Michael/ITI/CppES/msys64/mingw64/bin/../lib/gcc/x86_64-w64-mingw32/11.2.0/../../../../x86_64-w64-mingw32/lib/../lib/libmsvcrt.a(libmsvcrt_defh.o)
 .data          0x00000001400060b0        0x0 E:/Michael/ITI/CppES/msys64/mingw64/bin/../lib/gcc/x86_64-w64-mingw32/11.2.0/../../../../x86_64-w64-mingw32/lib/../lib/libmsvcrt.a(libmsvcrt_deft.o)
 .data          0x00000001400060b0        0x0 E:/Michael/ITI/CppES/msys64/mingw64/bin/../lib/gcc/x86_64-w64-mingw32/11.2.0/../../../../x86_64-w64-mingw32/lib/../lib/libkernel32.a(libkernel32s01493.o)
 .data          0x00000001400060b0        0x0 E:/Michael/ITI/CppES/msys64/mingw64/bin/../lib/gcc/x86_64-w64-mingw32/11.2.0/../../../../x86_64-w64-mingw32/lib/../lib/libkernel32.a(libkernel32s01491.o)
 .data          0x00000001400060b0        0x0 E:/Michael/ITI/CppES/msys64/mingw64/bin/../lib/gcc/x86_64-w64-mingw32/11.2.0/../../../../x86_64-w64-mingw32/lib/../lib/libkernel32.a(libkernel32s01444.o)
 .data          0x00000001400060b0        0x0 E:/Michael/ITI/CppES/msys64/mingw64/bin/../lib/gcc/x86_64-w64-mingw32/11.2.0/../../../../x86_64-w64-mingw32/lib/../lib/libkernel32.a(libkernel32s01409.o)
 .data          0x00000001400060b0        0x0 E:/Michael/ITI/CppES/msys64/mingw64/bin/../lib/gcc/x86_64-w64-mingw32/11.2.0/../../../../x86_64-w64-mingw32/lib/../lib/libkernel32.a(libkernel32s01393.o)
 .data          0x00000001400060b0        0x0 E:/Michael/ITI/CppES/msys64/mingw64/bin/../lib/gcc/x86_64-w64-mingw32/11.2.0/../../../../x86_64-w64-mingw32/lib/../lib/libkernel32.a(libkernel32s00983.o)
 .data          0x00000001400060b0        0x0 E:/Michael/ITI/CppES/msys64/mingw64/bin/../lib/gcc/x86_64-w64-mingw32/11.2.0/../../../../x86_64-w64-mingw32/lib/../lib/libkernel32.a(libkernel32s00891.o)
 .data          0x00000001400060b0        0x0 E:/Michael/ITI/CppES/msys64/mingw64/bin/../lib/gcc/x86_64-w64-mingw32/11.2.0/../../../../x86_64-w64-mingw32/lib/../lib/libkernel32.a(libkernel32s00742.o)
 .data          0x00000001400060b0        0x0 E:/Michael/ITI/CppES/msys64/mingw64/bin/../lib/gcc/x86_64-w64-mingw32/11.2.0/../../../../x86_64-w64-mingw32/lib/../lib/libkernel32.a(libkernel32s00629.o)
 .data          0x00000001400060b0        0x0 E:/Michael/ITI/CppES/msys64/mingw64/bin/../lib/gcc/x86_64-w64-mingw32/11.2.0/../../../../x86_64-w64-mingw32/lib/../lib/libkernel32.a(libkernel32s00318.o)
 .data          0x00000001400060b0        0x0 E:/Michael/ITI/CppES/msys64/mingw64/bin/../lib/gcc/x86_64-w64-mingw32/11.2.0/../../../../x86_64-w64-mingw32/lib/../lib/libkernel32.a(libkernel32s00282.o)
 .data          0x00000001400060b0        0x0 E:/Michael/ITI/CppES/msys64/mingw64/bin/../lib/gcc/x86_64-w64-mingw32/11.2.0/../../../../x86_64-w64-mingw32/lib/../lib/libkernel32.a(libkernel32h.o)
 .data          0x00000001400060b0        0x0 E:/Michael/ITI/CppES/msys64/mingw64/bin/../lib/gcc/x86_64-w64-mingw32/11.2.0/../../../../x86_64-w64-mingw32/lib/../lib/libkernel32.a(libkernel32t.o)
 .data          0x00000001400060b0        0x0 E:/Michael/ITI/CppES/msys64/mingw64/bin/../lib/gcc/x86_64-w64-mingw32/11.2.0/crtend.o
 *(.data2)
 *(SORT_BY_NAME(.data$*))
 *(.jcr)
                0x00000001400060b0                __data_end__ = .
 *(.data_cygwin_nocopy)

.rdata          0x0000000140007000     0x1000
 *(.rdata)
 .rdata         0x0000000140007000       0x30 C:\Users\ALLEWA~1\AppData\Local\Temp\ccjNtnA0.o
 .rdata         0x0000000140007030      0x370 C:\Users\ALLEWA~1\AppData\Local\Temp\ccyU40s1.o
 .rdata         0x00000001400073a0       0x60 E:/Michael/ITI/CppES/msys64/mingw64/bin/../lib/gcc/x86_64-w64-mingw32/11.2.0/../../../../x86_64-w64-mingw32/lib/../lib/libmingw32.a(lib64_libmingw32_a-tlssup.o)
                0x00000001400073a0                __dyn_tls_init_callback
                0x00000001400073c0                _tls_used
 .rdata         0x0000000140007400      0x140 E:/Michael/ITI/CppES/msys64/mingw64/bin/../lib/gcc/x86_64-w64-mingw32/11.2.0/../../../../x86_64-w64-mingw32/lib/../lib/libmingw32.a(lib64_libmingw32_a-merr.o)
 .rdata         0x0000000140007540      0x160 E:/Michael/ITI/CppES/msys64/mingw64/bin/../lib/gcc/x86_64-w64-mingw32/11.2.0/../../../../x86_64-w64-mingw32/lib/../lib/libmingw32.a(lib64_libmingw32_a-pseudo-reloc.o)
 .rdata         0x00000001400076a0       0x30 E:/Michael/ITI/CppES/msys64/mingw64/bin/../lib/gcc/x86_64-w64-mingw32/11.2.0/../../../../x86_64-w64-mingw32/lib/../lib/libmingw32.a(lib64_libmingw32_a-crt_handler.o)
 .rdata         0x00000001400076d0        0x8 ertr000001.o
 *(SORT_BY_NAME(.rdata$*))
 *fill*         0x00000001400076d8        0x8 
 .rdata$.refptr._CRT_MT
                0x00000001400076e0       0x10 E:/Michael/ITI/CppES/msys64/mingw64/bin/../lib/gcc/x86_64-w64-mingw32/11.2.0/../../../../x86_64-w64-mingw32/lib/../lib/libmingw32.a(lib64_libmingw32_a-tlssup.o)
                0x00000001400076e0                .refptr._CRT_MT
 .rdata$.refptr._MINGW_INSTALL_DEBUG_MATHERR
                0x00000001400076f0       0x10 E:/Michael/ITI/CppES/msys64/mingw64/bin/../lib/gcc/x86_64-w64-mingw32/11.2.0/../../../../x86_64-w64-mingw32/lib/../lib/crt2.o
                0x00000001400076f0                .refptr._MINGW_INSTALL_DEBUG_MATHERR
 .rdata$.refptr._ZSt4cout
                0x0000000140007700       0x10 C:\Users\ALLEWA~1\AppData\Local\Temp\ccyU40s1.o
                0x0000000140007700                __fu0__ZSt4cout
                0x0000000140007700                .refptr._ZSt4cout
 .rdata$.refptr._ZSt4endlIcSt11char_traitsIcEERSt13basic_ostreamIT_T0_ES6_
                0x0000000140007710       0x10 C:\Users\ALLEWA~1\AppData\Local\Temp\ccyU40s1.o
                0x0000000140007710                .refptr._ZSt4endlIcSt11char_traitsIcEERSt13basic_ostreamIT_T0_ES6_
 .rdata$.refptr._ZTIf
                0x0000000140007720       0x10 C:\Users\ALLEWA~1\AppData\Local\Temp\ccyU40s1.o
                0x0000000140007720                __fu1__ZTIf
                0x0000000140007720                .refptr._ZTIf
 .rdata$.refptr.__CTOR_LIST__
                0x0000000140007730       0x10 E:/Michael/ITI/CppES/msys64/mingw64/bin/../lib/gcc/x86_64-w64-mingw32/11.2.0/../../../../x86_64-w64-mingw32/lib/../lib/libmingw32.a(lib64_libmingw32_a-gccmain.o)
                0x0000000140007730                .refptr.__CTOR_LIST__
 .rdata$.refptr.__RUNTIME_PSEUDO_RELOC_LIST_END__
                0x0000000140007740       0x10 E:/Michael/ITI/CppES/msys64/mingw64/bin/../lib/gcc/x86_64-w64-mingw32/11.2.0/../../../../x86_64-w64-mingw32/lib/../lib/libmingw32.a(lib64_libmingw32_a-pseudo-reloc.o)
                0x0000000140007740                .refptr.__RUNTIME_PSEUDO_RELOC_LIST_END__
 .rdata$.refptr.__RUNTIME_PSEUDO_RELOC_LIST__
                0x0000000140007750       0x10 E:/Michael/ITI/CppES/msys64/mingw64/bin/../lib/gcc/x86_64-w64-mingw32/11.2.0/../../../../x86_64-w64-mingw32/lib/../lib/libmingw32.a(lib64_libmingw32_a-pseudo-reloc.o)
                0x0000000140007750                .refptr.__RUNTIME_PSEUDO_RELOC_LIST__
 .rdata$.refptr.__dyn_tls_init_callback
                0x0000000140007760       0x10 E:/Michael/ITI/CppES/msys64/mingw64/bin/../lib/gcc/x86_64-w64-mingw32/11.2.0/../../../../x86_64-w64-mingw32/lib/../lib/crt2.o
                0x0000000140007760                .refptr.__dyn_tls_init_callback
 .rdata$.refptr.__image_base__
                0x0000000140007770       0x10 E:/Michael/ITI/CppES/msys64/mingw64/bin/../lib/gcc/x86_64-w64-mingw32/11.2.0/../../../../x86_64-w64-mingw32/lib/../lib/crt2.o
                0x0000000140007770                .refptr.__image_base__
 .rdata$.refptr.__imp___initenv
                0x0000000140007780       0x10 E:/Michael/ITI/CppES/msys64/mingw64/bin/../lib/gcc/x86_64-w64-mingw32/11.2.0/../../../../x86_64-w64-mingw32/lib/../lib/crt2.o
                0x0000000140007780                .refptr.__imp___initenv
 .rdata$.refptr.__imp__acmdln
                0x0000000140007790       0x10 E:/Michael/ITI/CppES/msys64/mingw64/bin/../lib/gcc/x86_64-w64-mingw32/11.2.0/../../../../x86_64-w64-mingw32/lib/../lib/libmsvcrt.a(lib64_libmsvcrt_extra_a-__p__acmdln.o)
                0x0000000140007790                .refptr.__imp__acmdln
 .rdata$.refptr.__imp__commode
                0x00000001400077a0       0x10 E:/Michael/ITI/CppES/msys64/mingw64/bin/../lib/gcc/x86_64-w64-mingw32/11.2.0/../../../../x86_64-w64-mingw32/lib/../lib/libmsvcrt.a(lib64_libmsvcrt_extra_a-__p__commode.o)
                0x00000001400077a0                .refptr.__imp__commode
 .rdata$.refptr.__imp__fmode
                0x00000001400077b0       0x10 E:/Michael/ITI/CppES/msys64/mingw64/bin/../lib/gcc/x86_64-w64-mingw32/11.2.0/../../../../x86_64-w64-mingw32/lib/../lib/libmsvcrt.a(lib64_libmsvcrt_extra_a-__p__fmode.o)
                0x00000001400077b0                .refptr.__imp__fmode
 .rdata$.refptr.__mingw_app_type
                0x00000001400077c0       0x10 E:/Michael/ITI/CppES/msys64/mingw64/bin/../lib/gcc/x86_64-w64-mingw32/11.2.0/../../../../x86_64-w64-mingw32/lib/../lib/crt2.o
                0x00000001400077c0                .refptr.__mingw_app_type
 .rdata$.refptr.__mingw_initltsdrot_force
                0x00000001400077d0       0x10 E:/Michael/ITI/CppES/msys64/mingw64/bin/../lib/gcc/x86_64-w64-mingw32/11.2.0/../../../../x86_64-w64-mingw32/lib/../lib/crt2.o
                0x00000001400077d0                .refptr.__mingw_initltsdrot_force
 .rdata$.refptr.__mingw_initltsdyn_force
                0x00000001400077e0       0x10 E:/Michael/ITI/CppES/msys64/mingw64/bin/../lib/gcc/x86_64-w64-mingw32/11.2.0/../../../../x86_64-w64-mingw32/lib/../lib/crt2.o
                0x00000001400077e0                .refptr.__mingw_initltsdyn_force
 .rdata$.refptr.__mingw_initltssuo_force
                0x00000001400077f0       0x10 E:/Michael/ITI/CppES/msys64/mingw64/bin/../lib/gcc/x86_64-w64-mingw32/11.2.0/../../../../x86_64-w64-mingw32/lib/../lib/crt2.o
                0x00000001400077f0                .refptr.__mingw_initltssuo_force
 .rdata$.refptr.__mingw_oldexcpt_handler
                0x0000000140007800       0x10 E:/Michael/ITI/CppES/msys64/mingw64/bin/../lib/gcc/x86_64-w64-mingw32/11.2.0/../../../../x86_64-w64-mingw32/lib/../lib/crt2.o
                0x0000000140007800                .refptr.__mingw_oldexcpt_handler
 .rdata$.refptr.__native_startup_lock
                0x0000000140007810       0x10 E:/Michael/ITI/CppES/msys64/mingw64/bin/../lib/gcc/x86_64-w64-mingw32/11.2.0/../../../../x86_64-w64-mingw32/lib/../lib/crt2.o
                0x0000000140007810                .refptr.__native_startup_lock
 .rdata$.refptr.__native_startup_state
                0x0000000140007820       0x10 E:/Michael/ITI/CppES/msys64/mingw64/bin/../lib/gcc/x86_64-w64-mingw32/11.2.0/../../../../x86_64-w64-mingw32/lib/../lib/crt2.o
                0x0000000140007820                .refptr.__native_startup_state
 .rdata$.refptr.__xc_a
                0x0000000140007830       0x10 E:/Michael/ITI/CppES/msys64/mingw64/bin/../lib/gcc/x86_64-w64-mingw32/11.2.0/../../../../x86_64-w64-mingw32/lib/../lib/crt2.o
                0x0000000140007830                .refptr.__xc_a
 .rdata$.refptr.__xc_z
                0x0000000140007840       0x10 E:/Michael/ITI/CppES/msys64/mingw64/bin/../lib/gcc/x86_64-w64-mingw32/11.2.0/../../../../x86_64-w64-mingw32/lib/../lib/crt2.o
                0x0000000140007840                .refptr.__xc_z
 .rdata$.refptr.__xi_a
                0x0000000140007850       0x10 E:/Michael/ITI/CppES/msys64/mingw64/bin/../lib/gcc/x86_64-w64-mingw32/11.2.0/../../../../x86_64-w64-mingw32/lib/../lib/crt2.o
                0x0000000140007850                .refptr.__xi_a
 .rdata$.refptr.__xi_z
                0x0000000140007860       0x10 E:/Michael/ITI/CppES/msys64/mingw64/bin/../lib/gcc/x86_64-w64-mingw32/11.2.0/../../../../x86_64-w64-mingw32/lib/../lib/crt2.o
                0x0000000140007860                .refptr.__xi_z
 .rdata$.refptr._commode
                0x0000000140007870       0x10 E:/Michael/ITI/CppES/msys64/mingw64/bin/../lib/gcc/x86_64-w64-mingw32/11.2.0/../../../../x86_64-w64-mingw32/lib/../lib/crt2.o
                0x0000000140007870                .refptr._commode
 .rdata$.refptr._dowildcard
                0x0000000140007880       0x10 E:/Michael/ITI/CppES/msys64/mingw64/bin/../lib/gcc/x86_64-w64-mingw32/11.2.0/../../../../x86_64-w64-mingw32/lib/../lib/crt2.o
                0x0000000140007880                .refptr._dowildcard
 .rdata$.refptr._fmode
                0x0000000140007890       0x10 E:/Michael/ITI/CppES/msys64/mingw64/bin/../lib/gcc/x86_64-w64-mingw32/11.2.0/../../../../x86_64-w64-mingw32/lib/../lib/crt2.o
                0x0000000140007890                .refptr._fmode
 .rdata$.refptr._gnu_exception_handler
                0x00000001400078a0       0x10 E:/Michael/ITI/CppES/msys64/mingw64/bin/../lib/gcc/x86_64-w64-mingw32/11.2.0/../../../../x86_64-w64-mingw32/lib/../lib/crt2.o
                0x00000001400078a0                .refptr._gnu_exception_handler
 .rdata$.refptr._matherr
                0x00000001400078b0       0x10 E:/Michael/ITI/CppES/msys64/mingw64/bin/../lib/gcc/x86_64-w64-mingw32/11.2.0/../../../../x86_64-w64-mingw32/lib/../lib/crt2.o
                0x00000001400078b0                .refptr._matherr
 .rdata$.refptr._newmode
                0x00000001400078c0       0x10 E:/Michael/ITI/CppES/msys64/mingw64/bin/../lib/gcc/x86_64-w64-mingw32/11.2.0/../../../../x86_64-w64-mingw32/lib/../lib/crt2.o
                0x00000001400078c0                .refptr._newmode
 .rdata$zzz     0x00000001400078d0       0x30 E:/Michael/ITI/CppES/msys64/mingw64/bin/../lib/gcc/x86_64-w64-mingw32/11.2.0/../../../../x86_64-w64-mingw32/lib/../lib/crt2.o
 .rdata$zzz     0x0000000140007900       0x30 E:/Michael/ITI/CppES/msys64/mingw64/bin/../lib/gcc/x86_64-w64-mingw32/11.2.0/crtbegin.o
 .rdata$zzz     0x0000000140007930       0x30 C:\Users\ALLEWA~1\AppData\Local\Temp\ccjNtnA0.o
 .rdata$zzz     0x0000000140007960       0x30 C:\Users\ALLEWA~1\AppData\Local\Temp\ccyU40s1.o
 .rdata$zzz     0x0000000140007990       0x30 E:/Michael/ITI/CppES/msys64/mingw64/bin/../lib/gcc/x86_64-w64-mingw32/11.2.0/../../../../x86_64-w64-mingw32/lib/../lib/libmingw32.a(lib64_libmingw32_a-gccmain.o)
 .rdata$zzz     0x00000001400079c0       0x30 E:/Michael/ITI/CppES/msys64/mingw64/bin/../lib/gcc/x86_64-w64-mingw32/11.2.0/../../../../x86_64-w64-mingw32/lib/../lib/libmingw32.a(lib64_libmingw32_a-natstart.o)
 .rdata$zzz     0x00000001400079f0       0x30 E:/Michael/ITI/CppES/msys64/mingw64/bin/../lib/gcc/x86_64-w64-mingw32/11.2.0/../../../../x86_64-w64-mingw32/lib/../lib/libmingw32.a(lib64_libmingw32_a-wildcard.o)
 .rdata$zzz     0x0000000140007a20       0x30 E:/Michael/ITI/CppES/msys64/mingw64/bin/../lib/gcc/x86_64-w64-mingw32/11.2.0/../../../../x86_64-w64-mingw32/lib/../lib/libmingw32.a(lib64_libmingw32_a-dllargv.o)
 .rdata$zzz     0x0000000140007a50       0x30 E:/Michael/ITI/CppES/msys64/mingw64/bin/../lib/gcc/x86_64-w64-mingw32/11.2.0/../../../../x86_64-w64-mingw32/lib/../lib/libmingw32.a(lib64_libmingw32_a-_newmode.o)
 .rdata$zzz     0x0000000140007a80       0x30 E:/Michael/ITI/CppES/msys64/mingw64/bin/../lib/gcc/x86_64-w64-mingw32/11.2.0/../../../../x86_64-w64-mingw32/lib/../lib/libmingw32.a(lib64_libmingw32_a-tlssup.o)
 .rdata$zzz     0x0000000140007ab0       0x30 E:/Michael/ITI/CppES/msys64/mingw64/bin/../lib/gcc/x86_64-w64-mingw32/11.2.0/../../../../x86_64-w64-mingw32/lib/../lib/libmingw32.a(lib64_libmingw32_a-xncommod.o)
 .rdata$zzz     0x0000000140007ae0       0x30 E:/Michael/ITI/CppES/msys64/mingw64/bin/../lib/gcc/x86_64-w64-mingw32/11.2.0/../../../../x86_64-w64-mingw32/lib/../lib/libmingw32.a(lib64_libmingw32_a-cinitexe.o)
 .rdata$zzz     0x0000000140007b10       0x30 E:/Michael/ITI/CppES/msys64/mingw64/bin/../lib/gcc/x86_64-w64-mingw32/11.2.0/../../../../x86_64-w64-mingw32/lib/../lib/libmingw32.a(lib64_libmingw32_a-merr.o)
 .rdata$zzz     0x0000000140007b40       0x30 E:/Michael/ITI/CppES/msys64/mingw64/bin/../lib/gcc/x86_64-w64-mingw32/11.2.0/../../../../x86_64-w64-mingw32/lib/../lib/libmingw32.a(lib64_libmingw32_a-CRT_fp10.o)
 .rdata$zzz     0x0000000140007b70       0x30 E:/Michael/ITI/CppES/msys64/mingw64/bin/../lib/gcc/x86_64-w64-mingw32/11.2.0/../../../../x86_64-w64-mingw32/lib/../lib/libmingw32.a(lib64_libmingw32_a-mingw_helpers.o)
 .rdata$zzz     0x0000000140007ba0       0x30 E:/Michael/ITI/CppES/msys64/mingw64/bin/../lib/gcc/x86_64-w64-mingw32/11.2.0/../../../../x86_64-w64-mingw32/lib/../lib/libmingw32.a(lib64_libmingw32_a-pseudo-reloc.o)
 .rdata$zzz     0x0000000140007bd0       0x30 E:/Michael/ITI/CppES/msys64/mingw64/bin/../lib/gcc/x86_64-w64-mingw32/11.2.0/../../../../x86_64-w64-mingw32/lib/../lib/libmingw32.a(lib64_libmingw32_a-usermatherr.o)
 .rdata$zzz     0x0000000140007c00       0x30 E:/Michael/ITI/CppES/msys64/mingw64/bin/../lib/gcc/x86_64-w64-mingw32/11.2.0/../../../../x86_64-w64-mingw32/lib/../lib/libmingw32.a(lib64_libmingw32_a-xtxtmode.o)
 .rdata$zzz     0x0000000140007c30       0x30 E:/Michael/ITI/CppES/msys64/mingw64/bin/../lib/gcc/x86_64-w64-mingw32/11.2.0/../../../../x86_64-w64-mingw32/lib/../lib/libmingw32.a(lib64_libmingw32_a-crt_handler.o)
 .rdata$zzz     0x0000000140007c60       0x30 E:/Michael/ITI/CppES/msys64/mingw64/bin/../lib/gcc/x86_64-w64-mingw32/11.2.0/../../../../x86_64-w64-mingw32/lib/../lib/libmingw32.a(lib64_libmingw32_a-tlsthrd.o)
 .rdata$zzz     0x0000000140007c90       0x30 E:/Michael/ITI/CppES/msys64/mingw64/bin/../lib/gcc/x86_64-w64-mingw32/11.2.0/../../../../x86_64-w64-mingw32/lib/../lib/libmingw32.a(lib64_libmingw32_a-tlsmcrt.o)
 .rdata$zzz     0x0000000140007cc0       0x30 E:/Michael/ITI/CppES/msys64/mingw64/bin/../lib/gcc/x86_64-w64-mingw32/11.2.0/../../../../x86_64-w64-mingw32/lib/../lib/libmingw32.a(lib64_libmingw32_a-pseudo-reloc-list.o)
 .rdata$zzz     0x0000000140007cf0       0x30 E:/Michael/ITI/CppES/msys64/mingw64/bin/../lib/gcc/x86_64-w64-mingw32/11.2.0/../../../../x86_64-w64-mingw32/lib/../lib/libmingw32.a(lib64_libmingw32_a-pesect.o)
 .rdata$zzz     0x0000000140007d20       0x30 E:/Michael/ITI/CppES/msys64/mingw64/bin/../lib/gcc/x86_64-w64-mingw32/11.2.0/libgcc.a(_ctors.o)
 .rdata$zzz     0x0000000140007d50       0x30 E:/Michael/ITI/CppES/msys64/mingw64/bin/../lib/gcc/x86_64-w64-mingw32/11.2.0/../../../../x86_64-w64-mingw32/lib/../lib/libmingwex.a(lib64_libmingwex_a-mingw_matherr.o)
 .rdata$zzz     0x0000000140007d80       0x30 E:/Michael/ITI/CppES/msys64/mingw64/bin/../lib/gcc/x86_64-w64-mingw32/11.2.0/../../../../x86_64-w64-mingw32/lib/../lib/libmsvcrt.a(lib64_libmsvcrt_extra_a-__p__fmode.o)
 .rdata$zzz     0x0000000140007db0       0x30 E:/Michael/ITI/CppES/msys64/mingw64/bin/../lib/gcc/x86_64-w64-mingw32/11.2.0/../../../../x86_64-w64-mingw32/lib/../lib/libmsvcrt.a(lib64_libmsvcrt_extra_a-__p__commode.o)
 .rdata$zzz     0x0000000140007de0       0x30 E:/Michael/ITI/CppES/msys64/mingw64/bin/../lib/gcc/x86_64-w64-mingw32/11.2.0/../../../../x86_64-w64-mingw32/lib/../lib/libmsvcrt.a(lib64_libmsvcrt_extra_a-__p__acmdln.o)
 .rdata$zzz     0x0000000140007e10       0x30 E:/Michael/ITI/CppES/msys64/mingw64/bin/../lib/gcc/x86_64-w64-mingw32/11.2.0/../../../../x86_64-w64-mingw32/lib/../lib/libmsvcrt.a(lib64_libmsvcrt_extra_a-invalid_parameter_handler.o)
 .rdata$zzz     0x0000000140007e40       0x30 E:/Michael/ITI/CppES/msys64/mingw64/bin/../lib/gcc/x86_64-w64-mingw32/11.2.0/../../../../x86_64-w64-mingw32/lib/../lib/libmsvcrt.a(lib64_libmsvcrt_common_a-acrt_iob_func.o)
 .rdata$zzz     0x0000000140007e70       0x30 E:/Michael/ITI/CppES/msys64/mingw64/bin/../lib/gcc/x86_64-w64-mingw32/11.2.0/crtend.o
                0x0000000140007ea0                . = ALIGN (0x4)
                0x0000000140007ea0                __rt_psrelocs_start = .
 *(.rdata_runtime_pseudo_reloc)
 .rdata_runtime_pseudo_reloc
                0x0000000140007ea0       0x18 rtr000000.o
 .rdata_runtime_pseudo_reloc
                0x0000000140007eb8        0xc rtr000002.o
                0x0000000140007ec4                __rt_psrelocs_end = .
                0x0000000000000024                __rt_psrelocs_size = (__rt_psrelocs_end - __rt_psrelocs_start)
                0x0000000140007ec4                ___RUNTIME_PSEUDO_RELOC_LIST_END__ = .
                0x0000000140007ec4                __RUNTIME_PSEUDO_RELOC_LIST_END__ = .
                0x0000000140007ea0                ___RUNTIME_PSEUDO_RELOC_LIST__ = (. - __rt_psrelocs_size)
                0x0000000140007ea0                __RUNTIME_PSEUDO_RELOC_LIST__ = (. - __rt_psrelocs_size)

.eh_frame
 *(.eh_frame*)

.pdata          0x0000000140008000      0x400
 *(.pdata*)
 .pdata         0x0000000140008000       0x54 E:/Michael/ITI/CppES/msys64/mingw64/bin/../lib/gcc/x86_64-w64-mingw32/11.2.0/../../../../x86_64-w64-mingw32/lib/../lib/crt2.o
 .pdata         0x0000000140008054       0x18 E:/Michael/ITI/CppES/msys64/mingw64/bin/../lib/gcc/x86_64-w64-mingw32/11.2.0/crtbegin.o
 .pdata         0x000000014000806c       0x30 C:\Users\ALLEWA~1\AppData\Local\Temp\ccjNtnA0.o
 .pdata$_ZNKSt9type_info4nameEv
                0x000000014000809c        0xc C:\Users\ALLEWA~1\AppData\Local\Temp\ccyU40s1.o
 .pdata$_ZNSt11char_traitsIcE6lengthEPKc
                0x00000001400080a8        0xc C:\Users\ALLEWA~1\AppData\Local\Temp\ccyU40s1.o
 .pdata         0x00000001400080b4       0x30 C:\Users\ALLEWA~1\AppData\Local\Temp\ccyU40s1.o
 .pdata$_ZN9__gnu_cxx11char_traitsIcE2eqERKcS3_
                0x00000001400080e4        0xc C:\Users\ALLEWA~1\AppData\Local\Temp\ccyU40s1.o
 .pdata$_ZN9__gnu_cxx11char_traitsIcE6lengthEPKc
                0x00000001400080f0        0xc C:\Users\ALLEWA~1\AppData\Local\Temp\ccyU40s1.o
 .pdata$_Z4testItEb10permissionh
                0x00000001400080fc        0xc C:\Users\ALLEWA~1\AppData\Local\Temp\ccyU40s1.o
 .pdata$_ZSt4moveIRNSt7__cxx1112basic_stringIcSt11char_traitsIcESaIcEEEEONSt16remove_referenceIT_E4typeEOS8_
                0x0000000140008108        0xc C:\Users\ALLEWA~1\AppData\Local\Temp\ccyU40s1.o
 .pdata$_ZN15register_DriverItEC1Et10permission
                0x0000000140008114        0xc C:\Users\ALLEWA~1\AppData\Local\Temp\ccyU40s1.o
 .pdata$_ZN15register_DriverItED1Ev
                0x0000000140008120        0xc C:\Users\ALLEWA~1\AppData\Local\Temp\ccyU40s1.o
 .pdata$_ZN15register_DriverItE16setRegisterValueEt
                0x000000014000812c        0xc C:\Users\ALLEWA~1\AppData\Local\Temp\ccyU40s1.o
 .pdata$_ZStplIcSt11char_traitsIcESaIcEENSt7__cxx1112basic_stringIT_T0_T1_EEOS8_PKS5_
                0x0000000140008138        0xc C:\Users\ALLEWA~1\AppData\Local\Temp\ccyU40s1.o
 .pdata$_ZStplIcSt11char_traitsIcESaIcEENSt7__cxx1112basic_stringIT_T0_T1_EEPKS5_RKS8_
                0x0000000140008144        0xc C:\Users\ALLEWA~1\AppData\Local\Temp\ccyU40s1.o
 .pdata$_ZN15register_DriverItE16getRegisterValueERt
                0x0000000140008150        0xc C:\Users\ALLEWA~1\AppData\Local\Temp\ccyU40s1.o
 .pdata$_ZN15register_DriverItE6getBitEtRh
                0x000000014000815c        0xc C:\Users\ALLEWA~1\AppData\Local\Temp\ccyU40s1.o
 .pdata$_ZN15register_DriverItE6setBitEt
                0x0000000140008168        0xc C:\Users\ALLEWA~1\AppData\Local\Temp\ccyU40s1.o
 .pdata$_ZN15register_DriverItE8clearBitEt
                0x0000000140008174        0xc C:\Users\ALLEWA~1\AppData\Local\Temp\ccyU40s1.o
 .pdata$_ZN15register_DriverItE13setPermissionE10permissionbh
                0x0000000140008180        0xc C:\Users\ALLEWA~1\AppData\Local\Temp\ccyU40s1.o
 .pdata$_ZN9__gnu_cxx14__alloc_traitsISaIcEcE17_S_select_on_copyERKS1_
                0x000000014000818c        0xc C:\Users\ALLEWA~1\AppData\Local\Temp\ccyU40s1.o
 .pdata$_ZNSt16allocator_traitsISaIcEE37select_on_container_copy_constructionERKS0_
                0x0000000140008198        0xc C:\Users\ALLEWA~1\AppData\Local\Temp\ccyU40s1.o
 .pdata         0x00000001400081a4       0x24 E:/Michael/ITI/CppES/msys64/mingw64/bin/../lib/gcc/x86_64-w64-mingw32/11.2.0/../../../../x86_64-w64-mingw32/lib/../lib/libmingw32.a(lib64_libmingw32_a-gccmain.o)
 .pdata         0x00000001400081c8        0xc E:/Michael/ITI/CppES/msys64/mingw64/bin/../lib/gcc/x86_64-w64-mingw32/11.2.0/../../../../x86_64-w64-mingw32/lib/../lib/libmingw32.a(lib64_libmingw32_a-dllargv.o)
 .pdata         0x00000001400081d4       0x24 E:/Michael/ITI/CppES/msys64/mingw64/bin/../lib/gcc/x86_64-w64-mingw32/11.2.0/../../../../x86_64-w64-mingw32/lib/../lib/libmingw32.a(lib64_libmingw32_a-tlssup.o)
 .pdata         0x00000001400081f8        0xc E:/Michael/ITI/CppES/msys64/mingw64/bin/../lib/gcc/x86_64-w64-mingw32/11.2.0/../../../../x86_64-w64-mingw32/lib/../lib/libmingw32.a(lib64_libmingw32_a-merr.o)
 .pdata         0x0000000140008204        0xc E:/Michael/ITI/CppES/msys64/mingw64/bin/../lib/gcc/x86_64-w64-mingw32/11.2.0/../../../../x86_64-w64-mingw32/lib/../lib/libmingw32.a(lib64_libmingw32_a-CRT_fp10.o)
 .pdata         0x0000000140008210       0x24 E:/Michael/ITI/CppES/msys64/mingw64/bin/../lib/gcc/x86_64-w64-mingw32/11.2.0/../../../../x86_64-w64-mingw32/lib/../lib/libmingw32.a(lib64_libmingw32_a-pseudo-reloc.o)
 .pdata         0x0000000140008234       0x18 E:/Michael/ITI/CppES/msys64/mingw64/bin/../lib/gcc/x86_64-w64-mingw32/11.2.0/../../../../x86_64-w64-mingw32/lib/../lib/libmingw32.a(lib64_libmingw32_a-usermatherr.o)
 .pdata         0x000000014000824c        0xc E:/Michael/ITI/CppES/msys64/mingw64/bin/../lib/gcc/x86_64-w64-mingw32/11.2.0/../../../../x86_64-w64-mingw32/lib/../lib/libmingw32.a(lib64_libmingw32_a-crt_handler.o)
 .pdata         0x0000000140008258       0x30 E:/Michael/ITI/CppES/msys64/mingw64/bin/../lib/gcc/x86_64-w64-mingw32/11.2.0/../../../../x86_64-w64-mingw32/lib/../lib/libmingw32.a(lib64_libmingw32_a-tlsthrd.o)
 .pdata         0x0000000140008288       0x6c E:/Michael/ITI/CppES/msys64/mingw64/bin/../lib/gcc/x86_64-w64-mingw32/11.2.0/../../../../x86_64-w64-mingw32/lib/../lib/libmingw32.a(lib64_libmingw32_a-pesect.o)
 .pdata         0x00000001400082f4        0xc E:/Michael/ITI/CppES/msys64/mingw64/bin/../lib/gcc/x86_64-w64-mingw32/11.2.0/../../../../x86_64-w64-mingw32/lib/../lib/libmsvcrt.a(lib64_libmsvcrt_extra_a-__p__fmode.o)
 .pdata         0x0000000140008300        0xc E:/Michael/ITI/CppES/msys64/mingw64/bin/../lib/gcc/x86_64-w64-mingw32/11.2.0/../../../../x86_64-w64-mingw32/lib/../lib/libmsvcrt.a(lib64_libmsvcrt_extra_a-__p__commode.o)
 .pdata         0x000000014000830c        0xc E:/Michael/ITI/CppES/msys64/mingw64/bin/../lib/gcc/x86_64-w64-mingw32/11.2.0/../../../../x86_64-w64-mingw32/lib/../lib/libmsvcrt.a(lib64_libmsvcrt_extra_a-__p__acmdln.o)
 .pdata         0x0000000140008318       0x18 E:/Michael/ITI/CppES/msys64/mingw64/bin/../lib/gcc/x86_64-w64-mingw32/11.2.0/../../../../x86_64-w64-mingw32/lib/../lib/libmsvcrt.a(lib64_libmsvcrt_extra_a-invalid_parameter_handler.o)
 .pdata         0x0000000140008330        0xc E:/Michael/ITI/CppES/msys64/mingw64/bin/../lib/gcc/x86_64-w64-mingw32/11.2.0/../../../../x86_64-w64-mingw32/lib/../lib/libmsvcrt.a(lib64_libmsvcrt_common_a-acrt_iob_func.o)
 .pdata.startup
                0x000000014000833c        0xc E:/Michael/ITI/CppES/msys64/mingw64/bin/../lib/gcc/x86_64-w64-mingw32/11.2.0/crtend.o

.xdata          0x0000000140009000      0x600
 *(.xdata*)
 .xdata         0x0000000140009000       0x70 E:/Michael/ITI/CppES/msys64/mingw64/bin/../lib/gcc/x86_64-w64-mingw32/11.2.0/../../../../x86_64-w64-mingw32/lib/../lib/crt2.o
 .xdata         0x0000000140009070        0x8 E:/Michael/ITI/CppES/msys64/mingw64/bin/../lib/gcc/x86_64-w64-mingw32/11.2.0/crtbegin.o
 .xdata         0x0000000140009078       0x30 C:\Users\ALLEWA~1\AppData\Local\Temp\ccjNtnA0.o
 .xdata$_ZNKSt9type_info4nameEv
                0x00000001400090a8        0x8 C:\Users\ALLEWA~1\AppData\Local\Temp\ccyU40s1.o
 .xdata$_ZNSt11char_traitsIcE6lengthEPKc
                0x00000001400090b0        0xc C:\Users\ALLEWA~1\AppData\Local\Temp\ccyU40s1.o
 .xdata         0x00000001400090bc       0x30 C:\Users\ALLEWA~1\AppData\Local\Temp\ccyU40s1.o
 .xdata$_ZN9__gnu_cxx11char_traitsIcE2eqERKcS3_
                0x00000001400090ec        0x8 C:\Users\ALLEWA~1\AppData\Local\Temp\ccyU40s1.o
 .xdata$_ZN9__gnu_cxx11char_traitsIcE6lengthEPKc
                0x00000001400090f4        0xc C:\Users\ALLEWA~1\AppData\Local\Temp\ccyU40s1.o
 .xdata$_Z4testItEb10permissionh
                0x0000000140009100      0x268 C:\Users\ALLEWA~1\AppData\Local\Temp\ccyU40s1.o
 .xdata$_ZSt4moveIRNSt7__cxx1112basic_stringIcSt11char_traitsIcESaIcEEEEONSt16remove_referenceIT_E4typeEOS8_
                0x0000000140009368        0x8 C:\Users\ALLEWA~1\AppData\Local\Temp\ccyU40s1.o
 .xdata$_ZN15register_DriverItEC1Et10permission
                0x0000000140009370        0x8 C:\Users\ALLEWA~1\AppData\Local\Temp\ccyU40s1.o
 .xdata$_ZN15register_DriverItED1Ev
                0x0000000140009378        0x8 C:\Users\ALLEWA~1\AppData\Local\Temp\ccyU40s1.o
 .xdata$_ZN15register_DriverItE16setRegisterValueEt
                0x0000000140009380        0xc C:\Users\ALLEWA~1\AppData\Local\Temp\ccyU40s1.o
 .xdata$_ZStplIcSt11char_traitsIcESaIcEENSt7__cxx1112basic_stringIT_T0_T1_EEOS8_PKS5_
                0x000000014000938c        0xc C:\Users\ALLEWA~1\AppData\Local\Temp\ccyU40s1.o
 .xdata$_ZStplIcSt11char_traitsIcESaIcEENSt7__cxx1112basic_stringIT_T0_T1_EEPKS5_RKS8_
                0x0000000140009398       0x28 C:\Users\ALLEWA~1\AppData\Local\Temp\ccyU40s1.o
 .xdata$_ZN15register_DriverItE16getRegisterValueERt
                0x00000001400093c0        0xc C:\Users\ALLEWA~1\AppData\Local\Temp\ccyU40s1.o
 .xdata$_ZN15register_DriverItE6getBitEtRh
                0x00000001400093cc        0xc C:\Users\ALLEWA~1\AppData\Local\Temp\ccyU40s1.o
 .xdata$_ZN15register_DriverItE6setBitEt
                0x00000001400093d8        0xc C:\Users\ALLEWA~1\AppData\Local\Temp\ccyU40s1.o
 .xdata$_ZN15register_DriverItE8clearBitEt
                0x00000001400093e4        0xc C:\Users\ALLEWA~1\AppData\Local\Temp\ccyU40s1.o
 .xdata$_ZN15register_DriverItE13setPermissionE10permissionbh
                0x00000001400093f0        0xc C:\Users\ALLEWA~1\AppData\Local\Temp\ccyU40s1.o
 .xdata$_ZN9__gnu_cxx14__alloc_traitsISaIcEcE17_S_select_on_copyERKS1_
                0x00000001400093fc        0xc C:\Users\ALLEWA~1\AppData\Local\Temp\ccyU40s1.o
 .xdata$_ZNSt16allocator_traitsISaIcEE37select_on_container_copy_constructionERKS0_
                0x0000000140009408        0xc C:\Users\ALLEWA~1\AppData\Local\Temp\ccyU40s1.o
 .xdata         0x0000000140009414       0x18 E:/Michael/ITI/CppES/msys64/mingw64/bin/../lib/gcc/x86_64-w64-mingw32/11.2.0/../../../../x86_64-w64-mingw32/lib/../lib/libmingw32.a(lib64_libmingw32_a-gccmain.o)
 .xdata         0x000000014000942c        0x4 E:/Michael/ITI/CppES/msys64/mingw64/bin/../lib/gcc/x86_64-w64-mingw32/11.2.0/../../../../x86_64-w64-mingw32/lib/../lib/libmingw32.a(lib64_libmingw32_a-dllargv.o)
 .xdata         0x0000000140009430       0x18 E:/Michael/ITI/CppES/msys64/mingw64/bin/../lib/gcc/x86_64-w64-mingw32/11.2.0/../../../../x86_64-w64-mingw32/lib/../lib/libmingw32.a(lib64_libmingw32_a-tlssup.o)
 .xdata         0x0000000140009448       0x18 E:/Michael/ITI/CppES/msys64/mingw64/bin/../lib/gcc/x86_64-w64-mingw32/11.2.0/../../../../x86_64-w64-mingw32/lib/../lib/libmingw32.a(lib64_libmingw32_a-merr.o)
 .xdata         0x0000000140009460        0x4 E:/Michael/ITI/CppES/msys64/mingw64/bin/../lib/gcc/x86_64-w64-mingw32/11.2.0/../../../../x86_64-w64-mingw32/lib/../lib/libmingw32.a(lib64_libmingw32_a-CRT_fp10.o)
 .xdata         0x0000000140009464       0x30 E:/Michael/ITI/CppES/msys64/mingw64/bin/../lib/gcc/x86_64-w64-mingw32/11.2.0/../../../../x86_64-w64-mingw32/lib/../lib/libmingw32.a(lib64_libmingw32_a-pseudo-reloc.o)
 .xdata         0x0000000140009494        0xc E:/Michael/ITI/CppES/msys64/mingw64/bin/../lib/gcc/x86_64-w64-mingw32/11.2.0/../../../../x86_64-w64-mingw32/lib/../lib/libmingw32.a(lib64_libmingw32_a-usermatherr.o)
 .xdata         0x00000001400094a0        0x8 E:/Michael/ITI/CppES/msys64/mingw64/bin/../lib/gcc/x86_64-w64-mingw32/11.2.0/../../../../x86_64-w64-mingw32/lib/../lib/libmingw32.a(lib64_libmingw32_a-crt_handler.o)
 .xdata         0x00000001400094a8       0x34 E:/Michael/ITI/CppES/msys64/mingw64/bin/../lib/gcc/x86_64-w64-mingw32/11.2.0/../../../../x86_64-w64-mingw32/lib/../lib/libmingw32.a(lib64_libmingw32_a-tlsthrd.o)
 .xdata         0x00000001400094dc       0x2c E:/Michael/ITI/CppES/msys64/mingw64/bin/../lib/gcc/x86_64-w64-mingw32/11.2.0/../../../../x86_64-w64-mingw32/lib/../lib/libmingw32.a(lib64_libmingw32_a-pesect.o)
 .xdata         0x0000000140009508        0x4 E:/Michael/ITI/CppES/msys64/mingw64/bin/../lib/gcc/x86_64-w64-mingw32/11.2.0/../../../../x86_64-w64-mingw32/lib/../lib/libmsvcrt.a(lib64_libmsvcrt_extra_a-__p__fmode.o)
 .xdata         0x000000014000950c        0x4 E:/Michael/ITI/CppES/msys64/mingw64/bin/../lib/gcc/x86_64-w64-mingw32/11.2.0/../../../../x86_64-w64-mingw32/lib/../lib/libmsvcrt.a(lib64_libmsvcrt_extra_a-__p__commode.o)
 .xdata         0x0000000140009510        0x4 E:/Michael/ITI/CppES/msys64/mingw64/bin/../lib/gcc/x86_64-w64-mingw32/11.2.0/../../../../x86_64-w64-mingw32/lib/../lib/libmsvcrt.a(lib64_libmsvcrt_extra_a-__p__acmdln.o)
 .xdata         0x0000000140009514        0x8 E:/Michael/ITI/CppES/msys64/mingw64/bin/../lib/gcc/x86_64-w64-mingw32/11.2.0/../../../../x86_64-w64-mingw32/lib/../lib/libmsvcrt.a(lib64_libmsvcrt_extra_a-invalid_parameter_handler.o)
 .xdata         0x000000014000951c        0x8 E:/Michael/ITI/CppES/msys64/mingw64/bin/../lib/gcc/x86_64-w64-mingw32/11.2.0/../../../../x86_64-w64-mingw32/lib/../lib/libmsvcrt.a(lib64_libmsvcrt_common_a-acrt_iob_func.o)
 .xdata.startup
                0x0000000140009524        0x4 E:/Michael/ITI/CppES/msys64/mingw64/bin/../lib/gcc/x86_64-w64-mingw32/11.2.0/crtend.o

.bss            0x000000014000a000      0x1a0
                0x000000014000a000                __bss_start__ = .
 *(.bss)
 .bss           0x000000014000a000       0x40 E:/Michael/ITI/CppES/msys64/mingw64/bin/../lib/gcc/x86_64-w64-mingw32/11.2.0/../../../../x86_64-w64-mingw32/lib/../lib/crt2.o
                0x000000014000a000                __mingw_module_is_dll
                0x000000014000a008                __mingw_winmain_lpCmdLine
                0x000000014000a010                __mingw_winmain_hInstance
 .bss           0x000000014000a040        0x0 E:/Michael/ITI/CppES/msys64/mingw64/bin/../lib/gcc/x86_64-w64-mingw32/11.2.0/crtbegin.o
 .bss           0x000000014000a040       0x10 C:\Users\ALLEWA~1\AppData\Local\Temp\ccjNtnA0.o
 .bss           0x000000014000a050       0x10 C:\Users\ALLEWA~1\AppData\Local\Temp\ccyU40s1.o
 .bss           0x000000014000a060       0x10 E:/Michael/ITI/CppES/msys64/mingw64/bin/../lib/gcc/x86_64-w64-mingw32/11.2.0/../../../../x86_64-w64-mingw32/lib/../lib/libmingw32.a(lib64_libmingw32_a-gccmain.o)
 .bss           0x000000014000a070       0x10 E:/Michael/ITI/CppES/msys64/mingw64/bin/../lib/gcc/x86_64-w64-mingw32/11.2.0/../../../../x86_64-w64-mingw32/lib/../lib/libmingw32.a(lib64_libmingw32_a-natstart.o)
                0x000000014000a070                __native_startup_lock
                0x000000014000a078                __native_startup_state
 .bss           0x000000014000a080        0x0 E:/Michael/ITI/CppES/msys64/mingw64/bin/../lib/gcc/x86_64-w64-mingw32/11.2.0/../../../../x86_64-w64-mingw32/lib/../lib/libmingw32.a(lib64_libmingw32_a-wildcard.o)
 .bss           0x000000014000a080        0x0 E:/Michael/ITI/CppES/msys64/mingw64/bin/../lib/gcc/x86_64-w64-mingw32/11.2.0/../../../../x86_64-w64-mingw32/lib/../lib/libmingw32.a(lib64_libmingw32_a-dllargv.o)
 .bss           0x000000014000a080       0x10 E:/Michael/ITI/CppES/msys64/mingw64/bin/../lib/gcc/x86_64-w64-mingw32/11.2.0/../../../../x86_64-w64-mingw32/lib/../lib/libmingw32.a(lib64_libmingw32_a-_newmode.o)
                0x000000014000a080                _newmode
 .bss           0x000000014000a090       0x10 E:/Michael/ITI/CppES/msys64/mingw64/bin/../lib/gcc/x86_64-w64-mingw32/11.2.0/../../../../x86_64-w64-mingw32/lib/../lib/libmingw32.a(lib64_libmingw32_a-tlssup.o)
                0x000000014000a090                __mingw_initltssuo_force
                0x000000014000a094                __mingw_initltsdyn_force
                0x000000014000a098                __mingw_initltsdrot_force
                0x000000014000a09c                _tls_index
 .bss           0x000000014000a0a0       0x10 E:/Michael/ITI/CppES/msys64/mingw64/bin/../lib/gcc/x86_64-w64-mingw32/11.2.0/../../../../x86_64-w64-mingw32/lib/../lib/libmingw32.a(lib64_libmingw32_a-xncommod.o)
                0x000000014000a0a0                _commode
 .bss           0x000000014000a0b0        0x0 E:/Michael/ITI/CppES/msys64/mingw64/bin/../lib/gcc/x86_64-w64-mingw32/11.2.0/../../../../x86_64-w64-mingw32/lib/../lib/libmingw32.a(lib64_libmingw32_a-cinitexe.o)
 .bss           0x000000014000a0b0        0x0 E:/Michael/ITI/CppES/msys64/mingw64/bin/../lib/gcc/x86_64-w64-mingw32/11.2.0/../../../../x86_64-w64-mingw32/lib/../lib/libmingw32.a(lib64_libmingw32_a-merr.o)
 .bss           0x000000014000a0b0        0x0 E:/Michael/ITI/CppES/msys64/mingw64/bin/../lib/gcc/x86_64-w64-mingw32/11.2.0/../../../../x86_64-w64-mingw32/lib/../lib/libmingw32.a(lib64_libmingw32_a-CRT_fp10.o)
 .bss           0x000000014000a0b0       0x10 E:/Michael/ITI/CppES/msys64/mingw64/bin/../lib/gcc/x86_64-w64-mingw32/11.2.0/../../../../x86_64-w64-mingw32/lib/../lib/libmingw32.a(lib64_libmingw32_a-mingw_helpers.o)
                0x000000014000a0b0                __mingw_app_type
 .bss           0x000000014000a0c0       0x10 E:/Michael/ITI/CppES/msys64/mingw64/bin/../lib/gcc/x86_64-w64-mingw32/11.2.0/../../../../x86_64-w64-mingw32/lib/../lib/libmingw32.a(lib64_libmingw32_a-pseudo-reloc.o)
 .bss           0x000000014000a0d0       0x10 E:/Michael/ITI/CppES/msys64/mingw64/bin/../lib/gcc/x86_64-w64-mingw32/11.2.0/../../../../x86_64-w64-mingw32/lib/../lib/libmingw32.a(lib64_libmingw32_a-usermatherr.o)
 .bss           0x000000014000a0e0       0x10 E:/Michael/ITI/CppES/msys64/mingw64/bin/../lib/gcc/x86_64-w64-mingw32/11.2.0/../../../../x86_64-w64-mingw32/lib/../lib/libmingw32.a(lib64_libmingw32_a-xtxtmode.o)
                0x000000014000a0e0                _fmode
 .bss           0x000000014000a0f0       0x10 E:/Michael/ITI/CppES/msys64/mingw64/bin/../lib/gcc/x86_64-w64-mingw32/11.2.0/../../../../x86_64-w64-mingw32/lib/../lib/libmingw32.a(lib64_libmingw32_a-crt_handler.o)
                0x000000014000a0f0                __mingw_oldexcpt_handler
 .bss           0x000000014000a100       0x60 E:/Michael/ITI/CppES/msys64/mingw64/bin/../lib/gcc/x86_64-w64-mingw32/11.2.0/../../../../x86_64-w64-mingw32/lib/../lib/libmingw32.a(lib64_libmingw32_a-tlsthrd.o)
 .bss           0x000000014000a160        0x0 E:/Michael/ITI/CppES/msys64/mingw64/bin/../lib/gcc/x86_64-w64-mingw32/11.2.0/../../../../x86_64-w64-mingw32/lib/../lib/libmingw32.a(lib64_libmingw32_a-tlsmcrt.o)
 .bss           0x000000014000a160       0x10 E:/Michael/ITI/CppES/msys64/mingw64/bin/../lib/gcc/x86_64-w64-mingw32/11.2.0/../../../../x86_64-w64-mingw32/lib/../lib/libmingw32.a(lib64_libmingw32_a-pseudo-reloc-list.o)
 .bss           0x000000014000a170        0x0 E:/Michael/ITI/CppES/msys64/mingw64/bin/../lib/gcc/x86_64-w64-mingw32/11.2.0/../../../../x86_64-w64-mingw32/lib/../lib/libmingw32.a(lib64_libmingw32_a-pesect.o)
 .bss           0x000000014000a170        0x0 E:/Michael/ITI/CppES/msys64/mingw64/bin/../lib/gcc/x86_64-w64-mingw32/11.2.0/libgcc.a(_chkstk_ms.o)
 .bss           0x000000014000a170       0x20 E:/Michael/ITI/CppES/msys64/mingw64/bin/../lib/gcc/x86_64-w64-mingw32/11.2.0/libgcc.a(_ctors.o)
 .bss           0x000000014000a190        0x0 E:/Michael/ITI/CppES/msys64/mingw64/bin/../lib/gcc/x86_64-w64-mingw32/11.2.0/../../../../x86_64-w64-mingw32/lib/../lib/libmingwex.a(lib64_libmingwex_a-mingw_matherr.o)
 .bss           0x000000014000a190        0x0 E:/Michael/ITI/CppES/msys64/mingw64/bin/../lib/gcc/x86_64-w64-mingw32/11.2.0/../../../../x86_64-w64-mingw32/lib/../lib/libmsvcrt.a(lib64_libmsvcrt_extra_a-__p__fmode.o)
 .bss           0x000000014000a190        0x0 E:/Michael/ITI/CppES/msys64/mingw64/bin/../lib/gcc/x86_64-w64-mingw32/11.2.0/../../../../x86_64-w64-mingw32/lib/../lib/libmsvcrt.a(lib64_libmsvcrt_extra_a-__p__commode.o)
 .bss           0x000000014000a190        0x0 E:/Michael/ITI/CppES/msys64/mingw64/bin/../lib/gcc/x86_64-w64-mingw32/11.2.0/../../../../x86_64-w64-mingw32/lib/../lib/libmsvcrt.a(lib64_libmsvcrt_extra_a-__p__acmdln.o)
 .bss           0x000000014000a190       0x10 E:/Michael/ITI/CppES/msys64/mingw64/bin/../lib/gcc/x86_64-w64-mingw32/11.2.0/../../../../x86_64-w64-mingw32/lib/../lib/libmsvcrt.a(lib64_libmsvcrt_extra_a-invalid_parameter_handler.o)
 .bss           0x000000014000a1a0        0x0 E:/Michael/ITI/CppES/msys64/mingw64/bin/../lib/gcc/x86_64-w64-mingw32/11.2.0/../../../../x86_64-w64-mingw32/lib/../lib/libmsvcrt.a(lib64_libmsvcrt_common_a-acrt_iob_func.o)
 .bss           0x000000014000a1a0        0x0 E:/Michael/ITI/CppES/msys64/mingw64/bin/../lib/gcc/x86_64-w64-mingw32/11.2.0/../../../../x86_64-w64-mingw32/lib/../lib/libmsvcrt.a(libmsvcrt_defs00055.o)
 .bss           0x000000014000a1a0        0x0 E:/Michael/ITI/CppES/msys64/mingw64/bin/../lib/gcc/x86_64-w64-mingw32/11.2.0/../../../../x86_64-w64-mingw32/lib/../lib/libmsvcrt.a(libmsvcrt_defs00081.o)
 .bss           0x000000014000a1a0        0x0 E:/Michael/ITI/CppES/msys64/mingw64/bin/../lib/gcc/x86_64-w64-mingw32/11.2.0/../../../../x86_64-w64-mingw32/lib/../lib/libmsvcrt.a(libmsvcrt_defs00082.o)
 .bss           0x000000014000a1a0        0x0 E:/Michael/ITI/CppES/msys64/mingw64/bin/../lib/gcc/x86_64-w64-mingw32/11.2.0/../../../../x86_64-w64-mingw32/lib/../lib/libmsvcrt.a(libmsvcrt_defs00083.o)