Archive member included to satisfy reference by file (symbol)

E:/Michael/ITI/CppES/msys64/mingw64/bin/../lib/gcc/x86_64-w64-mingw32/11.2.0/libstdc++.dll.a(d006693.o)
                              C:\Users\ALLEWA~1\AppData\Local\Temp\cctgWBkz.o (__gxx_personality_seh0)
E:/Michael/ITI/CppES/msys64/mingw64/bin/../lib/gcc/x86_64-w64-mingw32/11.2.0/libstdc++.dll.a(d005637.o)
                              C:\Users\ALLEWA~1\AppData\Local\Temp\cctgWBkz.o (std::basic_istream<char, std::char_traits<char> >& std::operator>><char, std::char_traits<char>, std::allocator<char> >(std::basic_istream<char, std::char_traits<char> >&, std::__cxx11::basic_string<char, std::char_traits<char>, std::allocator<char> >&))
E:/Michael/ITI/CppES/msys64/mingw64/bin/../lib/gcc/x86_64-w64-mingw32/11.2.0/libstdc++.dll.a(d005593.o)
                              C:\Users\ALLEWA~1\AppData\Local\Temp\cctgWBkz.o (std::basic_ostream<char, std::char_traits<char> >& std::operator<< <char, std::char_traits<char>, std::allocator<char> >(std::basic_ostream<char, std::char_traits<char> >&, std::__cxx11::basic_string<char, std::char_traits<char>, std::allocator<char> > const&))
E:/Michael/ITI/CppES/msys64/mingw64/bin/../lib/gcc/x86_64-w64-mingw32/11.2.0/libstdc++.dll.a(d005582.o)
                              C:\Users\ALLEWA~1\AppData\Local\Temp\cctgWBkz.o (std::basic_ostream<char, std::char_traits<char> >& std::operator<< <std::char_traits<char> >(std::basic_ostream<char, std::char_traits<char> >&, char const*))
E:/Michael/ITI/CppES/msys64/mingw64/bin/../lib/gcc/x86_64-w64-mingw32/11.2.0/libstdc++.dll.a(d005462.o)
                              C:\Users\ALLEWA~1\AppData\Local\Temp\cctgWBkz.o (std::cout)
E:/Michael/ITI/CppES/msys64/mingw64/bin/../lib/gcc/x86_64-w64-mingw32/11.2.0/libstdc++.dll.a(d005301.o)
                              C:\Users\ALLEWA~1\AppData\Local\Temp\cctgWBkz.o (std::basic_ios<char, std::char_traits<char> >::clear(std::_Ios_Iostate))
E:/Michael/ITI/CppES/msys64/mingw64/bin/../lib/gcc/x86_64-w64-mingw32/11.2.0/libstdc++.dll.a(d005165.o)
                              C:\Users\ALLEWA~1\AppData\Local\Temp\ccbqShx2.o (std::ios_base::Init::~Init())
E:/Michael/ITI/CppES/msys64/mingw64/bin/../lib/gcc/x86_64-w64-mingw32/11.2.0/libstdc++.dll.a(d005163.o)
                              C:\Users\ALLEWA~1\AppData\Local\Temp\ccbqShx2.o (std::ios_base::Init::Init())
E:/Michael/ITI/CppES/msys64/mingw64/bin/../lib/gcc/x86_64-w64-mingw32/11.2.0/libstdc++.dll.a(d004874.o)
                              C:\Users\ALLEWA~1\AppData\Local\Temp\cctgWBkz.o (std::__cxx11::basic_stringstream<char, std::char_traits<char>, std::allocator<char> >::~basic_stringstream())
E:/Michael/ITI/CppES/msys64/mingw64/bin/../lib/gcc/x86_64-w64-mingw32/11.2.0/libstdc++.dll.a(d004866.o)
                              C:\Users\ALLEWA~1\AppData\Local\Temp\cctgWBkz.o (std::__cxx11::basic_stringstream<char, std::char_traits<char>, std::allocator<char> >::basic_stringstream())
E:/Michael/ITI/CppES/msys64/mingw64/bin/../lib/gcc/x86_64-w64-mingw32/11.2.0/libstdc++.dll.a(d004533.o)
                              C:\Users\ALLEWA~1\AppData\Local\Temp\cctgWBkz.o (std::__cxx11::basic_string<char, std::char_traits<char>, std::allocator<char> >::operator+=(std::__cxx11::basic_string<char, std::char_traits<char>, std::allocator<char> > const&))
E:/Michael/ITI/CppES/msys64/mingw64/bin/../lib/gcc/x86_64-w64-mingw32/11.2.0/libstdc++.dll.a(d004532.o)
                              C:\Users\ALLEWA~1\AppData\Local\Temp\cctgWBkz.o (std::__cxx11::basic_string<char, std::char_traits<char>, std::allocator<char> >::operator+=(char const*))
E:/Michael/ITI/CppES/msys64/mingw64/bin/../lib/gcc/x86_64-w64-mingw32/11.2.0/libstdc++.dll.a(d004527.o)
                              C:\Users\ALLEWA~1\AppData\Local\Temp\ccbqShx2.o (std::__cxx11::basic_string<char, std::char_traits<char>, std::allocator<char> >::operator=(char const*))
E:/Michael/ITI/CppES/msys64/mingw64/bin/../lib/gcc/x86_64-w64-mingw32/11.2.0/libstdc++.dll.a(d004526.o)
                              C:\Users\ALLEWA~1\AppData\Local\Temp\cctgWBkz.o (std::__cxx11::basic_string<char, std::char_traits<char>, std::allocator<char> >::operator=(std::__cxx11::basic_string<char, std::char_traits<char>, std::allocator<char> >&&))
E:/Michael/ITI/CppES/msys64/mingw64/bin/../lib/gcc/x86_64-w64-mingw32/11.2.0/libstdc++.dll.a(d004524.o)
                              C:\Users\ALLEWA~1\AppData\Local\Temp\cctgWBkz.o (std::__cxx11::basic_string<char, std::char_traits<char>, std::allocator<char> >::~basic_string())
E:/Michael/ITI/CppES/msys64/mingw64/bin/../lib/gcc/x86_64-w64-mingw32/11.2.0/libstdc++.dll.a(d004502.o)
                              C:\Users\ALLEWA~1\AppData\Local\Temp\cctgWBkz.o (std::__cxx11::basic_string<char, std::char_traits<char>, std::allocator<char> >::basic_string())
E:/Michael/ITI/CppES/msys64/mingw64/bin/../lib/gcc/x86_64-w64-mingw32/11.2.0/libstdc++.dll.a(d004495.o)
[...]
Memory Configuration

Name             Origin             Length             Attributes
*default*        0x0000000000000000 0xffffffffffffffff

Linker script and memory map

                0x0000000140000000                __image_base__ = 0x140000000
                0x0000000000000000                __dll__ = 0x0
                0x0000000140000000                __ImageBase = 0x140000000
                0x0000000000001000                __section_alignment__ = 0x1000
                0x0000000000000200                __file_alignment__ = 0x200
                0x0000000000000004                __major_os_version__ = 0x4
                0x0000000000000000                __minor_os_version__ = 0x0
                0x0000000000000000                __major_image_version__ = 0x0
                0x0000000000000000                __minor_image_version__ = 0x0
                0x0000000000000005                __major_subsystem_version__ = 0x5
                0x0000000000000002                __minor_subsystem_version__ = 0x2
                0x0000000000000003                __subsystem__ = 0x3
                0x0000000000200000                __size_of_stack_reserve__ = 0x200000
                0x0000000000001000                __size_of_stack_commit__ = 0x1000
                0x0000000000100000                __size_of_heap_reserve__ = 0x100000
                0x0000000000001000                __size_of_heap_commit__ = 0x1000
                0x0000000000000000                __loader_flags__ = 0x0
                0x0000000000000160                __dll_characteristics__ = 0x160
LOAD E:/Michael/ITI/CppES/msys64/mingw64/bin/../lib/gcc/x86_64-w64-mingw32/11.2.0/../../../../x86_64-w64-mingw32/lib/../lib/crt2.o
LOAD E:/Michael/ITI/CppES/msys64/mingw64/bin/../lib/gcc/x86_64-w64-mingw32/11.2.0/crtbegin.o
LOAD C:\Users\ALLEWA~1\AppData\Local\Temp\ccbqShx2.o
LOAD C:\Users\ALLEWA~1\AppData\Local\Temp\cctgWBkz.o
LOAD E:/Michael/ITI/CppES/msys64/mingw64/bin/../lib/gcc/x86_64-w64-mingw32/11.2.0/libstdc++.dll.a
LOAD E:/Michael/ITI/CppES/msys64/mingw64/bin/../lib/gcc/x86_64-w64-mingw32/11.2.0/../../../../x86_64-w64-mingw32/lib/../lib/libmingw32.a
LOAD E:/Michael/ITI/CppES/msys64/mingw64/bin/../lib/gcc/x86_64-w64-mingw32/11.2.0/libgcc_s.a
LOAD E:/Michael/ITI/CppES/msys64/mingw64/bin/../lib/gcc/x86_64-w64-mingw32/11.2.0/libgcc.a
LOAD E:/Michael/ITI/CppES/msys64/mingw64/bin/../lib/gcc/x86_64-w64-mingw32/11.2.0/../../../../x86_64-w64-mingw32/lib/../lib/libmoldname.a
LOAD E:/Michael/ITI/CppES/msys64/mingw64/bin/../lib/gcc/x86_64-w64-mingw32/11.2.0/../../../../x86_64-w64-mingw32/lib/../lib/libmingwex.a
LOAD E:/Michael/ITI/CppES/msys64/mingw64/bin/../lib/gcc/x86_64-w64-mingw32/11.2.0/../../../../x86_64-w64-mingw32/lib/../lib/libmsvcrt.a
LOAD E:/Michael/ITI/CppES/msys64/mingw64/bin/../lib/gcc/x86_64-w64-mingw32/11.2.0/../../../../x86_64-w64-mingw32/lib/../lib/libkernel32.a
LOAD E:/Michael/ITI/CppES/msys64/mingw64/bin/../lib/gcc/x86_64-w64-mingw32/11.2.0/../../../../x86_64-w64-mingw32/lib/../lib/libpthread.dll.a
LOAD E:/Michael/ITI/CppES/msys64/mingw64/bin/../lib/gcc/x86_64-w64-mingw32/11.2.0/../../../../x86_64-w64-mingw32/lib/../lib/libadvapi32.a
LOAD E:/Michael/ITI/CppES/msys64/mingw64/bin/../lib/gcc/x86_64-w64-mingw32/11.2.0/../../../../x86_64-w64-mingw32/lib/../lib/libshell32.a
LOAD E:/Michael/ITI/CppES/msys64/mingw64/bin/../lib/gcc/x86_64-w64-mingw32/11.2.0/../../../../x86_64-w64-mingw32/lib/../lib/libuser32.a
LOAD E:/Michael/ITI/CppES/msys64/mingw64/bin/../lib/gcc/x86_64-w64-mingw32/11.2.0/../../../../x86_64-w64-mingw32/lib/../lib/libkernel32.a
LOAD E:/Michael/ITI/CppES/msys64/mingw64/bin/../lib/gcc/x86_64-w64-mingw32/11.2.0/../../../../x86_64-w64-mingw32/lib/../lib/libmingw32.a
LOAD E:/Michael/ITI/CppES/msys64/mingw64/bin/../lib/gcc/x86_64-w64-mingw32/11.2.0/libgcc_s.a
LOAD E:/Michael/ITI/CppES/msys64/mingw64/bin/../lib/gcc/x86_64-w64-mingw32/11.2.0/libgcc.a
LOAD E:/Michael/ITI/CppES/msys64/mingw64/bin/../lib/gcc/x86_64-w64-mingw32/11.2.0/../../../../x86_64-w64-mingw32/lib/../lib/libmoldname.a
LOAD E:/Michael/ITI/CppES/msys64/mingw64/bin/../lib/gcc/x86_64-w64-mingw32/11.2.0/../../../../x86_64-w64-mingw32/lib/../lib/libmingwex.a
LOAD E:/Michael/ITI/CppES/msys64/mingw64/bin/../lib/gcc/x86_64-w64-mingw32/11.2.0/../../../../x86_64-w64-mingw32/lib/../lib/libmsvcrt.a
LOAD E:/Michael/ITI/CppES/msys64/mingw64/bin/../lib/gcc/x86_64-w64-mingw32/11.2.0/../../../../x86_64-w64-mingw32/lib/../lib/libkernel32.a
LOAD E:/Michael/ITI/CppES/msys64/mingw64/bin/../lib/gcc/x86_64-w64-mingw32/11.2.0/../../../../x86_64-w64-mingw32/lib/../lib/default-manifest.o
LOAD E:/Michael/ITI/CppES/msys64/mingw64/bin/../lib/gcc/x86_64-w64-mingw32/11.2.0/crtend.o
                0x00000000000004a8                . = SIZEOF_HEADERS
                0x0000000000001000                . = ALIGN (__section_alignment__)

.text           0x0000000140001000     0x4a00
 *(SORT_NONE(.init))
 *(.text)
 .text          0x0000000140001000      0x510 E:/Michael/ITI/CppES/msys64/mingw64/bin/../lib/gcc/x86_64-w64-mingw32/11.2.0/../../../../x86_64-w64-mingw32/lib/../lib/crt2.o
                0x00000001400014b0                WinMainCRTStartup
                0x00000001400014d0                mainCRTStartup
                0x00000001400014f0                atexit
 .text          0x0000000140001510       0x20 E:/Michael/ITI/CppES/msys64/mingw64/bin/../lib/gcc/x86_64-w64-mingw32/11.2.0/crtbegin.o
                0x0000000140001510                __gcc_register_frame
                0x0000000140001520                __gcc_deregister_frame
 .text          0x0000000140001530      0x130 C:\Users\ALLEWA~1\AppData\Local\Temp\ccbqShx2.o
                0x0000000140001530                error_Type(err_status, std::__cxx11::basic_string<char, std::char_traits<char>, std::allocator<char> >&)
 .text          0x0000000140001660      0x110 C:\Users\ALLEWA~1\AppData\Local\Temp\cctgWBkz.o
                0x0000000140001660                main
 .text          0x0000000140001770        0x8 E:/Michael/ITI/CppES/msys64/mingw64/bin/../lib/gcc/x86_64-w64-mingw32/11.2.0/libstdc++.dll.a(d006693.o)
                0x0000000140001770                __gxx_personality_seh0
 .text          0x0000000140001778        0x8 E:/Michael/ITI/CppES/msys64/mingw64/bin/../lib/gcc/x86_64-w64-mingw32/11.2.0/libstdc++.dll.a(d005637.o)
                0x0000000140001778                std::basic_istream<char, std::char_traits<char> >& std::operator>><char, std::char_traits<char>, std::allocator<char> >(std::basic_istream<char, std::char_traits<char> >&, std::__cxx11::basic_string<char, std::char_traits<char>, std::allocator<char> >&)
 .text          0x0000000140001780        0x8 E:/Michael/ITI/CppES/msys64/mingw64/bin/../lib/gcc/x86_64-w64-mingw32/11.2.0/libstdc++.dll.a(d005593.o)
                0x0000000140001780                std::basic_ostream<char, std::char_traits<char> >& std::operator<< <char, std::char_traits<char>, std::allocator<char> >(std::basic_ostream<char, std::char_traits<char> >&, std::__cxx11::basic_string<char, std::char_traits<char>, std::allocator<char> > const&)
 .text          0x0000000140001788        0x8 E:/Michael/ITI/CppES/msys64/mingw64/bin/../lib/gcc/x86_64-w64-mingw32/11.2.0/libstdc++.dll.a(d005582.o)
                0x0000000140001788                std::basic_ostream<char, std::char_traits<char> >& std::operator<< <std::char_traits<char> >(std::basic_ostream<char, std::char_traits<char> >&, char const*)
 .text          0x0000000140001790        0x0 E:/Michael/ITI/CppES/msys64/mingw64/bin/../lib/gcc/x86_64-w64-mingw32/11.2.0/libstdc++.dll.a(d005462.o)
 .text          0x0000000140001790        0x8 E:/Michael/ITI/CppES/msys64/mingw64/bin/../lib/gcc/x86_64-w64-mingw32/11.2.0/libstdc++.dll.a(d005301.o)
                0x0000000140001790                std::basic_ios<char, std::char_traits<char> >::clear(std::_Ios_Iostate)
 .text          0x0000000140001798        0x8 E:/Michael/ITI/CppES/msys64/mingw64/bin/../lib/gcc/x86_64-w64-mingw32/11.2.0/libstdc++.dll.a(d005165.o)
                0x0000000140001798                std::ios_base::Init::~Init()
 .text          0x00000001400017a0        0x8 E:/Michael/ITI/CppES/msys64/mingw64/bin/../lib/gcc/x86_64-w64-mingw32/11.2.0/libstdc++.dll.a(d005163.o)
                0x00000001400017a0                std::ios_base::Init::Init()
 .text          0x00000001400017a8        0x8 E:/Michael/ITI/CppES/msys64/mingw64/bin/../lib/gcc/x86_64-w64-mingw32/11.2.0/libstdc++.dll.a(d004874.o)
                0x00000001400017a8                std::__cxx11::basic_stringstream<char, std::char_traits<char>, std::allocator<char> >::~basic_stringstream()
 .text          0x00000001400017b0        0x8 E:/Michael/ITI/CppES/msys64/mingw64/bin/../lib/gcc/x86_64-w64-mingw32/11.2.0/libstdc++.dll.a(d004866.o)
                0x00000001400017b0                std::__cxx11::basic_stringstream<char, std::char_traits<char>, std::allocator<char> >::basic_stringstream()
 .text          0x00000001400017b8        0x8 E:/Michael/ITI/CppES/msys64/mingw64/bin/../lib/gcc/x86_64-w64-mingw32/11.2.0/libstdc++.dll.a(d004533.o)
                0x00000001400017b8                std::__cxx11::basic_string<char, std::char_traits<char>, std::allocator<char> >::operator+=(std::__cxx11::basic_string<char, std::char_traits<char>, std::allocator<char> > const&)
 .text          0x00000001400017c0        0x8 E:/Michael/ITI/CppES/msys64/mingw64/bin/../lib/gcc/x86_64-w64-mingw32/11.2.0/libstdc++.dll.a(d004532.o)
                0x00000001400017c0                std::__cxx11::basic_string<char, std::char_traits<char>, std::allocator<char> >::operator+=(char const*)
 .text          0x00000001400017c8        0x8 E:/Michael/ITI/CppES/msys64/mingw64/bin/../lib/gcc/x86_64-w64-mingw32/11.2.0/libstdc++.dll.a(d004527.o)
                0x00000001400017c8                std::__cxx11::basic_string<char, std::char_traits<char>, std::allocator<char> >::operator=(char const*)
 .text          0x00000001400017d0        0x8 E:/Michael/ITI/CppES/msys64/mingw64/bin/../lib/gcc/x86_64-w64-mingw32/11.2.0/libstdc++.dll.a(d004526.o)
                0x00000001400017d0                std::__cxx11::basic_string<char, std::char_traits<char>, std::allocator<char> >::operator=(std::__cxx11::basic_string<char, std::char_traits<char>, std::allocator<char> >&&)
 .text          0x00000001400017d8        0x8 E:/Michael/ITI/CppES/msys64/mingw64/bin/../lib/gcc/x86_64-w64-mingw32/11.2.0/libstdc++.dll.a(d004524.o)
                0x00000001400017d8                std::__cxx11::basic_string<char, std::char_traits<char>, std::allocator<char> >::~basic_string()
 .text          0x00000001400017e0        0x8 E:/Michael/ITI/CppES/msys64/mingw64/bin/../lib/gcc/x86_64-w64-mingw32/11.2.0/libstdc++.dll.a(d004502.o)
                0x00000001400017e0                std::__cxx11::basic_string<char, std::char_traits<char>, std::allocator<char> >::basic_string()
 .text          0x00000001400017e8        0x8 E:/Michael/ITI/CppES/msys64/mingw64/bin/../lib/gcc/x86_64-w64-mingw32/11.2.0/libstdc++.dll.a(d004495.o)
                0x00000001400017e8                std::__cxx11::basic_string<char, std::char_traits<char>, std::allocator<char> >::basic_string(std::allocator<char> const&)
 .text          0x00000001400017f0        0x8 E:/Michael/ITI/CppES/msys64/mingw64/bin/../lib/gcc/x86_64-w64-mingw32/11.2.0/libstdc++.dll.a(d004491.o)
                0x00000001400017f0                std::__cxx11::basic_string<char, std::char_traits<char>, std::allocator<char> >::basic_string(std::__cxx11::basic_string<char, std::char_traits<char>, std::allocator<char> >&&)
 .text          0x00000001400017f8        0x8 E:/Michael/ITI/CppES/msys64/mingw64/bin/../lib/gcc/x86_64-w64-mingw32/11.2.0/libstdc++.dll.a(d004480.o)
                0x00000001400017f8                std::__cxx11::basic_string<char, std::char_traits<char>, std::allocator<char> >::reserve(unsigned long long)
 .text          0x0000000140001800        0x8 E:/Michael/ITI/CppES/msys64/mingw64/bin/../lib/gcc/x86_64-w64-mingw32/11.2.0/libstdc++.dll.a(d004428.o)
                0x0000000140001800                std::__cxx11::basic_string<char, std::char_traits<char>, std::allocator<char> >::append(std::__cxx11::basic_string<char, std::char_traits<char>, std::allocator<char> > const&)
 .text          0x0000000140001808        0x8 E:/Michael/ITI/CppES/msys64/mingw64/bin/../lib/gcc/x86_64-w64-mingw32/11.2.0/libstdc++.dll.a(d004427.o)
                0x0000000140001808                std::__cxx11::basic_string<char, std::char_traits<char>, std::allocator<char> >::append(char const*, unsigned long long)
 .text          0x0000000140001810        0x8 E:/Michael/ITI/CppES/msys64/mingw64/bin/../lib/gcc/x86_64-w64-mingw32/11.2.0/libstdc++.dll.a(d004426.o)
                0x0000000140001810                std::__cxx11::basic_string<char, std::char_traits<char>, std::allocator<char> >::append(char const*)
 .text          0x0000000140001818        0x8 E:/Michael/ITI/CppES/msys64/mingw64/bin/../lib/gcc/x86_64-w64-mingw32/11.2.0/libstdc++.dll.a(d003071.o)
                0x0000000140001818                std::basic_ofstream<char, std::char_traits<char> >::~basic_ofstream()
 .text          0x0000000140001820        0x8 E:/Michael/ITI/CppES/msys64/mingw64/bin/../lib/gcc/x86_64-w64-mingw32/11.2.0/libstdc++.dll.a(d003059.o)
                0x0000000140001820                std::basic_ofstream<char, std::char_traits<char> >::basic_ofstream(char const*, std::_Ios_Openmode)
 .text          0x0000000140001828        0x8 E:/Michael/ITI/CppES/msys64/mingw64/bin/../lib/gcc/x86_64-w64-mingw32/11.2.0/libstdc++.dll.a(d003056.o)
                0x0000000140001828                std::basic_ofstream<char, std::char_traits<char> >::close()
 .text          0x0000000140001830        0x8 E:/Michael/ITI/CppES/msys64/mingw64/bin/../lib/gcc/x86_64-w64-mingw32/11.2.0/libstdc++.dll.a(d001906.o)
                0x0000000140001830                std::ostream::operator<<(unsigned int)
 .text          0x0000000140001838        0x8 E:/Michael/ITI/CppES/msys64/mingw64/bin/../lib/gcc/x86_64-w64-mingw32/11.2.0/libstdc++.dll.a(d001642.o)
                0x0000000140001838                std::allocator<char>::~allocator()
 .text          0x0000000140001840        0x8 E:/Michael/ITI/CppES/msys64/mingw64/bin/../lib/gcc/x86_64-w64-mingw32/11.2.0/libstdc++.dll.a(d001638.o)
                0x0000000140001840                std::allocator<char>::allocator(std::allocator<char> const&)
 .text          0x0000000140001848        0x8 E:/Michael/ITI/CppES/msys64/mingw64/bin/../lib/gcc/x86_64-w64-mingw32/11.2.0/libstdc++.dll.a(d001071.o)
                0x0000000140001848                std::__cxx11::basic_string<char, std::char_traits<char>, std::allocator<char> >::size() const
 .text          0x0000000140001850        0x8 E:/Michael/ITI/CppES/msys64/mingw64/bin/../lib/gcc/x86_64-w64-mingw32/11.2.0/libstdc++.dll.a(d001049.o)
                0x0000000140001850                std::__cxx11::basic_string<char, std::char_traits<char>, std::allocator<char> >::get_allocator() const
 *fill*         0x0000000140001858        0x8 
 .text          0x0000000140001860       0xd0 E:/Michael/ITI/CppES/msys64/mingw64/bin/../lib/gcc/x86_64-w64-mingw32/11.2.0/../../../../x86_64-w64-mingw32/lib/../lib/libmingw32.a(lib64_libmingw32_a-gccmain.o)
                0x0000000140001860                __do_global_dtors
                0x00000001400018a0                __do_global_ctors
                0x0000000140001910                __main
 .text          0x0000000140001930        0x0 E:/Michael/ITI/CppES/msys64/mingw64/bin/../lib/gcc/x86_64-w64-mingw32/11.2.0/../../../../x86_64-w64-mingw32/lib/../lib/libmingw32.a(lib64_libmingw32_a-natstart.o)
 .text          0x0000000140001930        0x0 E:/Michael/ITI/CppES/msys64/mingw64/bin/../lib/gcc/x86_64-w64-mingw32/11.2.0/../../../../x86_64-w64-mingw32/lib/../lib/libmingw32.a(lib64_libmingw32_a-wildcard.o)
 .text          0x0000000140001930       0x10 E:/Michael/ITI/CppES/msys64/mingw64/bin/../lib/gcc/x86_64-w64-mingw32/11.2.0/../../../../x86_64-w64-mingw32/lib/../lib/libmingw32.a(lib64_libmingw32_a-dllargv.o)
                0x0000000140001930                _setargv
 .text          0x0000000140001940        0x0 E:/Michael/ITI/CppES/msys64/mingw64/bin/../lib/gcc/x86_64-w64-mingw32/11.2.0/../../../../x86_64-w64-mingw32/lib/../lib/libmingw32.a(lib64_libmingw32_a-_newmode.o)
 .text          0x0000000140001940       0xd0 E:/Michael/ITI/CppES/msys64/mingw64/bin/../lib/gcc/x86_64-w64-mingw32/11.2.0/../../../../x86_64-w64-mingw32/lib/../lib/libmingw32.a(lib64_libmingw32_a-tlssup.o)
                0x0000000140001970                __dyn_tls_init
                0x0000000140001a00                __tlregdtor
 .text          0x0000000140001a10        0x0 E:/Michael/ITI/CppES/msys64/mingw64/bin/../lib/gcc/x86_64-w64-mingw32/11.2.0/../../../../x86_64-w64-mingw32/lib/../lib/libmingw32.a(lib64_libmingw32_a-xncommod.o)
 .text          0x0000000140001a10        0x0 E:/Michael/ITI/CppES/msys64/mingw64/bin/../lib/gcc/x86_64-w64-mingw32/11.2.0/../../../../x86_64-w64-mingw32/lib/../lib/libmingw32.a(lib64_libmingw32_a-cinitexe.o)
 .text          0x0000000140001a10      0x100 E:/Michael/ITI/CppES/msys64/mingw64/bin/../lib/gcc/x86_64-w64-mingw32/11.2.0/../../../../x86_64-w64-mingw32/lib/../lib/libmingw32.a(lib64_libmingw32_a-merr.o)
                0x0000000140001a10                _matherr
 .text          0x0000000140001b10       0x10 E:/Michael/ITI/CppES/msys64/mingw64/bin/../lib/gcc/x86_64-w64-mingw32/11.2.0/../../../../x86_64-w64-mingw32/lib/../lib/libmingw32.a(lib64_libmingw32_a-CRT_fp10.o)
                0x0000000140001b10                fpreset
                0x0000000140001b10                _fpreset
 .text          0x0000000140001b20        0x0 E:/Michael/ITI/CppES/msys64/mingw64/bin/../lib/gcc/x86_64-w64-mingw32/11.2.0/../../../../x86_64-w64-mingw32/lib/../lib/libmingw32.a(lib64_libmingw32_a-mingw_helpers.o)
 .text          0x0000000140001b20      0x520 E:/Michael/ITI/CppES/msys64/mingw64/bin/../lib/gcc/x86_64-w64-mingw32/11.2.0/../../../../x86_64-w64-mingw32/lib/../lib/libmingw32.a(lib64_libmingw32_a-pseudo-reloc.o)
                0x0000000140001d00                _pei386_runtime_relocator
 .text          0x0000000140002040       0x60 E:/Michael/ITI/CppES/msys64/mingw64/bin/../lib/gcc/x86_64-w64-mingw32/11.2.0/../../../../x86_64-w64-mingw32/lib/../lib/libmingw32.a(lib64_libmingw32_a-usermatherr.o)
                0x0000000140002040                __mingw_raise_matherr
                0x0000000140002090                __mingw_setusermatherr
 .text          0x00000001400020a0        0x0 E:/Michael/ITI/CppES/msys64/mingw64/bin/../lib/gcc/x86_64-w64-mingw32/11.2.0/../../../../x86_64-w64-mingw32/lib/../lib/libmingw32.a(lib64_libmingw32_a-xtxtmode.o)
 .text          0x00000001400020a0      0x1c0 E:/Michael/ITI/CppES/msys64/mingw64/bin/../lib/gcc/x86_64-w64-mingw32/11.2.0/../../../../x86_64-w64-mingw32/lib/../lib/libmingw32.a(lib64_libmingw32_a-crt_handler.o)
                0x00000001400020a0                _gnu_exception_handler
 .text          0x0000000140002260      0x290 E:/Michael/ITI/CppES/msys64/mingw64/bin/../lib/gcc/x86_64-w64-mingw32/11.2.0/../../../../x86_64-w64-mingw32/lib/../lib/libmingw32.a(lib64_libmingw32_a-tlsthrd.o)
                0x00000001400022e0                ___w64_mingwthr_add_key_dtor
                0x0000000140002370                ___w64_mingwthr_remove_key_dtor
                0x0000000140002400                __mingw_TLScallback
 .text          0x00000001400024f0        0x0 E:/Michael/ITI/CppES/msys64/mingw64/bin/../lib/gcc/x86_64-w64-mingw32/11.2.0/../../../../x86_64-w64-mingw32/lib/../lib/libmingw32.a(lib64_libmingw32_a-tlsmcrt.o)
 .text          0x00000001400024f0        0x0 E:/Michael/ITI/CppES/msys64/mingw64/bin/../lib/gcc/x86_64-w64-mingw32/11.2.0/../../../../x86_64-w64-mingw32/lib/../lib/libmingw32.a(lib64_libmingw32_a-pseudo-reloc-list.o)
 .text          0x00000001400024f0      0x3e0 E:/Michael/ITI/CppES/msys64/mingw64/bin/../lib/gcc/x86_64-w64-mingw32/11.2.0/../../../../x86_64-w64-mingw32/lib/../lib/libmingw32.a(lib64_libmingw32_a-pesect.o)
                0x00000001400024f0                _ValidateImageBase
                0x0000000140002520                _FindPESection
                0x0000000140002570                _FindPESectionByName
                0x0000000140002610                __mingw_GetSectionForAddress
                0x0000000140002690                __mingw_GetSectionCount
                0x00000001400026d0                _FindPESectionExec
                0x0000000140002740                _GetPEImageBase
                0x0000000140002780                _IsNonwritableInCurrentImage
                0x0000000140002810                __mingw_enum_import_library_names
 .text          0x00000001400028d0        0x8 E:/Michael/ITI/CppES/msys64/mingw64/bin/../lib/gcc/x86_64-w64-mingw32/11.2.0/libgcc_s.a(d000015.o)
                0x00000001400028d0                _Unwind_Resume
 *fill*         0x00000001400028d8        0x8 
 .text          0x00000001400028e0       0x40 E:/Michael/ITI/CppES/msys64/mingw64/bin/../lib/gcc/x86_64-w64-mingw32/11.2.0/libgcc.a(_chkstk_ms.o)
                0x00000001400028e0                ___chkstk_ms
 .text          0x0000000140002920        0x0 E:/Michael/ITI/CppES/msys64/mingw64/bin/../lib/gcc/x86_64-w64-mingw32/11.2.0/libgcc.a(_ctors.o)
 .text          0x0000000140002920        0x0 E:/Michael/ITI/CppES/msys64/mingw64/bin/../lib/gcc/x86_64-w64-mingw32/11.2.0/../../../../x86_64-w64-mingw32/lib/../lib/libmingwex.a(lib64_libmingwex_a-mingw_matherr.o)
 .text          0x0000000140002920       0x10 E:/Michael/ITI/CppES/msys64/mingw64/bin/../lib/gcc/x86_64-w64-mingw32/11.2.0/../../../../x86_64-w64-mingw32/lib/../lib/libmsvcrt.a(lib64_libmsvcrt_extra_a-__p__fmode.o)
                0x0000000140002920                __p__fmode
 .text          0x0000000140002930       0x10 E:/Michael/ITI/CppES/msys64/mingw64/bin/../lib/gcc/x86_64-w64-mingw32/11.2.0/../../../../x86_64-w64-mingw32/lib/../lib/libmsvcrt.a(lib64_libmsvcrt_extra_a-__p__commode.o)
                0x0000000140002930                __p__commode
 .text          0x0000000140002940       0x10 E:/Michael/ITI/CppES/msys64/mingw64/bin/../lib/gcc/x86_64-w64-mingw32/11.2.0/../../../../x86_64-w64-mingw32/lib/../lib/libmsvcrt.a(lib64_libmsvcrt_extra_a-__p__acmdln.o)
                0x0000000140002940                __p__acmdln
 .text          0x0000000140002950       0x20 E:/Michael/ITI/CppES/msys64/mingw64/bin/../lib/gcc/x86_64-w64-mingw32/11.2.0/../../../../x86_64-w64-mingw32/lib/../lib/libmsvcrt.a(lib64_libmsvcrt_extra_a-invalid_parameter_handler.o)
                0x0000000140002950                _get_invalid_parameter_handler
                0x0000000140002960                _set_invalid_parameter_handler
 .text          0x0000000140002970       0x20 E:/Michael/ITI/CppES/msys64/mingw64/bin/../lib/gcc/x86_64-w64-mingw32/11.2.0/../../../../x86_64-w64-mingw32/lib/../lib/libmsvcrt.a(lib64_libmsvcrt_common_a-acrt_iob_func.o)
                0x0000000140002970                __acrt_iob_func
 .text          0x0000000140002990        0x8 E:/Michael/ITI/CppES/msys64/mingw64/bin/../lib/gcc/x86_64-w64-mingw32/11.2.0/../../../../x86_64-w64-mingw32/lib/../lib/libmsvcrt.a(libmsvcrt_defs00055.o)
                0x0000000140002990                __C_specific_handler
 .text          0x0000000140002998        0x8 E:/Michael/ITI/CppES/msys64/mingw64/bin/../lib/gcc/x86_64-w64-mingw32/11.2.0/../../../../x86_64-w64-mingw32/lib/../lib/libmsvcrt.a(libmsvcrt_defs00081.o)
                0x0000000140002998                __getmainargs
 .text          0x00000001400029a0        0x0 E:/Michael/ITI/CppES/msys64/mingw64/bin/../lib/gcc/x86_64-w64-mingw32/11.2.0/../../../../x86_64-w64-mingw32/lib/../lib/libmsvcrt.a(libmsvcrt_defs00082.o)
 .text          0x00000001400029a0        0x8 E:/Michael/ITI/CppES/msys64/mingw64/bin/../lib/gcc/x86_64-w64-mingw32/11.2.0/../../../../x86_64-w64-mingw32/lib/../lib/libmsvcrt.a(libmsvcrt_defs00083.o)
                0x00000001400029a0                __iob_func
 .text          0x00000001400029a8        0x8 E:/Michael/ITI/CppES/msys64/mingw64/bin/../lib/gcc/x86_64-w64-mingw32/11.2.0/../../../../x86_64-w64-mingw32/lib/../lib/libmsvcrt.a(libmsvcrt_defs00097.o)
                0x00000001400029a8                __set_app_type
 .text          0x00000001400029b0        0x8 E:/Michael/ITI/CppES/msys64/mingw64/bin/../lib/gcc/x86_64-w64-mingw32/11.2.0/../../../../x86_64-w64-mingw32/lib/../lib/libmsvcrt.a(libmsvcrt_defs00099.o)
                0x00000001400029b0                __setusermatherr
 .text          0x00000001400029b8        0x0 E:/Michael/ITI/CppES/msys64/mingw64/bin/../lib/gcc/x86_64-w64-mingw32/11.2.0/../../../../x86_64-w64-mingw32/lib/../lib/libmsvcrt.a(libmsvcrt_defs00116.o)
 .text          0x00000001400029b8        0x8 E:/Michael/ITI/CppES/msys64/mingw64/bin/../lib/gcc/x86_64-w64-mingw32/11.2.0/../../../../x86_64-w64-mingw32/lib/../lib/libmsvcrt.a(libmsvcrt_defs00123.o)
                0x00000001400029b8                _amsg_exit
 .text          0x00000001400029c0        0x8 E:/Michael/ITI/CppES/msys64/mingw64/bin/../lib/gcc/x86_64-w64-mingw32/11.2.0/../../../../x86_64-w64-mingw32/lib/../lib/libmsvcrt.a(libmsvcrt_defs00141.o)
                0x00000001400029c0                _cexit
 .text          0x00000001400029c8        0x0 E:/Michael/ITI/CppES/msys64/mingw64/bin/../lib/gcc/x86_64-w64-mingw32/11.2.0/../../../../x86_64-w64-mingw32/lib/../lib/libmsvcrt.a(libmsvcrt_defs00157.o)
 .text          0x00000001400029c8        0x0 E:/Michael/ITI/CppES/msys64/mingw64/bin/../lib/gcc/x86_64-w64-mingw32/11.2.0/../../../../x86_64-w64-mingw32/lib/../lib/libmsvcrt.a(libmsvcrt_defs00254.o)
 .text          0x00000001400029c8        0x8 E:/Michael/ITI/CppES/msys64/mingw64/bin/../lib/gcc/x86_64-w64-mingw32/11.2.0/../../../../x86_64-w64-mingw32/lib/../lib/libmsvcrt.a(libmsvcrt_defs00332.o)
                0x00000001400029c8                _initterm
 .text          0x00000001400029d0        0x8 E:/Michael/ITI/CppES/msys64/mingw64/bin/../lib/gcc/x86_64-w64-mingw32/11.2.0/../../../../x86_64-w64-mingw32/lib/../lib/libmsvcrt.a(libmsvcrt_defs00614.o)
                0x00000001400029d0                _onexit
 .text          0x00000001400029d8        0x8 E:/Michael/ITI/CppES/msys64/mingw64/bin/../lib/gcc/x86_64-w64-mingw32/11.2.0/../../../../x86_64-w64-mingw32/lib/../lib/libmsvcrt.a(libmsvcrt_defs01038.o)
                0x00000001400029d8                abort
 .text          0x00000001400029e0        0x8 E:/Michael/ITI/CppES/msys64/mingw64/bin/../lib/gcc/x86_64-w64-mingw32/11.2.0/../../../../x86_64-w64-mingw32/lib/../lib/libmsvcrt.a(libmsvcrt_defs01056.o)
                0x00000001400029e0                calloc
 .text          0x00000001400029e8        0x8 E:/Michael/ITI/CppES/msys64/mingw64/bin/../lib/gcc/x86_64-w64-mingw32/11.2.0/../../../../x86_64-w64-mingw32/lib/../lib/libmsvcrt.a(libmsvcrt_defs01069.o)
                0x00000001400029e8                exit
 .text          0x00000001400029f0        0x8 E:/Michael/ITI/CppES/msys64/mingw64/bin/../lib/gcc/x86_64-w64-mingw32/11.2.0/../../../../x86_64-w64-mingw32/lib/../lib/libmsvcrt.a(libmsvcrt_defs01090.o)
                0x00000001400029f0                fprintf
 .text          0x00000001400029f8        0x8 E:/Michael/ITI/CppES/msys64/mingw64/bin/../lib/gcc/x86_64-w64-mingw32/11.2.0/../../../../x86_64-w64-mingw32/lib/../lib/libmsvcrt.a(libmsvcrt_defs01097.o)
                0x00000001400029f8                free
 .text          0x0000000140002a00        0x8 E:/Michael/ITI/CppES/msys64/mingw64/bin/../lib/gcc/x86_64-w64-mingw32/11.2.0/../../../../x86_64-w64-mingw32/lib/../lib/libmsvcrt.a(libmsvcrt_defs01110.o)
                0x0000000140002a00                fwrite
 .text          0x0000000140002a08        0x8 E:/Michael/ITI/CppES/msys64/mingw64/bin/../lib/gcc/x86_64-w64-mingw32/11.2.0/../../../../x86_64-w64-mingw32/lib/../lib/libmsvcrt.a(libmsvcrt_defs01158.o)
                0x0000000140002a08                malloc
 .text          0x0000000140002a10        0x8 E:/Michael/ITI/CppES/msys64/mingw64/bin/../lib/gcc/x86_64-w64-mingw32/11.2.0/../../../../x86_64-w64-mingw32/lib/../lib/libmsvcrt.a(libmsvcrt_defs01166.o)
                0x0000000140002a10                memcpy
 .text          0x0000000140002a18        0x8 E:/Michael/ITI/CppES/msys64/mingw64/bin/../lib/gcc/x86_64-w64-mingw32/11.2.0/../../../../x86_64-w64-mingw32/lib/../lib/libmsvcrt.a(libmsvcrt_defs01198.o)
                0x0000000140002a18                signal
 .text          0x0000000140002a20        0x8 E:/Michael/ITI/CppES/msys64/mingw64/bin/../lib/gcc/x86_64-w64-mingw32/11.2.0/../../../../x86_64-w64-mingw32/lib/../lib/libmsvcrt.a(libmsvcrt_defs01221.o)
                0x0000000140002a20                strlen
 .text          0x0000000140002a28        0x8 E:/Michael/ITI/CppES/msys64/mingw64/bin/../lib/gcc/x86_64-w64-mingw32/11.2.0/../../../../x86_64-w64-mingw32/lib/../lib/libmsvcrt.a(libmsvcrt_defs01224.o)
                0x0000000140002a28                strncmp
 .text          0x0000000140002a30        0x8 E:/Michael/ITI/CppES/msys64/mingw64/bin/../lib/gcc/x86_64-w64-mingw32/11.2.0/../../../../x86_64-w64-mingw32/lib/../lib/libmsvcrt.a(libmsvcrt_defs01259.o)
                0x0000000140002a30                vfprintf
 *fill*         0x0000000140002a38        0x8 
 .text          0x0000000140002a40        0x0 E:/Michael/ITI/CppES/msys64/mingw64/bin/../lib/gcc/x86_64-w64-mingw32/11.2.0/../../../../x86_64-w64-mingw32/lib/../lib/libmsvcrt.a(libmsvcrt_defh.o)
 .text          0x0000000140002a40        0x0 E:/Michael/ITI/CppES/msys64/mingw64/bin/../lib/gcc/x86_64-w64-mingw32/11.2.0/../../../../x86_64-w64-mingw32/lib/../lib/libmsvcrt.a(libmsvcrt_deft.o)
 .text          0x0000000140002a40        0x8 E:/Michael/ITI/CppES/msys64/mingw64/bin/../lib/gcc/x86_64-w64-mingw32/11.2.0/../../../../x86_64-w64-mingw32/lib/../lib/libkernel32.a(libkernel32s01493.o)
                0x0000000140002a40                VirtualQuery
 .text          0x0000000140002a48        0x8 E:/Michael/ITI/CppES/msys64/mingw64/bin/../lib/gcc/x86_64-w64-mingw32/11.2.0/../../../../x86_64-w64-mingw32/lib/../lib/libkernel32.a(libkernel32s01491.o)
                0x0000000140002a48                VirtualProtect
 .text          0x0000000140002a50        0x8 E:/Michael/ITI/CppES/msys64/mingw64/bin/../lib/gcc/x86_64-w64-mingw32/11.2.0/../../../../x86_64-w64-mingw32/lib/../lib/libkernel32.a(libkernel32s01444.o)
                0x0000000140002a50                TlsGetValue
 .text          0x0000000140002a58        0x8 E:/Michael/ITI/CppES/msys64/mingw64/bin/../lib/gcc/x86_64-w64-mingw32/11.2.0/../../../../x86_64-w64-mingw32/lib/../lib/libkernel32.a(libkernel32s01409.o)
                0x0000000140002a58                Sleep
 .text          0x0000000140002a60        0x8 E:/Michael/ITI/CppES/msys64/mingw64/bin/../lib/gcc/x86_64-w64-mingw32/11.2.0/../../../../x86_64-w64-mingw32/lib/../lib/libkernel32.a(libkernel32s01393.o)
                0x0000000140002a60                SetUnhandledExceptionFilter
 .text          0x0000000140002a68        0x8 E:/Michael/ITI/CppES/msys64/mingw64/bin/../lib/gcc/x86_64-w64-mingw32/11.2.0/../../../../x86_64-w64-mingw32/lib/../lib/libkernel32.a(libkernel32s00983.o)
                0x0000000140002a68                LeaveCriticalSection
 .text          0x0000000140002a70        0x8 E:/Michael/ITI/CppES/msys64/mingw64/bin/../lib/gcc/x86_64-w64-mingw32/11.2.0/../../../../x86_64-w64-mingw32/lib/../lib/libkernel32.a(libkernel32s00891.o)
                0x0000000140002a70                InitializeCriticalSection
 .text          0x0000000140002a78        0x8 E:/Michael/ITI/CppES/msys64/mingw64/bin/../lib/gcc/x86_64-w64-mingw32/11.2.0/../../../../x86_64-w64-mingw32/lib/../lib/libkernel32.a(libkernel32s00742.o)
                0x0000000140002a78                GetStartupInfoA
 .text          0x0000000140002a80        0x8 E:/Michael/ITI/CppES/msys64/mingw64/bin/../lib/gcc/x86_64-w64-mingw32/11.2.0/../../../../x86_64-w64-mingw32/lib/../lib/libkernel32.a(libkernel32s00629.o)
                0x0000000140002a80                GetLastError
 .text          0x0000000140002a88        0x8 E:/Michael/ITI/CppES/msys64/mingw64/bin/../lib/gcc/x86_64-w64-mingw32/11.2.0/../../../../x86_64-w64-mingw32/lib/../lib/libkernel32.a(libkernel32s00318.o)
                0x0000000140002a88                EnterCriticalSection
 .text          0x0000000140002a90        0x8 E:/Michael/ITI/CppES/msys64/mingw64/bin/../lib/gcc/x86_64-w64-mingw32/11.2.0/../../../../x86_64-w64-mingw32/lib/../lib/libkernel32.a(libkernel32s00282.o)
                0x0000000140002a90                DeleteCriticalSection
 *fill*         0x0000000140002a98        0x8 
 .text          0x0000000140002aa0        0x0 E:/Michael/ITI/CppES/msys64/mingw64/bin/../lib/gcc/x86_64-w64-mingw32/11.2.0/../../../../x86_64-w64-mingw32/lib/../lib/libkernel32.a(libkernel32h.o)
 .text          0x0000000140002aa0        0x0 E:/Michael/ITI/CppES/msys64/mingw64/bin/../lib/gcc/x86_64-w64-mingw32/11.2.0/../../../../x86_64-w64-mingw32/lib/../lib/libkernel32.a(libkernel32t.o)
 .text          0x0000000140002aa0        0x0 E:/Michael/ITI/CppES/msys64/mingw64/bin/../lib/gcc/x86_64-w64-mingw32/11.2.0/crtend.o
 *(SORT_BY_NAME(.text$*))
 .text$_Z4testIhEb10permissionh
                0x0000000140002aa0     0x2250 C:\Users\ALLEWA~1\AppData\Local\Temp\cctgWBkz.o
                0x0000000140002aa0                bool test<unsigned char>(permission, unsigned char)
 .text$_ZN15register_DriverIhE13get_Bit_UnionE8reg_bitsIhEhRh
                0x0000000140004cf0      0x120 C:\Users\ALLEWA~1\AppData\Local\Temp\cctgWBkz.o
                0x0000000140004cf0                register_Driver<unsigned char>::get_Bit_Union(reg_bits<unsigned char>, unsigned char, unsigned char&)
 .text$_ZN15register_DriverIhE13setPermissionE10permissionbh
                0x0000000140004e10      0x250 C:\Users\ALLEWA~1\AppData\Local\Temp\cctgWBkz.o
                0x0000000140004e10                register_Driver<unsigned char>::setPermission(permission, bool, unsigned char)
 .text$_ZN15register_DriverIhE13set_Bit_UnionER8reg_bitsIhEhh
                0x0000000140005060      0x190 C:\Users\ALLEWA~1\AppData\Local\Temp\cctgWBkz.o
                0x0000000140005060                register_Driver<unsigned char>::set_Bit_Union(reg_bits<unsigned char>&, unsigned char, unsigned char)
 .text$_ZN15register_DriverIhE16getRegisterValueERh
                0x00000001400051f0       0x50 C:\Users\ALLEWA~1\AppData\Local\Temp\cctgWBkz.o
                0x00000001400051f0                register_Driver<unsigned char>::getRegisterValue(unsigned char&)
 .text$_ZN15register_DriverIhE16setRegisterValueEh
                0x0000000140005240       0x50 C:\Users\ALLEWA~1\AppData\Local\Temp\cctgWBkz.o
                0x0000000140005240                register_Driver<unsigned char>::setRegisterValue(unsigned char)
 .text$_ZN15register_DriverIhE6getBitEhRh
                0x0000000140005290      0x170 C:\Users\ALLEWA~1\AppData\Local\Temp\cctgWBkz.o
                0x0000000140005290                register_Driver<unsigned char>::getBit(unsigned char, unsigned char&)
 .text$_ZN15register_DriverIhE6setBitEh
                0x0000000140005400       0xe0 C:\Users\ALLEWA~1\AppData\Local\Temp\cctgWBkz.o
                0x0000000140005400                register_Driver<unsigned char>::setBit(unsigned char)
 .text$_ZN15register_DriverIhE8clearBitEh
                0x00000001400054e0       0xe0 C:\Users\ALLEWA~1\AppData\Local\Temp\cctgWBkz.o
                0x00000001400054e0                register_Driver<unsigned char>::clearBit(unsigned char)
 .text$_ZN15register_DriverIhEC1Eh10permission
                0x00000001400055c0       0xa0 C:\Users\ALLEWA~1\AppData\Local\Temp\cctgWBkz.o
                0x00000001400055c0                register_Driver<unsigned char>::register_Driver(unsigned char, permission)
 .text$_ZN15register_DriverIhED1Ev
                0x0000000140005660       0x10 C:\Users\ALLEWA~1\AppData\Local\Temp\cctgWBkz.o
                0x0000000140005660                register_Driver<unsigned char>::~register_Driver()
 .text$_ZN9__gnu_cxx11char_traitsIcE2eqERKcS3_
                0x0000000140005670       0x30 C:\Users\ALLEWA~1\AppData\Local\Temp\cctgWBkz.o
                0x0000000140005670                __gnu_cxx::char_traits<char>::eq(char const&, char const&)
 .text$_ZN9__gnu_cxx11char_traitsIcE6lengthEPKc
                0x00000001400056a0       0x50 C:\Users\ALLEWA~1\AppData\Local\Temp\cctgWBkz.o
                0x00000001400056a0                __gnu_cxx::char_traits<char>::length(char const*)
 .text$_ZN9__gnu_cxx14__alloc_traitsISaIcEcE17_S_select_on_copyERKS1_
                0x00000001400056f0       0x30 C:\Users\ALLEWA~1\AppData\Local\Temp\cctgWBkz.o
                0x00000001400056f0                __gnu_cxx::__alloc_traits<std::allocator<char>, char>::_S_select_on_copy(std::allocator<char> const&)
 .text$_ZNSt11char_traitsIcE6lengthEPKc
                0x0000000140005720       0x40 C:\Users\ALLEWA~1\AppData\Local\Temp\cctgWBkz.o
                0x0000000140005720                std::char_traits<char>::length(char const*)
 .text$_ZNSt16allocator_traitsISaIcEE37select_on_container_copy_constructionERKS0_
                0x0000000140005760       0x30 C:\Users\ALLEWA~1\AppData\Local\Temp\cctgWBkz.o
                0x0000000140005760                std::allocator_traits<std::allocator<char> >::select_on_container_copy_construction(std::allocator<char> const&)
 .text$_ZSt4moveIRNSt7__cxx1112basic_stringIcSt11char_traitsIcESaIcEEEEONSt16remove_referenceIT_E4typeEOS8_
                0x0000000140005790       0x10 C:\Users\ALLEWA~1\AppData\Local\Temp\cctgWBkz.o
                0x0000000140005790                std::remove_reference<std::__cxx11::basic_string<char, std::char_traits<char>, std::allocator<char> >&>::type&& std::move<std::__cxx11::basic_string<char, std::char_traits<char>, std::allocator<char> >&>(std::__cxx11::basic_string<char, std::char_traits<char>, std::allocator<char> >&)
 .text$_ZStplIcSt11char_traitsIcESaIcEENSt7__cxx1112basic_stringIT_T0_T1_EEOS8_PKS5_
                0x00000001400057a0       0x50 C:\Users\ALLEWA~1\AppData\Local\Temp\cctgWBkz.o
                0x00000001400057a0                std::__cxx11::basic_string<char, std::char_traits<char>, std::allocator<char> > std::operator+<char, std::char_traits<char>, std::allocator<char> >(std::__cxx11::basic_string<char, std::char_traits<char>, std::allocator<char> >&&, char const*)
 .text$_ZStplIcSt11char_traitsIcESaIcEENSt7__cxx1112basic_stringIT_T0_T1_EEPKS5_RKS8_
                0x00000001400057f0      0x100 C:\Users\ALLEWA~1\AppData\Local\Temp\cctgWBkz.o
                0x00000001400057f0                std::__cxx11::basic_string<char, std::char_traits<char>, std::allocator<char> > std::operator+<char, std::char_traits<char>, std::allocator<char> >(char const*, std::__cxx11::basic_string<char, std::char_traits<char>, std::allocator<char> > const&)
 *(.text.*)
 .text.startup  0x00000001400058f0       0x10 E:/Michael/ITI/CppES/msys64/mingw64/bin/../lib/gcc/x86_64-w64-mingw32/11.2.0/crtend.o
 *(.gnu.linkonce.t.*)
 *(.glue_7t)
 *(.glue_7)
                0x0000000140005900                . = ALIGN (0x8)
                0x0000000140005900                ___CTOR_LIST__ = .
                0x0000000140005900                __CTOR_LIST__ = .
                0x0000000140005900        0x4 LONG 0xffffffffffffffff
                0x0000000140005904        0x4 LONG 0xffffffffffffffff
 *(.ctors)
 .ctors         0x0000000140005908        0x8 C:\Users\ALLEWA~1\AppData\Local\Temp\ccbqShx2.o
 .ctors         0x0000000140005910        0x8 C:\Users\ALLEWA~1\AppData\Local\Temp\cctgWBkz.o
 *(.ctor)
 *(SORT_BY_NAME(.ctors.*))
 .ctors.65535   0x0000000140005918        0x8 E:/Michael/ITI/CppES/msys64/mingw64/bin/../lib/gcc/x86_64-w64-mingw32/11.2.0/crtend.o
                0x0000000140005920        0x4 LONG 0x0
                0x0000000140005924        0x4 LONG 0x0
                0x0000000140005928                ___DTOR_LIST__ = .
                0x0000000140005928                __DTOR_LIST__ = .
                0x0000000140005928        0x4 LONG 0xffffffffffffffff
                0x000000014000592c        0x4 LONG 0xffffffffffffffff
 *(.dtors)
 *(.dtor)
 *(SORT_BY_NAME(.dtors.*))
                0x0000000140005930        0x4 LONG 0x0
                0x0000000140005934        0x4 LONG 0x0
 *(SORT_NONE(.fini))
 *(.gcc_exc)
                [!provide]                        PROVIDE (etext = .)
 *(.gcc_except_table)

.data           0x0000000140006000      0x200
                0x0000000140006000                __data_start__ = .
 *(.data)
 .data          0x0000000140006000       0x10 E:/Michael/ITI/CppES/msys64/mingw64/bin/../lib/gcc/x86_64-w64-mingw32/11.2.0/../../../../x86_64-w64-mingw32/lib/../lib/crt2.o
                0x0000000140006000                __mingw_winmain_nShowCmd
 .data          0x0000000140006010        0x0 E:/Michael/ITI/CppES/msys64/mingw64/bin/../lib/gcc/x86_64-w64-mingw32/11.2.0/crtbegin.o
 .data          0x0000000140006010        0x0 C:\Users\ALLEWA~1\AppData\Local\Temp\ccbqShx2.o
 .data          0x0000000140006010        0x0 C:\Users\ALLEWA~1\AppData\Local\Temp\cctgWBkz.o
 .data          0x0000000140006010       0x10 E:/Michael/ITI/CppES/msys64/mingw64/bin/../lib/gcc/x86_64-w64-mingw32/11.2.0/../../../../x86_64-w64-mingw32/lib/../lib/libmingw32.a(lib64_libmingw32_a-gccmain.o)
 .data          0x0000000140006020       0x10 E:/Michael/ITI/CppES/msys64/mingw64/bin/../lib/gcc/x86_64-w64-mingw32/11.2.0/../../../../x86_64-w64-mingw32/lib/../lib/libmingw32.a(lib64_libmingw32_a-natstart.o)
                0x0000000140006020                __native_vcclrit_reason
                0x0000000140006024                __native_dllmain_reason
 .data          0x0000000140006030       0x10 E:/Michael/ITI/CppES/msys64/mingw64/bin/../lib/gcc/x86_64-w64-mingw32/11.2.0/../../../../x86_64-w64-mingw32/lib/../lib/libmingw32.a(lib64_libmingw32_a-wildcard.o)
                0x0000000140006030                _dowildcard
 .data          0x0000000140006040        0x0 E:/Michael/ITI/CppES/msys64/mingw64/bin/../lib/gcc/x86_64-w64-mingw32/11.2.0/../../../../x86_64-w64-mingw32/lib/../lib/libmingw32.a(lib64_libmingw32_a-dllargv.o)
 .data          0x0000000140006040        0x0 E:/Michael/ITI/CppES/msys64/mingw64/bin/../lib/gcc/x86_64-w64-mingw32/11.2.0/../../../../x86_64-w64-mingw32/lib/../lib/libmingw32.a(lib64_libmingw32_a-_newmode.o)
 .data          0x0000000140006040        0x0 E:/Michael/ITI/CppES/msys64/mingw64/bin/../lib/gcc/x86_64-w64-mingw32/11.2.0/../../../../x86_64-w64-mingw32/lib/../lib/libmingw32.a(lib64_libmingw32_a-tlssup.o)
 .data          0x0000000140006040        0x0 E:/Michael/ITI/CppES/msys64/mingw64/bin/../lib/gcc/x86_64-w64-mingw32/11.2.0/../../../../x86_64-w64-mingw32/lib/../lib/libmingw32.a(lib64_libmingw32_a-xncommod.o)
 .data          0x0000000140006040        0x0 E:/Michael/ITI/CppES/msys64/mingw64/bin/../lib/gcc/x86_64-w64-mingw32/11.2.0/../../../../x86_64-w64-mingw32/lib/../lib/libmingw32.a(lib64_libmingw32_a-cinitexe.o)
 .data          0x0000000140006040        0x0 E:/Michael/ITI/CppES/msys64/mingw64/bin/../lib/gcc/x86_64-w64-mingw32/11.2.0/../../../../x86_64-w64-mingw32/lib/../lib/libmingw32.a(lib64_libmingw32_a-merr.o)
 .data          0x0000000140006040        0x0 E:/Michael/ITI/CppES/msys64/mingw64/bin/../lib/gcc/x86_64-w64-mingw32/11.2.0/../../../../x86_64-w64-mingw32/lib/../lib/libmingw32.a(lib64_libmingw32_a-CRT_fp10.o)
 .data          0x0000000140006040        0x0 E:/Michael/ITI/CppES/msys64/mingw64/bin/../lib/gcc/x86_64-w64-mingw32/11.2.0/../../../../x86_64-w64-mingw32/lib/../lib/libmingw32.a(lib64_libmingw32_a-mingw_helpers.o)
 .data          0x0000000140006040        0x0 E:/Michael/ITI/CppES/msys64/mingw64/bin/../lib/gcc/x86_64-w64-mingw32/11.2.0/../../../../x86_64-w64-mingw32/lib/../lib/libmingw32.a(lib64_libmingw32_a-pseudo-reloc.o)
 .data          0x0000000140006040        0x0 E:/Michael/ITI/CppES/msys64/mingw64/bin/../lib/gcc/x86_64-w64-mingw32/11.2.0/../../../../x86_64-w64-mingw32/lib/../lib/libmingw32.a(lib64_libmingw32_a-usermatherr.o)
 .data          0x0000000140006040        0x0 E:/Michael/ITI/CppES/msys64/mingw64/bin/../lib/gcc/x86_64-w64-mingw32/11.2.0/../../../../x86_64-w64-mingw32/lib/../lib/libmingw32.a(lib64_libmingw32_a-xtxtmode.o)
 .data          0x0000000140006040        0x0 E:/Michael/ITI/CppES/msys64/mingw64/bin/../lib/gcc/x86_64-w64-mingw32/11.2.0/../../../../x86_64-w64-mingw32/lib/../lib/libmingw32.a(lib64_libmingw32_a-crt_handler.o)
 .data          0x0000000140006040        0x0 E:/Michael/ITI/CppES/msys64/mingw64/bin/../lib/gcc/x86_64-w64-mingw32/11.2.0/../../../../x86_64-w64-mingw32/lib/../lib/libmingw32.a(lib64_libmingw32_a-tlsthrd.o)
 .data          0x0000000140006040       0x10 E:/Michael/ITI/CppES/msys64/mingw64/bin/../lib/gcc/x86_64-w64-mingw32/11.2.0/../../../../x86_64-w64-mingw32/lib/../lib/libmingw32.a(lib64_libmingw32_a-tlsmcrt.o)
                0x0000000140006040                _CRT_MT
 .data          0x0000000140006050        0x0 E:/Michael/ITI/CppES/msys64/mingw64/bin/../lib/gcc/x86_64-w64-mingw32/11.2.0/../../../../x86_64-w64-mingw32/lib/../lib/libmingw32.a(lib64_libmingw32_a-pseudo-reloc-list.o)
 .data          0x0000000140006050        0x0 E:/Michael/ITI/CppES/msys64/mingw64/bin/../lib/gcc/x86_64-w64-mingw32/11.2.0/../../../../x86_64-w64-mingw32/lib/../lib/libmingw32.a(lib64_libmingw32_a-pesect.o)
 .data          0x0000000140006050        0x0 E:/Michael/ITI/CppES/msys64/mingw64/bin/../lib/gcc/x86_64-w64-mingw32/11.2.0/libgcc.a(_chkstk_ms.o)
 .data          0x0000000140006050        0x0 E:/Michael/ITI/CppES/msys64/mingw64/bin/../lib/gcc/x86_64-w64-mingw32/11.2.0/libgcc.a(_ctors.o)
 .data          0x0000000140006050       0x10 E:/Michael/ITI/CppES/msys64/mingw64/bin/../lib/gcc/x86_64-w64-mingw32/11.2.0/../../../../x86_64-w64-mingw32/lib/../lib/libmingwex.a(lib64_libmingwex_a-mingw_matherr.o)
                0x0000000140006050                _MINGW_INSTALL_DEBUG_MATHERR
 .data          0x0000000140006060       0x10 E:/Michael/ITI/CppES/msys64/mingw64/bin/../lib/gcc/x86_64-w64-mingw32/11.2.0/../../../../x86_64-w64-mingw32/lib/../lib/libmsvcrt.a(lib64_libmsvcrt_extra_a-__p__fmode.o)
                0x0000000140006060                __imp___p__fmode
 .data          0x0000000140006070       0x10 E:/Michael/ITI/CppES/msys64/mingw64/bin/../lib/gcc/x86_64-w64-mingw32/11.2.0/../../../../x86_64-w64-mingw32/lib/../lib/libmsvcrt.a(lib64_libmsvcrt_extra_a-__p__commode.o)
                0x0000000140006070                __imp___p__commode
 .data          0x0000000140006080       0x10 E:/Michael/ITI/CppES/msys64/mingw64/bin/../lib/gcc/x86_64-w64-mingw32/11.2.0/../../../../x86_64-w64-mingw32/lib/../lib/libmsvcrt.a(lib64_libmsvcrt_extra_a-__p__acmdln.o)
                0x0000000140006080                __imp___p__acmdln
 .data          0x0000000140006090       0x10 E:/Michael/ITI/CppES/msys64/mingw64/bin/../lib/gcc/x86_64-w64-mingw32/11.2.0/../../../../x86_64-w64-mingw32/lib/../lib/libmsvcrt.a(lib64_libmsvcrt_extra_a-invalid_parameter_handler.o)
                0x0000000140006090                __imp__get_invalid_parameter_handler
                0x0000000140006098                __imp__set_invalid_parameter_handler
 .data          0x00000001400060a0       0x10 E:/Michael/ITI/CppES/msys64/mingw64/bin/../lib/gcc/x86_64-w64-mingw32/11.2.0/../../../../x86_64-w64-mingw32/lib/../lib/libmsvcrt.a(lib64_libmsvcrt_common_a-acrt_iob_func.o)
                0x00000001400060a0                __imp___acrt_iob_func
 .data          0x00000001400060b0        0x0 E:/Michael/ITI/CppES/msys64/mingw64/bin/../lib/gcc/x86_64-w64-mingw32/11.2.0/../../../../x86_64-w64-mingw32/lib/../lib/libmsvcrt.a(libmsvcrt_defs00055.o)
 .data          0x00000001400060b0        0x0 E:/Michael/ITI/CppES/msys64/mingw64/bin/../lib/gcc/x86_64-w64-mingw32/11.2.0/../../../../x86_64-w64-mingw32/lib/../lib/libmsvcrt.a(libmsvcrt_defs00081.o)
 .data          0x00000001400060b0        0x0 E:/Michael/ITI/CppES/msys64/mingw64/bin/../lib/gcc/x86_64-w64-mingw32/11.2.0/../../../../x86_64-w64-mingw32/lib/../lib/libmsvcrt.a(libmsvcrt_defs00082.o)
 .data          0x00000001400060b0        0x0 E:/Michael/ITI/CppES/msys64/mingw64/bin/../lib/gcc/x86_64-w64-mingw32/11.2.0/../../../../x86_64-w64-mingw32/lib/../lib/libmsvcrt.a(libmsvcrt_defs00083.o)
 .data          0x00000001400060b0        0x0 E:/Michael/ITI/CppES/msys64/mingw64/bin/../lib/gcc/x86_64-w64-mingw32/11.2.0/../../../../x86_64-w64-mingw32/lib/../lib/libmsvcrt.a(libmsvcrt_defs00097.o)
 .data          0x00000001400060b0        0x0 E:/Michael/ITI/CppES/msys64/mingw64/bin/../lib/gcc/x86_64-w64-mingw32/11.2.0/../../../../x86_64-w64-mingw32/lib/../lib/libmsvcrt.a(libmsvcrt_defs00099.o)
 .data          0x00000001400060b0        0x0 E:/Michael/ITI/CppES/msys64/mingw64/bin/../lib/gcc/x86_64-w64-mingw32/11.2.0/../../../../x86_64-w64-mingw32/lib/../lib/libmsvcrt.a(libmsvcrt_defs00116.o)
 .data          0x00000001400060b0        0x0 E:/Michael/ITI/CppES/msys64/mingw64/bin/../lib/gcc/x86_64-w64-mingw32/11.2.0/../../../../x86_64-w64-mingw32/lib/../lib/libmsvcrt.a(libmsvcrt_defs00123.o)
 .data          0x00000001400060b0        0x0 E:/Michael/ITI/CppES/msys64/mingw64/bin/../lib/gcc/x86_64-w64-mingw32/11.2.0/../../../../x86_64-w64-mingw32/lib/../lib/libmsvcrt.a(libmsvcrt_defs00141.o)
 .data          0x00000001400060b0        0x0 E:/Michael/ITI/CppES/msys64/mingw64/bin/../lib/gcc/x86_64-w64-mingw32/11.2.0/../../../../x86_64-w64-mingw32/lib/../lib/libmsvcrt.a(libmsvcrt_defs00157.o)
 .data          0x00000001400060b0        0x0 E:/Michael/ITI/CppES/msys64/mingw64/bin/../lib/gcc/x86_64-w64-mingw32/11.2.0/../../../../x86_64-w64-mingw32/lib/../lib/libmsvcrt.a(libmsvcrt_defs00254.o)
 .data          0x00000001400060b0        0x0 E:/Michael/ITI/CppES/msys64/mingw64/bin/../lib/gcc/x86_64-w64-mingw32/11.2.0/../../../../x86_64-w64-mingw32/lib/../lib/libmsvcrt.a(libmsvcrt_defs00332.o)
 .data          0x00000001400060b0        0x0 E:/Michael/ITI/CppES/msys64/mingw64/bin/../lib/gcc/x86_64-w64-mingw32/11.2.0/../../../../x86_64-w64-mingw32/lib/../lib/libmsvcrt.a(libmsvcrt_defs00614.o)
 .data          0x00000001400060b0        0x0 E:/Michael/ITI/CppES/msys64/mingw64/bin/../lib/gcc/x86_64-w64-mingw32/11.2.0/../../../../x86_64-w64-mingw32/lib/../lib/libmsvcrt.a(libmsvcrt_defs01038.o)
 .data          0x00000001400060b0        0x0 E:/Michael/ITI/CppES/msys64/mingw64/bin/../lib/gcc/x86_64-w64-mingw32/11.2.0/../../../../x86_64-w64-mingw32/lib/../lib/libmsvcrt.a(libmsvcrt_defs01056.o)
 .data          0x00000001400060b0        0x0 E:/Michael/ITI/CppES/msys64/mingw64/bin/../lib/gcc/x86_64-w64-mingw32/11.2.0/../../../../x86_64-w64-mingw32/lib/../lib/libmsvcrt.a(libmsvcrt_defs01069.o)
 .data          0x00000001400060b0        0x0 E:/Michael/ITI/CppES/msys64/mingw64/bin/../lib/gcc/x86_64-w64-mingw32/11.2.0/../../../../x86_64-w64-mingw32/lib/../lib/libmsvcrt.a(libmsvcrt_defs01090.o)
 .data          0x00000001400060b0        0x0 E:/Michael/ITI/CppES/msys64/mingw64/bin/../lib/gcc/x86_64-w64-mingw32/11.2.0/../../../../x86_64-w64-mingw32/lib/../lib/libmsvcrt.a(libmsvcrt_defs01097.o)
 .data          0x00000001400060b0        0x0 E:/Michael/ITI/CppES/msys64/mingw64/bin/../lib/gcc/x86_64-w64-mingw32/11.2.0/../../../../x86_64-w64-mingw32/lib/../lib/libmsvcrt.a(libmsvcrt_defs01110.o)
 .data          0x00000001400060b0        0x0 E:/Michael/ITI/CppES/msys64/mingw64/bin/../lib/gcc/x86_64-w64-mingw32/11.2.0/../../../../x86_64-w64-mingw32/lib/../lib/libmsvcrt.a(libmsvcrt_defs01158.o)
 .data          0x00000001400060b0        0x0 E:/Michael/ITI/CppES/msys64/mingw64/bin/../lib/gcc/x86_64-w64-mingw32/11.2.0/../../../../x86_64-w64-mingw32/lib/../lib/libmsvcrt.a(libmsvcrt_defs01166.o)
 .data          0x00000001400060b0        0x0 E:/Michael/ITI/CppES/msys64/mingw64/bin/../lib/gcc/x86_64-w64-mingw32/11.2.0/../../../../x86_64-w64-mingw32/lib/../lib/libmsvcrt.a(libmsvcrt_defs01198.o)
 .data          0x00000001400060b0        0x0 E:/Michael/ITI/CppES/msys64/mingw64/bin/../lib/gcc/x86_64-w64-mingw32/11.2.0/../../../../x86_64-w64-mingw32/lib/../lib/libmsvcrt.a(libmsvcrt_defs01221.o)
 .data          0x00000001400060b0        0x0 E:/Michael/ITI/CppES/msys64/mingw64/bin/../lib/gcc/x86_64-w64-mingw32/11.2.0/../../../../x86_64-w64-mingw32/lib/../lib/libmsvcrt.a(libmsvcrt_defs01224.o)
 .data          0x00000001400060b0        0x0 E:/Michael/ITI/CppES/msys64/mingw64/bin/../lib/gcc/x86_64-w64-mingw32/11.2.0/../../../../x86_64-w64-mingw32/lib/../lib/libmsvcrt.a(libmsvcrt_defs01259.o)
 .data          0x00000001400060b0        0x0 E:/Michael/ITI/CppES/msys64/mingw64/bin/../lib/gcc/x86_64-w64-mingw32/11.2.0/../../../../x86_64-w64-mingw32/lib/../lib/libmsvcrt.a(libmsvcrt_defh.o)
 .data          0x00000001400060b0        0x0 E:/Michael/ITI/CppES/msys64/mingw64/bin/../lib/gcc/x86_64-w64-mingw32/11.2.0/../../../../x86_64-w64-mingw32/lib/../lib/libmsvcrt.a(libmsvcrt_deft.o)
 .data          0x00000001400060b0        0x0 E:/Michael/ITI/CppES/msys64/mingw64/bin/../lib/gcc/x86_64-w64-mingw32/11.2.0/../../../../x86_64-w64-mingw32/lib/../lib/libkernel32.a(libkernel32s01493.o)
 .data          0x00000001400060b0        0x0 E:/Michael/ITI/CppES/msys64/mingw64/bin/../lib/gcc/x86_64-w64-mingw32/11.2.0/../../../../x86_64-w64-mingw32/lib/../lib/libkernel32.a(libkernel32s01491.o)
 .data          0x00000001400060b0        0x0 E:/Michael/ITI/CppES/msys64/mingw64/bin/../lib/gcc/x86_64-w64-mingw32/11.2.0/../../../../x86_64-w64-mingw32/lib/../lib/libkernel32.a(libkernel32s01444.o)
 .data          0x00000001400060b0        0x0 E:/Michael/ITI/CppES/msys64/mingw64/bin/../lib/gcc/x86_64-w64-mingw32/11.2.0/../../../../x86_64-w64-mingw32/lib/../lib/libkernel32.a(libkernel32s01409.o)
 .data          0x00000001400060b0        0x0 E:/Michael/ITI/CppES/msys64/mingw64/bin/../lib/gcc/x86_64-w64-mingw32/11.2.0/../../../../x86_64-w64-mingw32/lib/../lib/libkernel32.a(libkernel32s01393.o)
 .data          0x00000001400060b0        0x0 E:/Michael/ITI/CppES/msys64/mingw64/bin/../lib/gcc/x86_64-w64-mingw32/11.2.0/../../../../x86_64-w64-mingw32/lib/../lib/libkernel32.a(libkernel32s00983.o)
 .data          0x00000001400060b0        0x0 E:/Michael/ITI/CppES/msys64/mingw64/bin/../lib/gcc/x86_64-w64-mingw32/11.2.0/../../../../x86_64-w64-mingw32/lib/../lib/libkernel32.a(libkernel32s00891.o)
 .data          0x00000001400060b0        0x0 E:/Michael/ITI/CppES/msys64/mingw64/bin/../lib/gcc/x86_64-w64-mingw32/11.2.0/../../../../x86_64-w64-mingw32/lib/../lib/libkernel32.a(libkernel32s00742.o)
 .data          0x00000001400060b0        0x0 E:/Michael/ITI/CppES/msys64/mingw64/bin/../lib/gcc/x86_64-w64-mingw32/11.2.0/../../../../x86_64-w64-mingw32/lib/../lib/libkernel32.a(libkernel32s00629.o)
 .data          0x00000001400060b0        0x0 E:/Michael/ITI/CppES/msys64/mingw64/bin/../lib/gcc/x86_64-w64-mingw32/11.2.0/../../../../x86_64-w64-mingw32/lib/../lib/libkernel32.a(libkernel32s00318.o)
 .data          0x00000001400060b0        0x0 E:/Michael/ITI/CppES/msys64/mingw64/bin/../lib/gcc/x86_64-w64-mingw32/11.2.0/../../../../x86_64-w64-mingw32/lib/../lib/libkernel32.a(libkernel32s00282.o)
 .data          0x00000001400060b0        0x0 E:/Michael/ITI/CppES/msys64/mingw64/bin/../lib/gcc/x86_64-w64-mingw32/11.2.0/../../../../x86_64-w64-mingw32/lib/../lib/libkernel32.a(libkernel32h.o)
 .data          0x00000001400060b0        0x0 E:/Michael/ITI/CppES/msys64/mingw64/bin/../lib/gcc/x86_64-w64-mingw32/11.2.0/../../../../x86_64-w64-mingw32/lib/../lib/libkernel32.a(libkernel32t.o)
 .data          0x00000001400060b0        0x0 E:/Michael/ITI/CppES/msys64/mingw64/bin/../lib/gcc/x86_64-w64-mingw32/11.2.0/crtend.o
 *(.data2)
 *(SORT_BY_NAME(.data$*))
 *(.jcr)
                0x00000001400060b0                __data_end__ = .
 *(.data_cygwin_nocopy)

.rdata          0x0000000140007000     0x1000
 *(.rdata)
 .rdata         0x0000000140007000       0x30 C:\Users\ALLEWA~1\AppData\Local\Temp\ccbqShx2.o
 .rdata         0x0000000140007030      0x3d0 C:\Users\ALLEWA~1\AppData\Local\Temp\cctgWBkz.o
 .rdata         0x0000000140007400       0x60 E:/Michael/ITI/CppES/msys64/mingw64/bin/../lib/gcc/x86_64-w64-mingw32/11.2.0/../../../../x86_64-w64-mingw32/lib/../lib/libmingw32.a(lib64_libmingw32_a-tlssup.o)
                0x0000000140007400                __dyn_tls_init_callback
                0x0000000140007420                _tls_used
 .rdata         0x0000000140007460      0x140 E:/Michael/ITI/CppES/msys64/mingw64/bin/../lib/gcc/x86_64-w64-mingw32/11.2.0/../../../../x86_64-w64-mingw32/lib/../lib/libmingw32.a(lib64_libmingw32_a-merr.o)
 .rdata         0x00000001400075a0      0x160 E:/Michael/ITI/CppES/msys64/mingw64/bin/../lib/gcc/x86_64-w64-mingw32/11.2.0/../../../../x86_64-w64-mingw32/lib/../lib/libmingw32.a(lib64_libmingw32_a-pseudo-reloc.o)
 .rdata         0x0000000140007700       0x30 E:/Michael/ITI/CppES/msys64/mingw64/bin/../lib/gcc/x86_64-w64-mingw32/11.2.0/../../../../x86_64-w64-mingw32/lib/../lib/libmingw32.a(lib64_libmingw32_a-crt_handler.o)
 .rdata         0x0000000140007730        0x8 ertr000001.o
 *(SORT_BY_NAME(.rdata$*))
 *fill*         0x0000000140007738        0x8 
 .rdata$.refptr._CRT_MT
                0x0000000140007740       0x10 E:/Michael/ITI/CppES/msys64/mingw64/bin/../lib/gcc/x86_64-w64-mingw32/11.2.0/../../../../x86_64-w64-mingw32/lib/../lib/libmingw32.a(lib64_libmingw32_a-tlssup.o)
                0x0000000140007740                .refptr._CRT_MT
 .rdata$.refptr._MINGW_INSTALL_DEBUG_MATHERR
                0x0000000140007750       0x10 E:/Michael/ITI/CppES/msys64/mingw64/bin/../lib/gcc/x86_64-w64-mingw32/11.2.0/../../../../x86_64-w64-mingw32/lib/../lib/crt2.o
                0x0000000140007750                .refptr._MINGW_INSTALL_DEBUG_MATHERR
 .rdata$.refptr._ZSt4cout
                0x0000000140007760       0x10 C:\Users\ALLEWA~1\AppData\Local\Temp\cctgWBkz.o
                0x0000000140007760                __fu0__ZSt4cout
                0x0000000140007760                .refptr._ZSt4cout
 .rdata$.refptr.__CTOR_LIST__
                0x0000000140007770       0x10 E:/Michael/ITI/CppES/msys64/mingw64/bin/../lib/gcc/x86_64-w64-mingw32/11.2.0/../../../../x86_64-w64-mingw32/lib/../lib/libmingw32.a(lib64_libmingw32_a-gccmain.o)
                0x0000000140007770                .refptr.__CTOR_LIST__
 .rdata$.refptr.__RUNTIME_PSEUDO_RELOC_LIST_END__
                0x0000000140007780       0x10 E:/Michael/ITI/CppES/msys64/mingw64/bin/../lib/gcc/x86_64-w64-mingw32/11.2.0/../../../../x86_64-w64-mingw32/lib/../lib/libmingw32.a(lib64_libmingw32_a-pseudo-reloc.o)
                0x0000000140007780                .refptr.__RUNTIME_PSEUDO_RELOC_LIST_END__
 .rdata$.refptr.__RUNTIME_PSEUDO_RELOC_LIST__
                0x0000000140007790       0x10 E:/Michael/ITI/CppES/msys64/mingw64/bin/../lib/gcc/x86_64-w64-mingw32/11.2.0/../../../../x86_64-w64-mingw32/lib/../lib/libmingw32.a(lib64_libmingw32_a-pseudo-reloc.o)
                0x0000000140007790                .refptr.__RUNTIME_PSEUDO_RELOC_LIST__
 .rdata$.refptr.__dyn_tls_init_callback
                0x00000001400077a0       0x10 E:/Michael/ITI/CppES/msys64/mingw64/bin/../lib/gcc/x86_64-w64-mingw32/11.2.0/../../../../x86_64-w64-mingw32/lib/../lib/crt2.o
                0x00000001400077a0                .refptr.__dyn_tls_init_callback
 .rdata$.refptr.__image_base__
                0x00000001400077b0       0x10 E:/Michael/ITI/CppES/msys64/mingw64/bin/../lib/gcc/x86_64-w64-mingw32/11.2.0/../../../../x86_64-w64-mingw32/lib/../lib/crt2.o
                0x00000001400077b0                .refptr.__image_base__
 .rdata$.refptr.__imp___initenv
                0x00000001400077c0       0x10 E:/Michael/ITI/CppES/msys64/mingw64/bin/../lib/gcc/x86_64-w64-mingw32/11.2.0/../../../../x86_64-w64-mingw32/lib/../lib/crt2.o
                0x00000001400077c0                .refptr.__imp___initenv
 .rdata$.refptr.__imp__acmdln
                0x00000001400077d0       0x10 E:/Michael/ITI/CppES/msys64/mingw64/bin/../lib/gcc/x86_64-w64-mingw32/11.2.0/../../../../x86_64-w64-mingw32/lib/../lib/libmsvcrt.a(lib64_libmsvcrt_extra_a-__p__acmdln.o)
                0x00000001400077d0                .refptr.__imp__acmdln
 .rdata$.refptr.__imp__commode
                0x00000001400077e0       0x10 E:/Michael/ITI/CppES/msys64/mingw64/bin/../lib/gcc/x86_64-w64-mingw32/11.2.0/../../../../x86_64-w64-mingw32/lib/../lib/libmsvcrt.a(lib64_libmsvcrt_extra_a-__p__commode.o)
                0x00000001400077e0                .refptr.__imp__commode
 .rdata$.refptr.__imp__fmode
                0x00000001400077f0       0x10 E:/Michael/ITI/CppES/msys64/mingw64/bin/../lib/gcc/x86_64-w64-mingw32/11.2.0/../../../../x86_64-w64-mingw32/lib/../lib/libmsvcrt.a(lib64_libmsvcrt_extra_a-__p__fmode.o)
                0x00000001400077f0                .refptr.__imp__fmode
 .rdata$.refptr.__mingw_app_type
                0x0000000140007800       0x10 E:/Michael/ITI/CppES/msys64/mingw64/bin/../lib/gcc/x86_64-w64-mingw32/11.2.0/../../../../x86_64-w64-mingw32/lib/../lib/crt2.o
                0x0000000140007800                .refptr.__mingw_app_type
 .rdata$.refptr.__mingw_initltsdrot_force
                0x0000000140007810       0x10 E:/Michael/ITI/CppES/msys64/mingw64/bin/../lib/gcc/x86_64-w64-mingw32/11.2.0/../../../../x86_64-w64-mingw32/lib/../lib/crt2.o
                0x0000000140007810                .refptr.__mingw_initltsdrot_force
 .rdata$.refptr.__mingw_initltsdyn_force
                0x0000000140007820       0x10 E:/Michael/ITI/CppES/msys64/mingw64/bin/../lib/gcc/x86_64-w64-mingw32/11.2.0/../../../../x86_64-w64-mingw32/lib/../lib/crt2.o
                0x0000000140007820                .refptr.__mingw_initltsdyn_force
 .rdata$.refptr.__mingw_initltssuo_force
                0x0000000140007830       0x10 E:/Michael/ITI/CppES/msys64/mingw64/bin/../lib/gcc/x86_64-w64-mingw32/11.2.0/../../../../x86_64-w64-mingw32/lib/../lib/crt2.o
                0x0000000140007830                .refptr.__mingw_initltssuo_force
 .rdata$.refptr.__mingw_oldexcpt_handler
                0x0000000140007840       0x10 E:/Michael/ITI/CppES/msys64/mingw64/bin/../lib/gcc/x86_64-w64-mingw32/11.2.0/../../../../x86_64-w64-mingw32/lib/../lib/crt2.o
                0x0000000140007840                .refptr.__mingw_oldexcpt_handler
 .rdata$.refptr.__native_startup_lock
                0x0000000140007850       0x10 E:/Michael/ITI/CppES/msys64/mingw64/bin/../lib/gcc/x86_64-w64-mingw32/11.2.0/../../../../x86_64-w64-mingw32/lib/../lib/crt2.o
                0x0000000140007850                .refptr.__native_startup_lock
 .rdata$.refptr.__native_startup_state
                0x0000000140007860       0x10 E:/Michael/ITI/CppES/msys64/mingw64/bin/../lib/gcc/x86_64-w64-mingw32/11.2.0/../../../../x86_64-w64-mingw32/lib/../lib/crt2.o
                0x0000000140007860                .refptr.__native_startup_state
 .rdata$.refptr.__xc_a
                0x0000000140007870       0x10 E:/Michael/ITI/CppES/msys64/mingw64/bin/../lib/gcc/x86_64-w64-mingw32/11.2.0/../../../../x86_64-w64-mingw32/lib/../lib/crt2.o
                0x0000000140007870                .refptr.__xc_a
 .rdata$.refptr.__xc_z
                0x0000000140007880       0x10 E:/Michael/ITI/CppES/msys64/mingw64/bin/../lib/gcc/x86_64-w64-mingw32/11.2.0/../../../../x86_64-w64-mingw32/lib/../lib/crt2.o
                0x0000000140007880                .refptr.__xc_z
 .rdata$.refptr.__xi_a
                0x0000000140007890       0x10 E:/Michael/ITI/CppES/msys64/mingw64/bin/../lib/gcc/x86_64-w64-mingw32/11.2.0/../../../../x86_64-w64-mingw32/lib/../lib/crt2.o
                0x0000000140007890                .refptr.__xi_a
 .rdata$.refptr.__xi_z
                0x00000001400078a0       0x10 E:/Michael/ITI/CppES/msys64/mingw64/bin/../lib/gcc/x86_64-w64-mingw32/11.2.0/../../../../x86_64-w64-mingw32/lib/../lib/crt2.o
                0x00000001400078a0                .refptr.__xi_z
 .rdata$.refptr._commode
                0x00000001400078b0       0x10 E:/Michael/ITI/CppES/msys64/mingw64/bin/../lib/gcc/x86_64-w64-mingw32/11.2.0/../../../../x86_64-w64-mingw32/lib/../lib/crt2.o
                0x00000001400078b0                .refptr._commode
 .rdata$.refptr._dowildcard
                0x00000001400078c0       0x10 E:/Michael/ITI/CppES/msys64/mingw64/bin/../lib/gcc/x86_64-w64-mingw32/11.2.0/../../../../x86_64-w64-mingw32/lib/../lib/crt2.o
                0x00000001400078c0                .refptr._dowildcard
 .rdata$.refptr._fmode
                0x00000001400078d0       0x10 E:/Michael/ITI/CppES/msys64/mingw64/bin/../lib/gcc/x86_64-w64-mingw32/11.2.0/../../../../x86_64-w64-mingw32/lib/../lib/crt2.o
                0x00000001400078d0                .refptr._fmode
 .rdata$.refptr._gnu_exception_handler
                0x00000001400078e0       0x10 E:/Michael/ITI/CppES/msys64/mingw64/bin/../lib/gcc/x86_64-w64-mingw32/11.2.0/../../../../x86_64-w64-mingw32/lib/../lib/crt2.o
                0x00000001400078e0                .refptr._gnu_exception_handler
 .rdata$.refptr._matherr
                0x00000001400078f0       0x10 E:/Michael/ITI/CppES/msys64/mingw64/bin/../lib/gcc/x86_64-w64-mingw32/11.2.0/../../../../x86_64-w64-mingw32/lib/../lib/crt2.o
                0x00000001400078f0                .refptr._matherr
 .rdata$.refptr._newmode
                0x0000000140007900       0x10 E:/Michael/ITI/CppES/msys64/mingw64/bin/../lib/gcc/x86_64-w64-mingw32/11.2.0/../../../../x86_64-w64-mingw32/lib/../lib/crt2.o
                0x0000000140007900                .refptr._newmode
 .rdata$zzz     0x0000000140007910       0x30 E:/Michael/ITI/CppES/msys64/mingw64/bin/../lib/gcc/x86_64-w64-mingw32/11.2.0/../../../../x86_64-w64-mingw32/lib/../lib/crt2.o
 .rdata$zzz     0x0000000140007940       0x30 E:/Michael/ITI/CppES/msys64/mingw64/bin/../lib/gcc/x86_64-w64-mingw32/11.2.0/crtbegin.o
 .rdata$zzz     0x0000000140007970       0x30 C:\Users\ALLEWA~1\AppData\Local\Temp\ccbqShx2.o
 .rdata$zzz     0x00000001400079a0       0x30 C:\Users\ALLEWA~1\AppData\Local\Temp\cctgWBkz.o
 .rdata$zzz     0x00000001400079d0       0x30 E:/Michael/ITI/CppES/msys64/mingw64/bin/../lib/gcc/x86_64-w64-mingw32/11.2.0/../../../../x86_64-w64-mingw32/lib/../lib/libmingw32.a(lib64_libmingw32_a-gccmain.o)
 .rdata$zzz     0x0000000140007a00       0x30 E:/Michael/ITI/CppES/msys64/mingw64/bin/../lib/gcc/x86_64-w64-mingw32/11.2.0/../../../../x86_64-w64-mingw32/lib/../lib/libmingw32.a(lib64_libmingw32_a-natstart.o)
 .rdata$zzz     0x0000000140007a30       0x30 E:/Michael/ITI/CppES/msys64/mingw64/bin/../lib/gcc/x86_64-w64-mingw32/11.2.0/../../../../x86_64-w64-mingw32/lib/../lib/libmingw32.a(lib64_libmingw32_a-wildcard.o)
 .rdata$zzz     0x0000000140007a60       0x30 E:/Michael/ITI/CppES/msys64/mingw64/bin/../lib/gcc/x86_64-w64-mingw32/11.2.0/../../../../x86_64-w64-mingw32/lib/../lib/libmingw32.a(lib64_libmingw32_a-dllargv.o)
 .rdata$zzz     0x0000000140007a90       0x30 E:/Michael/ITI/CppES/msys64/mingw64/bin/../lib/gcc/x86_64-w64-mingw32/11.2.0/../../../../x86_64-w64-mingw32/lib/../lib/libmingw32.a(lib64_libmingw32_a-_newmode.o)
 .rdata$zzz     0x0000000140007ac0       0x30 E:/Michael/ITI/CppES/msys64/mingw64/bin/../lib/gcc/x86_64-w64-mingw32/11.2.0/../../../../x86_64-w64-mingw32/lib/../lib/libmingw32.a(lib64_libmingw32_a-tlssup.o)
 .rdata$zzz     0x0000000140007af0       0x30 E:/Michael/ITI/CppES/msys64/mingw64/bin/../lib/gcc/x86_64-w64-mingw32/11.2.0/../../../../x86_64-w64-mingw32/lib/../lib/libmingw32.a(lib64_libmingw32_a-xncommod.o)
 .rdata$zzz     0x0000000140007b20       0x30 E:/Michael/ITI/CppES/msys64/mingw64/bin/../lib/gcc/x86_64-w64-mingw32/11.2.0/../../../../x86_64-w64-mingw32/lib/../lib/libmingw32.a(lib64_libmingw32_a-cinitexe.o)
 .rdata$zzz     0x0000000140007b50       0x30 E:/Michael/ITI/CppES/msys64/mingw64/bin/../lib/gcc/x86_64-w64-mingw32/11.2.0/../../../../x86_64-w64-mingw32/lib/../lib/libmingw32.a(lib64_libmingw32_a-merr.o)
 .rdata$zzz     0x0000000140007b80       0x30 E:/Michael/ITI/CppES/msys64/mingw64/bin/../lib/gcc/x86_64-w64-mingw32/11.2.0/../../../../x86_64-w64-mingw32/lib/../lib/libmingw32.a(lib64_libmingw32_a-CRT_fp10.o)
 .rdata$zzz     0x0000000140007bb0       0x30 E:/Michael/ITI/CppES/msys64/mingw64/bin/../lib/gcc/x86_64-w64-mingw32/11.2.0/../../../../x86_64-w64-mingw32/lib/../lib/libmingw32.a(lib64_libmingw32_a-mingw_helpers.o)
 .rdata$zzz     0x0000000140007be0       0x30 E:/Michael/ITI/CppES/msys64/mingw64/bin/../lib/gcc/x86_64-w64-mingw32/11.2.0/../../../../x86_64-w64-mingw32/lib/../lib/libmingw32.a(lib64_libmingw32_a-pseudo-reloc.o)
 .rdata$zzz     0x0000000140007c10       0x30 E:/Michael/ITI/CppES/msys64/mingw64/bin/../lib/gcc/x86_64-w64-mingw32/11.2.0/../../../../x86_64-w64-mingw32/lib/../lib/libmingw32.a(lib64_libmingw32_a-usermatherr.o)
 .rdata$zzz     0x0000000140007c40       0x30 E:/Michael/ITI/CppES/msys64/mingw64/bin/../lib/gcc/x86_64-w64-mingw32/11.2.0/../../../../x86_64-w64-mingw32/lib/../lib/libmingw32.a(lib64_libmingw32_a-xtxtmode.o)
 .rdata$zzz     0x0000000140007c70       0x30 E:/Michael/ITI/CppES/msys64/mingw64/bin/../lib/gcc/x86_64-w64-mingw32/11.2.0/../../../../x86_64-w64-mingw32/lib/../lib/libmingw32.a(lib64_libmingw32_a-crt_handler.o)
 .rdata$zzz     0x0000000140007ca0       0x30 E:/Michael/ITI/CppES/msys64/mingw64/bin/../lib/gcc/x86_64-w64-mingw32/11.2.0/../../../../x86_64-w64-mingw32/lib/../lib/libmingw32.a(lib64_libmingw32_a-tlsthrd.o)
 .rdata$zzz     0x0000000140007cd0       0x30 E:/Michael/ITI/CppES/msys64/mingw64/bin/../lib/gcc/x86_64-w64-mingw32/11.2.0/../../../../x86_64-w64-mingw32/lib/../lib/libmingw32.a(lib64_libmingw32_a-tlsmcrt.o)
 .rdata$zzz     0x0000000140007d00       0x30 E:/Michael/ITI/CppES/msys64/mingw64/bin/../lib/gcc/x86_64-w64-mingw32/11.2.0/../../../../x86_64-w64-mingw32/lib/../lib/libmingw32.a(lib64_libmingw32_a-pseudo-reloc-list.o)
 .rdata$zzz     0x0000000140007d30       0x30 E:/Michael/ITI/CppES/msys64/mingw64/bin/../lib/gcc/x86_64-w64-mingw32/11.2.0/../../../../x86_64-w64-mingw32/lib/../lib/libmingw32.a(lib64_libmingw32_a-pesect.o)
 .rdata$zzz     0x0000000140007d60       0x30 E:/Michael/ITI/CppES/msys64/mingw64/bin/../lib/gcc/x86_64-w64-mingw32/11.2.0/libgcc.a(_ctors.o)
 .rdata$zzz     0x0000000140007d90       0x30 E:/Michael/ITI/CppES/msys64/mingw64/bin/../lib/gcc/x86_64-w64-mingw32/11.2.0/../../../../x86_64-w64-mingw32/lib/../lib/libmingwex.a(lib64_libmingwex_a-mingw_matherr.o)
 .rdata$zzz     0x0000000140007dc0       0x30 E:/Michael/ITI/CppES/msys64/mingw64/bin/../lib/gcc/x86_64-w64-mingw32/11.2.0/../../../../x86_64-w64-mingw32/lib/../lib/libmsvcrt.a(lib64_libmsvcrt_extra_a-__p__fmode.o)
 .rdata$zzz     0x0000000140007df0       0x30 E:/Michael/ITI/CppES/msys64/mingw64/bin/../lib/gcc/x86_64-w64-mingw32/11.2.0/../../../../x86_64-w64-mingw32/lib/../lib/libmsvcrt.a(lib64_libmsvcrt_extra_a-__p__commode.o)
 .rdata$zzz     0x0000000140007e20       0x30 E:/Michael/ITI/CppES/msys64/mingw64/bin/../lib/gcc/x86_64-w64-mingw32/11.2.0/../../../../x86_64-w64-mingw32/lib/../lib/libmsvcrt.a(lib64_libmsvcrt_extra_a-__p__acmdln.o)
 .rdata$zzz     0x0000000140007e50       0x30 E:/Michael/ITI/CppES/msys64/mingw64/bin/../lib/gcc/x86_64-w64-mingw32/11.2.0/../../../../x86_64-w64-mingw32/lib/../lib/libmsvcrt.a(lib64_libmsvcrt_extra_a-invalid_parameter_handler.o)
 .rdata$zzz     0x0000000140007e80       0x30 E:/Michael/ITI/CppES/msys64/mingw64/bin/../lib/gcc/x86_64-w64-mingw32/11.2.0/../../../../x86_64-w64-mingw32/lib/../lib/libmsvcrt.a(lib64_libmsvcrt_common_a-acrt_iob_func.o)
 .rdata$zzz     0x0000000140007eb0       0x30 E:/Michael/ITI/CppES/msys64/mingw64/bin/../lib/gcc/x86_64-w64-mingw32/11.2.0/crtend.o
                0x0000000140007ee0                . = ALIGN (0x4)
                0x0000000140007ee0                __rt_psrelocs_start = .
 *(.rdata_runtime_pseudo_reloc)
 .rdata_runtime_pseudo_reloc
                0x0000000140007ee0       0x18 rtr000000.o
                0x0000000140007ef8                __rt_psrelocs_end = .
                0x0000000000000018                __rt_psrelocs_size = (__rt_psrelocs_end - __rt_psrelocs_start)
                0x0000000140007ef8                ___RUNTIME_PSEUDO_RELOC_LIST_END__ = .
                0x0000000140007ef8                __RUNTIME_PSEUDO_RELOC_LIST_END__ = .
                0x0000000140007ee0                ___RUNTIME_PSEUDO_RELOC_LIST__ = (. - __rt_psrelocs_size)
                0x0000000140007ee0                __RUNTIME_PSEUDO_RELOC_LIST__ = (. - __rt_psrelocs_size)

.eh_frame
 *(.eh_frame*)

.pdata          0x0000000140008000      0x400
 *(.pdata*)
 .pdata         0x0000000140008000       0x54 E:/Michael/ITI/CppES/msys64/mingw64/bin/../lib/gcc/x86_64-w64-mingw32/11.2.0/../../../../x86_64-w64-mingw32/lib/../lib/crt2.o
 .pdata         0x0000000140008054       0x18 E:/Michael/ITI/CppES/msys64/mingw64/bin/../lib/gcc/x86_64-w64-mingw32/11.2.0/crtbegin.o
 .pdata         0x000000014000806c       0x30 C:\Users\ALLEWA~1\AppData\Local\Temp\ccbqShx2.o
 .pdata$_ZNSt11char_traitsIcE6lengthEPKc
                0x000000014000809c        0xc C:\Users\ALLEWA~1\AppData\Local\Temp\cctgWBkz.o
 .pdata$_ZN15register_DriverIhEC1Eh10permission
                0x00000001400080a8        0xc C:\Users\ALLEWA~1\AppData\Local\Temp\cctgWBkz.o
 .pdata$_ZN15register_DriverIhE16setRegisterValueEh
                0x00000001400080b4        0xc C:\Users\ALLEWA~1\AppData\Local\Temp\cctgWBkz.o
 .pdata$_ZN15register_DriverIhE16getRegisterValueERh
                0x00000001400080c0        0xc C:\Users\ALLEWA~1\AppData\Local\Temp\cctgWBkz.o
 .pdata$_ZN15register_DriverIhE6setBitEh
                0x00000001400080cc        0xc C:\Users\ALLEWA~1\AppData\Local\Temp\cctgWBkz.o
 .pdata$_ZN15register_DriverIhE8clearBitEh
                0x00000001400080d8        0xc C:\Users\ALLEWA~1\AppData\Local\Temp\cctgWBkz.o
 .pdata$_ZN15register_DriverIhE6getBitEhRh
                0x00000001400080e4        0xc C:\Users\ALLEWA~1\AppData\Local\Temp\cctgWBkz.o
 .pdata$_ZN15register_DriverIhE13setPermissionE10permissionbh
                0x00000001400080f0        0xc C:\Users\ALLEWA~1\AppData\Local\Temp\cctgWBkz.o
 .pdata$_ZN15register_DriverIhE13set_Bit_UnionER8reg_bitsIhEhh
                0x00000001400080fc        0xc C:\Users\ALLEWA~1\AppData\Local\Temp\cctgWBkz.o
 .pdata$_ZN15register_DriverIhE13get_Bit_UnionE8reg_bitsIhEhRh
                0x0000000140008108        0xc C:\Users\ALLEWA~1\AppData\Local\Temp\cctgWBkz.o
 .pdata$_ZN15register_DriverIhED1Ev
                0x0000000140008114        0xc C:\Users\ALLEWA~1\AppData\Local\Temp\cctgWBkz.o
 .pdata         0x0000000140008120       0x30 C:\Users\ALLEWA~1\AppData\Local\Temp\cctgWBkz.o
 .pdata$_ZN9__gnu_cxx11char_traitsIcE2eqERKcS3_
                0x0000000140008150        0xc C:\Users\ALLEWA~1\AppData\Local\Temp\cctgWBkz.o
 .pdata$_ZN9__gnu_cxx11char_traitsIcE6lengthEPKc
                0x000000014000815c        0xc C:\Users\ALLEWA~1\AppData\Local\Temp\cctgWBkz.o
 .pdata$_Z4testIhEb10permissionh
                0x0000000140008168        0xc C:\Users\ALLEWA~1\AppData\Local\Temp\cctgWBkz.o
 .pdata$_ZSt4moveIRNSt7__cxx1112basic_stringIcSt11char_traitsIcESaIcEEEEONSt16remove_referenceIT_E4typeEOS8_
                0x0000000140008174        0xc C:\Users\ALLEWA~1\AppData\Local\Temp\cctgWBkz.o
 .pdata$_ZStplIcSt11char_traitsIcESaIcEENSt7__cxx1112basic_stringIT_T0_T1_EEOS8_PKS5_
                0x0000000140008180        0xc C:\Users\ALLEWA~1\AppData\Local\Temp\cctgWBkz.o
 .pdata$_ZStplIcSt11char_traitsIcESaIcEENSt7__cxx1112basic_stringIT_T0_T1_EEPKS5_RKS8_
                0x000000014000818c        0xc C:\Users\ALLEWA~1\AppData\Local\Temp\cctgWBkz.o
 .pdata$_ZN9__gnu_cxx14__alloc_traitsISaIcEcE17_S_select_on_copyERKS1_
                0x0000000140008198        0xc C:\Users\ALLEWA~1\AppData\Local\Temp\cctgWBkz.o
 .pdata$_ZNSt16allocator_traitsISaIcEE37select_on_container_copy_constructionERKS0_
                0x00000001400081a4        0xc C:\Users\ALLEWA~1\AppData\Local\Temp\cctgWBkz.o
 .pdata         0x00000001400081b0       0x24 E:/Michael/ITI/CppES/msys64/mingw64/bin/../lib/gcc/x86_64-w64-mingw32/11.2.0/../../../../x86_64-w64-mingw32/lib/../lib/libmingw32.a(lib64_libmingw32_a-gccmain.o)
 .pdata         0x00000001400081d4        0xc E:/Michael/ITI/CppES/msys64/mingw64/bin/../lib/gcc/x86_64-w64-mingw32/11.2.0/../../../../x86_64-w64-mingw32/lib/../lib/libmingw32.a(lib64_libmingw32_a-dllargv.o)
 .pdata         0x00000001400081e0       0x24 E:/Michael/ITI/CppES/msys64/mingw64/bin/../lib/gcc/x86_64-w64-mingw32/11.2.0/../../../../x86_64-w64-mingw32/lib/../lib/libmingw32.a(lib64_libmingw32_a-tlssup.o)
 .pdata         0x0000000140008204        0xc E:/Michael/ITI/CppES/msys64/mingw64/bin/../lib/gcc/x86_64-w64-mingw32/11.2.0/../../../../x86_64-w64-mingw32/lib/../lib/libmingw32.a(lib64_libmingw32_a-merr.o)
 .pdata         0x0000000140008210        0xc E:/Michael/ITI/CppES/msys64/mingw64/bin/../lib/gcc/x86_64-w64-mingw32/11.2.0/../../../../x86_64-w64-mingw32/lib/../lib/libmingw32.a(lib64_libmingw32_a-CRT_fp10.o)
 .pdata         0x000000014000821c       0x24 E:/Michael/ITI/CppES/msys64/mingw64/bin/../lib/gcc/x86_64-w64-mingw32/11.2.0/../../../../x86_64-w64-mingw32/lib/../lib/libmingw32.a(lib64_libmingw32_a-pseudo-reloc.o)
 .pdata         0x0000000140008240       0x18 E:/Michael/ITI/CppES/msys64/mingw64/bin/../lib/gcc/x86_64-w64-mingw32/11.2.0/../../../../x86_64-w64-mingw32/lib/../lib/libmingw32.a(lib64_libmingw32_a-usermatherr.o)
 .pdata         0x0000000140008258        0xc E:/Michael/ITI/CppES/msys64/mingw64/bin/../lib/gcc/x86_64-w64-mingw32/11.2.0/../../../../x86_64-w64-mingw32/lib/../lib/libmingw32.a(lib64_libmingw32_a-crt_handler.o)
 .pdata         0x0000000140008264       0x30 E:/Michael/ITI/CppES/msys64/mingw64/bin/../lib/gcc/x86_64-w64-mingw32/11.2.0/../../../../x86_64-w64-mingw32/lib/../lib/libmingw32.a(lib64_libmingw32_a-tlsthrd.o)
 .pdata         0x0000000140008294       0x6c E:/Michael/ITI/CppES/msys64/mingw64/bin/../lib/gcc/x86_64-w64-mingw32/11.2.0/../../../../x86_64-w64-mingw32/lib/../lib/libmingw32.a(lib64_libmingw32_a-pesect.o)
 .pdata         0x0000000140008300        0xc E:/Michael/ITI/CppES/msys64/mingw64/bin/../lib/gcc/x86_64-w64-mingw32/11.2.0/../../../../x86_64-w64-mingw32/lib/../lib/libmsvcrt.a(lib64_libmsvcrt_extra_a-__p__fmode.o)
 .pdata         0x000000014000830c        0xc E:/Michael/ITI/CppES/msys64/mingw64/bin/../lib/gcc/x86_64-w64-mingw32/11.2.0/../../../../x86_64-w64-mingw32/lib/../lib/libmsvcrt.a(lib64_libmsvcrt_extra_a-__p__commode.o)
 .pdata         0x0000000140008318        0xc E:/Michael/ITI/CppES/msys64/mingw64/bin/../lib/gcc/x86_64-w64-mingw32/11.2.0/../../../../x86_64-w64-mingw32/lib/../lib/libmsvcrt.a(lib64_libmsvcrt_extra_a-__p__acmdln.o)
 .pdata         0x0000000140008324       0x18 E:/Michael/ITI/CppES/msys64/mingw64/bin/../lib/gcc/x86_64-w64-mingw32/11.2.0/../../../../x86_64-w64-mingw32/lib/../lib/libmsvcrt.a(lib64_libmsvcrt_extra_a-invalid_parameter_handler.o)
 .pdata         0x000000014000833c        0xc E:/Michael/ITI/CppES/msys64/mingw64/bin/../lib/gcc/x86_64-w64-mingw32/11.2.0/../../../../x86_64-w64-mingw32/lib/../lib/libmsvcrt.a(lib64_libmsvcrt_common_a-acrt_iob_func.o)
 .pdata.startup
                0x0000000140008348        0xc E:/Michael/ITI/CppES/msys64/mingw64/bin/../lib/gcc/x86_64-w64-mingw32/11.2.0/crtend.o

.xdata          0x0000000140009000      0x600
 *(.xdata*)
 .xdata         0x0000000140009000       0x70 E:/Michael/ITI/CppES/msys64/mingw64/bin/../lib/gcc/x86_64-w64-mingw32/11.2.0/../../../../x86_64-w64-mingw32/lib/../lib/crt2.o
 .xdata         0x0000000140009070        0x8 E:/Michael/ITI/CppES/msys64/mingw64/bin/../lib/gcc/x86_64-w64-mingw32/11.2.0/crtbegin.o
 .xdata         0x0000000140009078       0x30 C:\Users\ALLEWA~1\AppData\Local\Temp\ccbqShx2.o
 .xdata$_ZNSt11char_traitsIcE6lengthEPKc
                0x00000001400090a8        0xc C:\Users\ALLEWA~1\AppData\Local\Temp\cctgWBkz.o
 .xdata$_ZN15register_DriverIhEC1Eh10permission
                0x00000001400090b4        0x8 C:\Users\ALLEWA~1\AppData\Local\Temp\cctgWBkz.o
 .xdata$_ZN15register_DriverIhE16setRegisterValueEh
                0x00000001400090bc        0xc C:\Users\ALLEWA~1\AppData\Local\Temp\cctgWBkz.o
 .xdata$_ZN15register_DriverIhE16getRegisterValueERh
                0x00000001400090c8        0xc C:\Users\ALLEWA~1\AppData\Local\Temp\cctgWBkz.o
 .xdata$_ZN15register_DriverIhE6setBitEh
                0x00000001400090d4        0xc C:\Users\ALLEWA~1\AppData\Local\Temp\cctgWBkz.o
 .xdata$_ZN15register_DriverIhE8clearBitEh
                0x00000001400090e0        0xc C:\Users\ALLEWA~1\AppData\Local\Temp\cctgWBkz.o
 .xdata$_ZN15register_DriverIhE6getBitEhRh
                0x00000001400090ec        0xc C:\Users\ALLEWA~1\AppData\Local\Temp\cctgWBkz.o
 .xdata$_ZN15register_DriverIhE13setPermissionE10permissionbh
                0x00000001400090f8        0xc C:\Users\ALLEWA~1\AppData\Local\Temp\cctgWBkz.o
 .xdata$_ZN15register_DriverIhE13set_Bit_UnionER8reg_bitsIhEhh
                0x0000000140009104        0x8 C:\Users\ALLEWA~1\AppData\Local\Temp\cctgWBkz.o
 .xdata$_ZN15register_DriverIhE13get_Bit_UnionE8reg_bitsIhEhRh
                0x000000014000910c        0x8 C:\Users\ALLEWA~1\AppData\Local\Temp\cctgWBkz.o
 .xdata$_ZN15register_DriverIhED1Ev
                0x0000000140009114        0x8 C:\Users\ALLEWA~1\AppData\Local\Temp\cctgWBkz.o
 .xdata         0x000000014000911c       0x30 C:\Users\ALLEWA~1\AppData\Local\Temp\cctgWBkz.o
 .xdata$_ZN9__gnu_cxx11char_traitsIcE2eqERKcS3_
                0x000000014000914c        0x8 C:\Users\ALLEWA~1\AppData\Local\Temp\cctgWBkz.o
 .xdata$_ZN9__gnu_cxx11char_traitsIcE6lengthEPKc
                0x0000000140009154        0xc C:\Users\ALLEWA~1\AppData\Local\Temp\cctgWBkz.o
 .xdata$_Z4testIhEb10permissionh
                0x0000000140009160      0x268 C:\Users\ALLEWA~1\AppData\Local\Temp\cctgWBkz.o
 .xdata$_ZSt4moveIRNSt7__cxx1112basic_stringIcSt11char_traitsIcESaIcEEEEONSt16remove_referenceIT_E4typeEOS8_
                0x00000001400093c8        0x8 C:\Users\ALLEWA~1\AppData\Local\Temp\cctgWBkz.o
 .xdata$_ZStplIcSt11char_traitsIcESaIcEENSt7__cxx1112basic_stringIT_T0_T1_EEOS8_PKS5_
                0x00000001400093d0        0xc C:\Users\ALLEWA~1\AppData\Local\Temp\cctgWBkz.o
 .xdata$_ZStplIcSt11char_traitsIcESaIcEENSt7__cxx1112basic_stringIT_T0_T1_EEPKS5_RKS8_
                0x00000001400093dc       0x28 C:\Users\ALLEWA~1\AppData\Local\Temp\cctgWBkz.o
 .xdata$_ZN9__gnu_cxx14__alloc_traitsISaIcEcE17_S_select_on_copyERKS1_
                0x0000000140009404        0xc C:\Users\ALLEWA~1\AppData\Local\Temp\cctgWBkz.o
 .xdata$_ZNSt16allocator_traitsISaIcEE37select_on_container_copy_constructionERKS0_
                0x0000000140009410        0xc C:\Users\ALLEWA~1\AppData\Local\Temp\cctgWBkz.o
 .xdata         0x000000014000941c       0x18 E:/Michael/ITI/CppES/msys64/mingw64/bin/../lib/gcc/x86_64-w64-mingw32/11.2.0/../../../../x86_64-w64-mingw32/lib/../lib/libmingw32.a(lib64_libmingw32_a-gccmain.o)
 .xdata         0x0000000140009434        0x4 E:/Michael/ITI/CppES/msys64/mingw64/bin/../lib/gcc/x86_64-w64-mingw32/11.2.0/../../../../x86_64-w64-mingw32/lib/../lib/libmingw32.a(lib64_libmingw32_a-dllargv.o)
 .xdata         0x0000000140009438       0x18 E:/Michael/ITI/CppES/msys64/mingw64/bin/../lib/gcc/x86_64-w64-mingw32/11.2.0/../../../../x86_64-w64-mingw32/lib/../lib/libmingw32.a(lib64_libmingw32_a-tlssup.o)
 .xdata         0x0000000140009450       0x18 E:/Michael/ITI/CppES/msys64/mingw64/bin/../lib/gcc/x86_64-w64-mingw32/11.2.0/../../../../x86_64-w64-mingw32/lib/../lib/libmingw32.a(lib64_libmingw32_a-merr.o)
 .xdata         0x0000000140009468        0x4 E:/Michael/ITI/CppES/msys64/mingw64/bin/../lib/gcc/x86_64-w64-mingw32/11.2.0/../../../../x86_64-w64-mingw32/lib/../lib/libmingw32.a(lib64_libmingw32_a-CRT_fp10.o)
 .xdata         0x000000014000946c       0x30 E:/Michael/ITI/CppES/msys64/mingw64/bin/../lib/gcc/x86_64-w64-mingw32/11.2.0/../../../../x86_64-w64-mingw32/lib/../lib/libmingw32.a(lib64_libmingw32_a-pseudo-reloc.o)
 .xdata         0x000000014000949c        0xc E:/Michael/ITI/CppES/msys64/mingw64/bin/../lib/gcc/x86_64-w64-mingw32/11.2.0/../../../../x86_64-w64-mingw32/lib/../lib/libmingw32.a(lib64_libmingw32_a-usermatherr.o)
 .xdata         0x00000001400094a8        0x8 E:/Michael/ITI/CppES/msys64/mingw64/bin/../lib/gcc/x86_64-w64-mingw32/11.2.0/../../../../x86_64-w64-mingw32/lib/../lib/libmingw32.a(lib64_libmingw32_a-crt_handler.o)
 .xdata         0x00000001400094b0       0x34 E:/Michael/ITI/CppES/msys64/mingw64/bin/../lib/gcc/x86_64-w64-mingw32/11.2.0/../../../../x86_64-w64-mingw32/lib/../lib/libmingw32.a(lib64_libmingw32_a-tlsthrd.o)
 .xdata         0x00000001400094e4       0x2c E:/Michael/ITI/CppES/msys64/mingw64/bin/../lib/gcc/x86_64-w64-mingw32/11.2.0/../../../../x86_64-w64-mingw32/lib/../lib/libmingw32.a(lib64_libmingw32_a-pesect.o)
 .xdata         0x0000000140009510        0x4 E:/Michael/ITI/CppES/msys64/mingw64/bin/../lib/gcc/x86_64-w64-mingw32/11.2.0/../../../../x86_64-w64-mingw32/lib/../lib/libmsvcrt.a(lib64_libmsvcrt_extra_a-__p__fmode.o)
 .xdata         0x0000000140009514        0x4 E:/Michael/ITI/CppES/msys64/mingw64/bin/../lib/gcc/x86_64-w64-mingw32/11.2.0/../../../../x86_64-w64-mingw32/lib/../lib/libmsvcrt.a(lib64_libmsvcrt_extra_a-__p__commode.o)
 .xdata         0x0000000140009518        0x4 E:/Michael/ITI/CppES/msys64/mingw64/bin/../lib/gcc/x86_64-w64-mingw32/11.2.0/../../../../x86_64-w64-mingw32/lib/../lib/libmsvcrt.a(lib64_libmsvcrt_extra_a-__p__acmdln.o)
 .xdata         0x000000014000951c        0x8 E:/Michael/ITI/CppES/msys64/mingw64/bin/../lib/gcc/x86_64-w64-mingw32/11.2.0/../../../../x86_64-w64-mingw32/lib/../lib/libmsvcrt.a(lib64_libmsvcrt_extra_a-invalid_parameter_handler.o)
 .xdata         0x0000000140009524        0x8 E:/Michael/ITI/CppES/msys64/mingw64/bin/../lib/gcc/x86_64-w64-mingw32/11.2.0/../../../../x86_64-w64-mingw32/lib/../lib/libmsvcrt.a(lib64_libmsvcrt_common_a-acrt_iob_func.o)
 .xdata.startup
                0x000000014000952c        0x4 E:/Michael/ITI/CppES/msys64/mingw64/bin/../lib/gcc/x86_64-w64-mingw32/11.2.0/crtend.o

.bss            0x000000014000a000      0x1a0
                0x000000014000a000                __bss_start__ = .
 *(.bss)
 .bss           0x000000014000a000       0x40 E:/Michael/ITI/CppES/msys64/mingw64/bin/../lib/gcc/x86_64-w64-mingw32/11.2.0/../../../../x86_64-w64-mingw32/lib/../lib/crt2.o
                0x000000014000a000                __mingw_module_is_dll
                0x000000014000a008                __mingw_winmain_lpCmdLine
                0x000000014000a010                __mingw_winmain_hInstance
 .bss           0x000000014000a040        0x0 E:/Michael/ITI/CppES/msys64/mingw64/bin/../lib/gcc/x86_64-w64-mingw32/11.2.0/crtbegin.o
 .bss           0x000000014000a040       0x10 C:\Users\ALLEWA~1\AppData\Local\Temp\ccbqShx2.o
 .bss           0x000000014000a050       0x10 C:\Users\ALLEWA~1\AppData\Local\Temp\cctgWBkz.o
 .bss           0x000000014000a060       0x10 E:/Michael/ITI/CppES/msys64/mingw64/bin/../lib/gcc/x86_64-w64-mingw32/11.2.0/../../../../x86_64-w64-mingw32/lib/../lib/libmingw32.a(lib64_libmingw32_a-gccmain.o)
 .bss           0x000000014000a070       0x10 E:/Michael/ITI/CppES/msys64/mingw64/bin/../lib/gcc/x86_64-w64-mingw32/11.2.0/../../../../x86_64-w64-mingw32/lib/../lib/libmingw32.a(lib64_libmingw32_a-natstart.o)
                0x000000014000a070                __native_startup_lock
                0x000000014000a078                __native_startup_state
 .bss           0x000000014000a080        0x0 E:/Michael/ITI/CppES/msys64/mingw64/bin/../lib/gcc/x86_64-w64-mingw32/11.2.0/../../../../x86_64-w64-mingw32/lib/../lib/libmingw32.a(lib64_libmingw32_a-wildcard.o)
 .bss           0x000000014000a080        0x0 E:/Michael/ITI/CppES/msys64/mingw64/bin/../lib/gcc/x86_64-w64-mingw32/11.2.0/../../../../x86_64-w64-mingw32/lib/../lib/libmingw32.a(lib64_libmingw32_a-dllargv.o)
 .bss           0x000000014000a080       0x10 E:/Michael/ITI/CppES/msys64/mingw64/bin/../lib/gcc/x86_64-w64-mingw32/11.2.0/../../../../x86_64-w64-mingw32/lib/../lib/libmingw32.a(lib64_libmingw32_a-_newmode.o)
                0x000000014000a080                _newmode
 .bss           0x000000014000a090       0x10 E:/Michael/ITI/CppES/msys64/mingw64/bin/../lib/gcc/x86_64-w64-mingw32/11.2.0/../../../../x86_64-w64-mingw32/lib/../lib/libmingw32.a(lib64_libmingw32_a-tlssup.o)
                0x000000014000a090                __mingw_initltssuo_force
                0x000000014000a094                __mingw_initltsdyn_force
                0x000000014000a098                __mingw_initltsdrot_force
                0x000000014000a09c                _tls_index
 .bss           0x000000014000a0a0       0x10 E:/Michael/ITI/CppES/msys64/mingw64/bin/../lib/gcc/x86_64-w64-mingw32/11.2.0/../../../../x86_64-w64-mingw32/lib/../lib/libmingw32.a(lib64_libmingw32_a-xncommod.o)
                0x000000014000a0a0                _commode
 .bss           0x000000014000a0b0        0x0 E:/Michael/ITI/CppES/msys64/mingw64/bin/../lib/gcc/x86_64-w64-mingw32/11.2.0/../../../../x86_64-w64-mingw32/lib/../lib/libmingw32.a(lib64_libmingw32_a-cinitexe.o)
 .bss           0x000000014000a0b0        0x0 E:/Michael/ITI/CppES/msys64/mingw64/bin/../lib/gcc/x86_64-w64-mingw32/11.2.0/../../../../x86_64-w64-mingw32/lib/../lib/libmingw32.a(lib64_libmingw32_a-merr.o)
 .bss           0x000000014000a0b0        0x0 E:/Michael/ITI/CppES/msys64/mingw64/bin/../lib/gcc/x86_64-w64-mingw32/11.2.0/../../../../x86_64-w64-mingw32/lib/../lib/libmingw32.a(lib64_libmingw32_a-CRT_fp10.o)
 .bss           0x000000014000a0b0       0x10 E:/Michael/ITI/CppES/msys64/mingw64/bin/../lib/gcc/x86_64-w64-mingw32/11.2.0/../../../../x86_64-w64-mingw32/lib/../lib/libmingw32.a(lib64_libmingw32_a-mingw_helpers.o)
                0x000000014000a0b0                __mingw_app_type
 .bss           0x000000014000a0c0       0x10 E:/Michael/ITI/CppES/msys64/mingw64/bin/../lib/gcc/x86_64-w64-mingw32/11.2.0/../../../../x86_64-w64-mingw32/lib/../lib/libmingw32.a(lib64_libmingw32_a-pseudo-reloc.o)
 .bss           0x000000014000a0d0       0x10 E:/Michael/ITI/CppES/msys64/mingw64/bin/../lib/gcc/x86_64-w64-mingw32/11.2.0/../../../../x86_64-w64-mingw32/lib/../lib/libmingw32.a(lib64_libmingw32_a-usermatherr.o)
 .bss           0x000000014000a0e0       0x10 E:/Michael/ITI/CppES/msys64/mingw64/bin/../lib/gcc/x86_64-w64-mingw32/11.2.0/../../../../x86_64-w64-mingw32/lib/../lib/libmingw32.a(lib64_libmingw32_a-xtxtmode.o)
                0x000000014000a0e0                _fmode
 .bss           0x000000014000a0f0       0x10 E:/Michael/ITI/CppES/msys64/mingw64/bin/../lib/gcc/x86_64-w64-mingw32/11.2.0/../../../../x86_64-w64-mingw32/lib/../lib/libmingw32.a(lib64_libmingw32_a-crt_handler.o)
                0x000000014000a0f0                __mingw_oldexcpt_handler
 .bss           0x000000014000a100       0x60 E:/Michael/ITI/CppES/msys64/mingw64/bin/../lib/gcc/x86_64-w64-mingw32/11.2.0/../../../../x86_64-w64-mingw32/lib/../lib/libmingw32.a(lib64_libmingw32_a-tlsthrd.o)
 .bss           0x000000014000a160        0x0 E:/Michael/ITI/CppES/msys64/mingw64/bin/../lib/gcc/x86_64-w64-mingw32/11.2.0/../../../../x86_64-w64-mingw32/lib/../lib/libmingw32.a(lib64_libmingw32_a-tlsmcrt.o)
 .bss           0x000000014000a160       0x10 E:/Michael/ITI/CppES/msys64/mingw64/bin/../lib/gcc/x86_64-w64-mingw32/11.2.0/../../../../x86_64-w64-mingw32/lib/../lib/libmingw32.a(lib64_libmingw32_a-pseudo-reloc-list.o)
 .bss           0x000000014000a170        0x0 E:/Michael/ITI/CppES/msys64/mingw64/bin/../lib/gcc/x86_64-w64-mingw32/11.2.0/../../../../x86_64-w64-mingw32/lib/../lib/libmingw32.a(lib64_libmingw32_a-pesect.o)
 .bss           0x000000014000a170        0x0 E:/Michael/ITI/CppES/msys64/mingw64/bin/../lib/gcc/x86_64-w64-mingw32/11.2.0/libgcc.a(_chkstk_ms.o)
 .bss           0x000000014000a170       0x20 E:/Michael/ITI/CppES/msys64/mingw64/bin/../lib/gcc/x86_64-w64-mingw32/11.2.0/libgcc.a(_ctors.o)
 .bss           0x000000014000a190        0x0 E:/Michael/ITI/CppES/msys64/mingw64/bin/../lib/gcc/x86_64-w64-mingw32/11.2.0/../../../../x86_64-w64-mingw32/lib/../lib/libmingwex.a(lib64_libmingwex_a-mingw_matherr.o)
 .bss           0x000000014000a190        0x0 E:/Michael/ITI/CppES/msys64/mingw64/bin/../lib/gcc/x86_64-w64-mingw32/11.2.0/../../../../x86_64-w64-mingw32/lib/../lib/libmsvcrt.a(lib64_libmsvcrt_extra_a-__p__fmode.o)
 .bss           0x000000014000a190        0x0 E:/Michael/ITI/CppES/msys64/mingw64/bin/../lib/gcc/x86_64-w64-mingw32/11.2.0/../../../../x86_64-w64-mingw32/lib/../lib/libmsvcrt.a(lib64_libmsvcrt_extra_a-__p__commode.o)
 .bss           0x000000014000a190        0x0 E:/Michael/ITI/CppES/msys64/mingw64/bin/../lib/gcc/x86_64-w64-mingw32/11.2.0/../../../../x86_64-w64-mingw32/lib/../lib/libmsvcrt.a(lib64_libmsvcrt_extra_a-__p__acmdln.o)
 .bss           0x000000014000a190       0x10 E:/Michael/ITI/CppES/msys64/mingw64/bin/../lib/gcc/x86_64-w64-mingw32/11.2.0/../../../../x86_64-w64-mingw32/lib/../lib/libmsvcrt.a(lib64_libmsvcrt_extra_a-invalid_parameter_handler.o)
 .bss           0x000000014000a1a0        0x0 E:/Michael/ITI/CppES/msys64/mingw64/bin/../lib/gcc/x86_64-w64-mingw32/11.2.0/../../../../x86_64-w64-mingw32/lib/../lib/libmsvcrt.a(lib64_libmsvcrt_common_a-acrt_iob_func.o)
 .bss           0x000000014000a1a0        0x0 E:/Michael/ITI/CppES/msys64/mingw64/bin/../lib/gcc/x86_64-w64-mingw32/11.2.0/../../../../x86_64-w64-mingw32/lib/../lib/libmsvcrt.a(libmsvcrt_defs00055.o)
 .bss           0x000000014000a1a0        0x0 E:/Michael/ITI/CppES/msys64/mingw64/bin/../lib/gcc/x86_64-w64-mingw32/11.2.0/../../../../x86_64-w64-mingw32/lib/../lib/libmsvcrt.a(libmsvcrt_defs00081.o)
 .bss           0x000000014000a1a0        0x0 E:/Michael/ITI/CppES/msys64/mingw64/bin/../lib/gcc/x86_64-w64-mingw32/11.2.0/../../../../x86_64-w64-mingw32/lib/../lib/libmsvcrt.a(libmsvcrt_defs00082.o)
 .bss           0x000000014000a1a0        0x0 E:/Michael/ITI/CppES/msys64/mingw64/bin/../lib/gcc/x86_64-w64-mingw32/11.2.0/../../../../x86_64-w64-mingw32/lib/../lib/libmsvcrt.a(libmsvcrt_defs00083.o)
 .bss           0x000000014000a1a0        0x0 E:/Michael/ITI/CppES/msys64/mingw64/bin/../lib/gcc/x86_64-w64-mingw32/11.2.0/../../../../x86_64-w64-mingw32/lib/../lib/libmsvcrt.a(libmsvcrt_defs00097.o)
 .bss           0x000000014000a1a0        0x0 E:/Michael/ITI/CppES/msys64/mingw64/bin/../lib/gcc/x86_64-w64-mingw32/11.2.0/../../../../x86_64-w64-mingw32/lib/../lib/libmsvcrt.a(libmsvcrt_defs00099.o)
 .bss           0x000000014000a1a0        0x0 E:/Michael/ITI/CppES/msys64/mingw64/bin/../lib/gcc/x86_64-w64-mingw32/11.2.0/../../../../x86_64-w64-mingw32/lib/../lib/libmsvcrt.a(libmsvcrt_defs00116.o)